Compiling the C compiler identification source file "CMakeCCompilerId.c" failed.
Compiler: C:/Users/hsilv/.platformio/packages/toolchain-gccarmnoneeabi/bin/arm-none-eabi-gcc.exe 
Build flags: 
Id flags:  

The output was:
1
c:/users/hsilv/.platformio/packages/toolchain-gccarmnoneeabi/bin/../lib/gcc/arm-none-eabi/8.2.1/../../../../arm-none-eabi/bin/ld.exe: c:/users/hsilv/.platformio/packages/toolchain-gccarmnoneeabi/bin/../lib/gcc/arm-none-eabi/8.2.1/../../../../arm-none-eabi/lib\libc.a(lib_a-exit.o): in function `exit':
exit.c:(.text.exit+0x2c): undefined reference to `_exit'
collect2.exe: error: ld returned 1 exit status


Compiling the CXX compiler identification source file "CMakeCXXCompilerId.cpp" failed.
Compiler: C:/Users/hsilv/.platformio/packages/toolchain-gccarmnoneeabi/bin/arm-none-eabi-gcc.exe 
Build flags: 
Id flags:  

The output was:
1
c:/users/hsilv/.platformio/packages/toolchain-gccarmnoneeabi/bin/../lib/gcc/arm-none-eabi/8.2.1/../../../../arm-none-eabi/bin/ld.exe: c:/users/hsilv/.platformio/packages/toolchain-gccarmnoneeabi/bin/../lib/gcc/arm-none-eabi/8.2.1/../../../../arm-none-eabi/lib\libc.a(lib_a-exit.o): in function `exit':
exit.c:(.text.exit+0x2c): undefined reference to `_exit'
collect2.exe: error: ld returned 1 exit status


Determining if the include file xtensa/config/core-isa.h exists failed with the following output:
Change Dir: C:/Users/hsilv/OneDrive/Documentos/PlatformIO/Projects/uart/.pio/build/frdm_kl25z/CMakeFiles/CMakeTmp

Run Build Command(s):C:/Users/hsilv/.platformio/packages/tool-ninja/ninja.exe cmTC_cebe7 && [1/2] Building C object CMakeFiles/cmTC_cebe7.dir/CheckIncludeFile.c.obj
FAILED: CMakeFiles/cmTC_cebe7.dir/CheckIncludeFile.c.obj 
C:\Users\hsilv\.platformio\packages\toolchain-gccarmnoneeabi\bin\arm-none-eabi-gcc.exe   -nostartfiles -nostdlib -isystem "c:/users/hsilv/.platformio/packages/toolchain-gccarmnoneeabi/bin/../lib/gcc/arm-none-eabi/8.2.1/include" -isystem "c:/users/hsilv/.platformio/packages/toolchain-gccarmnoneeabi/bin/../lib/gcc/arm-none-eabi/8.2.1/include-fixed" -Wl,--unresolved-symbols=ignore-in-object-files -Wl,--entry=0 -fuse-ld=bfd -o CMakeFiles/cmTC_cebe7.dir/CheckIncludeFile.c.obj -c C:/Users/hsilv/OneDrive/Documentos/PlatformIO/Projects/uart/.pio/build/frdm_kl25z/CMakeFiles/CMakeTmp/CheckIncludeFile.c
C:/Users/hsilv/OneDrive/Documentos/PlatformIO/Projects/uart/.pio/build/frdm_kl25z/CMakeFiles/CMakeTmp/CheckIncludeFile.c:1:10: fatal error: xtensa/config/core-isa.h: No such file or directory
 #include <xtensa/config/core-isa.h>
          ^~~~~~~~~~~~~~~~~~~~~~~~~~
compilation terminated.
ninja: build stopped: subcommand failed.



