Archive member included to satisfy reference by file (symbol)

C:\Users\hsilv\OneDrive\Documentos\PlatformIO\Projects\uart\.pio\build\frdm_kl25z\zephyr/libzephyr.a(heap.c.o)
                              (--whole-archive)
C:\Users\hsilv\OneDrive\Documentos\PlatformIO\Projects\uart\.pio\build\frdm_kl25z\zephyr/libzephyr.a(cbprintf_packaged.c.o)
                              (--whole-archive)
C:\Users\hsilv\OneDrive\Documentos\PlatformIO\Projects\uart\.pio\build\frdm_kl25z\zephyr/libzephyr.a(clock.c.o)
                              (--whole-archive)
C:\Users\hsilv\OneDrive\Documentos\PlatformIO\Projects\uart\.pio\build\frdm_kl25z\zephyr/libzephyr.a(printk.c.o)
                              (--whole-archive)
C:\Users\hsilv\OneDrive\Documentos\PlatformIO\Projects\uart\.pio\build\frdm_kl25z\zephyr/libzephyr.a(sem.c.o)
                              (--whole-archive)
C:\Users\hsilv\OneDrive\Documentos\PlatformIO\Projects\uart\.pio\build\frdm_kl25z\zephyr/libzephyr.a(thread_entry.c.o)
                              (--whole-archive)
C:\Users\hsilv\OneDrive\Documentos\PlatformIO\Projects\uart\.pio\build\frdm_kl25z\zephyr/libzephyr.a(cbprintf_complete.c.o)
                              (--whole-archive)
C:\Users\hsilv\OneDrive\Documentos\PlatformIO\Projects\uart\.pio\build\frdm_kl25z\zephyr/libzephyr.a(assert.c.o)
                              (--whole-archive)
C:\Users\hsilv\OneDrive\Documentos\PlatformIO\Projects\uart\.pio\build\frdm_kl25z\zephyr/libzephyr.a(dec.c.o)
                              (--whole-archive)
C:\Users\hsilv\OneDrive\Documentos\PlatformIO\Projects\uart\.pio\build\frdm_kl25z\zephyr/libzephyr.a(hex.c.o)
                              (--whole-archive)
C:\Users\hsilv\OneDrive\Documentos\PlatformIO\Projects\uart\.pio\build\frdm_kl25z\zephyr/libzephyr.a(rb.c.o)
                              (--whole-archive)
C:\Users\hsilv\OneDrive\Documentos\PlatformIO\Projects\uart\.pio\build\frdm_kl25z\zephyr/libzephyr.a(timeutil.c.o)
                              (--whole-archive)
C:\Users\hsilv\OneDrive\Documentos\PlatformIO\Projects\uart\.pio\build\frdm_kl25z\zephyr/libzephyr.a(bitarray.c.o)
                              (--whole-archive)
C:\Users\hsilv\OneDrive\Documentos\PlatformIO\Projects\uart\.pio\build\frdm_kl25z\zephyr/libzephyr.a(ring_buffer.c.o)
                              (--whole-archive)
C:\Users\hsilv\OneDrive\Documentos\PlatformIO\Projects\uart\.pio\build\frdm_kl25z\zephyr/libzephyr.a(last_section_id.c.o)
                              (--whole-archive)
C:\Users\hsilv\OneDrive\Documentos\PlatformIO\Projects\uart\.pio\build\frdm_kl25z\zephyr/libzephyr.a(configs.c.o)
                              (--whole-archive)
C:\Users\hsilv\OneDrive\Documentos\PlatformIO\Projects\uart\.pio\build\frdm_kl25z\zephyr/libzephyr.a(flash_configuration.c.o)
                              (--whole-archive)
C:\Users\hsilv\OneDrive\Documentos\PlatformIO\Projects\uart\.pio\build\frdm_kl25z\zephyr/libzephyr.a(soc.c.o)
                              (--whole-archive)
C:\Users\hsilv\OneDrive\Documentos\PlatformIO\Projects\uart\.pio\build\frdm_kl25z\zephyr/libzephyr.a(log_core.c.o)
                              (--whole-archive)
C:\Users\hsilv\OneDrive\Documentos\PlatformIO\Projects\uart\.pio\build\frdm_kl25z\zephyr/libzephyr.a(log_mgmt.c.o)
                              (--whole-archive)
C:\Users\hsilv\OneDrive\Documentos\PlatformIO\Projects\uart\.pio\build\frdm_kl25z\zephyr/libzephyr.a(log_cache.c.o)
                              (--whole-archive)
C:\Users\hsilv\OneDrive\Documentos\PlatformIO\Projects\uart\.pio\build\frdm_kl25z\zephyr/libzephyr.a(log_msg.c.o)
                              (--whole-archive)
C:\Users\hsilv\OneDrive\Documentos\PlatformIO\Projects\uart\.pio\build\frdm_kl25z\zephyr/libzephyr.a(log_output.c.o)
                              (--whole-archive)
C:\Users\hsilv\OneDrive\Documentos\PlatformIO\Projects\uart\.pio\build\frdm_kl25z\zephyr/libzephyr.a(log_backend_uart.c.o)
                              (--whole-archive)
C:\Users\hsilv\OneDrive\Documentos\PlatformIO\Projects\uart\.pio\build\frdm_kl25z\zephyr/libzephyr.a(tracing_none.c.o)
                              (--whole-archive)
C:\Users\hsilv\OneDrive\Documentos\PlatformIO\Projects\uart\.pio\build\frdm_kl25z\zephyr/arch/common/libarch__common.a(sw_isr_common.c.o)
                              (--whole-archive)
C:\Users\hsilv\OneDrive\Documentos\PlatformIO\Projects\uart\.pio\build\frdm_kl25z\zephyr/arch/arch/arm/core/libarch__arm__core.a(fatal.c.o)
                              (--whole-archive)
C:\Users\hsilv\OneDrive\Documentos\PlatformIO\Projects\uart\.pio\build\frdm_kl25z\zephyr/arch/arch/arm/core/libarch__arm__core.a(nmi.c.o)
                              (--whole-archive)
C:\Users\hsilv\OneDrive\Documentos\PlatformIO\Projects\uart\.pio\build\frdm_kl25z\zephyr/arch/arch/arm/core/libarch__arm__core.a(nmi_on_reset.S.o)
                              (--whole-archive)
[...]
Memory Configuration

Name             Origin             Length             Attributes
FLASH            0x0000000000000000 0x0000000000020000 xr
RAM              0x000000001ffff000 0x0000000000004000 xw
IDT_LIST         0x00000000ffff7fff 0x0000000000008000 xw
*default*        0x0000000000000000 0xffffffffffffffff

Linker script and memory map

LOAD .pio\build\frdm_kl25z\zephyr_pre0\zephyr\misc\empty_file.c.o
LOAD .pio\build\frdm_kl25z\src\main.o
LOAD .pio\build\frdm_kl25z\zephyr_final\zephyr\misc\empty_file.c.o
LOAD .pio\build\frdm_kl25z\zephyr_final\zephyr\isr_tables.c.o
LOAD C:\Users\hsilv\OneDrive\Documentos\PlatformIO\Projects\uart\.pio\build\frdm_kl25z\zephyr/libzephyr.a
LOAD C:\Users\hsilv\OneDrive\Documentos\PlatformIO\Projects\uart\.pio\build\frdm_kl25z\zephyr/arch/common/libarch__common.a
LOAD C:\Users\hsilv\OneDrive\Documentos\PlatformIO\Projects\uart\.pio\build\frdm_kl25z\zephyr/arch/arch/arm/core/libarch__arm__core.a
LOAD C:\Users\hsilv\OneDrive\Documentos\PlatformIO\Projects\uart\.pio\build\frdm_kl25z\zephyr/arch/arch/arm/core/cortex_m/libarch__arm__core__cortex_m.a
LOAD C:\Users\hsilv\OneDrive\Documentos\PlatformIO\Projects\uart\.pio\build\frdm_kl25z\zephyr/lib/libc/picolibc/liblib__libc__picolibc.a
LOAD C:\Users\hsilv\OneDrive\Documentos\PlatformIO\Projects\uart\.pio\build\frdm_kl25z\zephyr/lib/libc/common/liblib__libc__common.a
LOAD C:\Users\hsilv\OneDrive\Documentos\PlatformIO\Projects\uart\.pio\build\frdm_kl25z\zephyr/drivers/clock_control/libdrivers__clock_control.a
LOAD C:\Users\hsilv\OneDrive\Documentos\PlatformIO\Projects\uart\.pio\build\frdm_kl25z\zephyr/drivers/console/libdrivers__console.a
LOAD C:\Users\hsilv\OneDrive\Documentos\PlatformIO\Projects\uart\.pio\build\frdm_kl25z\zephyr/drivers/gpio/libdrivers__gpio.a
LOAD C:\Users\hsilv\OneDrive\Documentos\PlatformIO\Projects\uart\.pio\build\frdm_kl25z\zephyr/drivers/pinctrl/libdrivers__pinctrl.a
LOAD C:\Users\hsilv\OneDrive\Documentos\PlatformIO\Projects\uart\.pio\build\frdm_kl25z\zephyr/drivers/serial/libdrivers__serial.a
LOAD C:\Users\hsilv\OneDrive\Documentos\PlatformIO\Projects\uart\.pio\build\frdm_kl25z\zephyr/drivers/timer/libdrivers__timer.a
LOAD C:\Users\hsilv\OneDrive\Documentos\PlatformIO\Projects\uart\.pio\build\frdm_kl25z\modules/_bare_module/lib_pio___bare_module.a
LOAD C:\Users\hsilv\OneDrive\Documentos\PlatformIO\Projects\uart\.pio\build\frdm_kl25z\modules/hal_nxp/libmodules__hal_nxp.a
LOAD C:\Users\hsilv\OneDrive\Documentos\PlatformIO\Projects\uart\.pio\build\frdm_kl25z\zephyr\liboffsets.a
LOAD C:\Users\hsilv\OneDrive\Documentos\PlatformIO\Projects\uart\.pio\build\frdm_kl25z\zephyr/kernel/libkernel.a
LOAD C:\Users\hsilv\OneDrive\Documentos\PlatformIO\Projects\uart\.pio\build\frdm_kl25z\zephyr/arch/common/libisr_tables.a
LOAD C:\Users\hsilv\OneDrive\Documentos\PlatformIO\Projects\uart\.pio\build\frdm_kl25z\modules\picolibc\libc.a
LOAD c:/users/hsilv/.platformio/packages/toolchain-gccarmnoneeabi/bin/../lib/gcc/arm-none-eabi/8.2.1/thumb/v6-m/nofp\libgcc.a
                0x0000000000000004                _region_min_align = 0x4

.rel.plt        0x0000000000000000        0x0
 *(SORT_BY_ALIGNMENT(.rel.plt))
                [!provide]                        PROVIDE (__rel_iplt_start = .)
 *(SORT_BY_ALIGNMENT(.rel.iplt))
 .rel.iplt      0x0000000000000000        0x0 .pio\build\frdm_kl25z\src\main.o
                [!provide]                        PROVIDE (__rel_iplt_end = .)

.rela.plt       0x0000000000000000        0x0
 *(SORT_BY_ALIGNMENT(.rela.plt))
                [!provide]                        PROVIDE (__rela_iplt_start = .)
 *(SORT_BY_ALIGNMENT(.rela.iplt))
                [!provide]                        PROVIDE (__rela_iplt_end = .)

.rel.dyn
 *(SORT_BY_ALIGNMENT(.rel.*))

.rela.dyn
 *(SORT_BY_ALIGNMENT(.rela.*))

/DISCARD/
 *(SORT_BY_ALIGNMENT(.plt))
 *(SORT_BY_ALIGNMENT(.iplt))
 *(SORT_BY_ALIGNMENT(.eh_frame))
 *(SORT_BY_ALIGNMENT(.got.plt))
 *(SORT_BY_ALIGNMENT(.igot.plt))
 *(SORT_BY_ALIGNMENT(.got))
 *(SORT_BY_ALIGNMENT(.igot))
 *(SORT_BY_ALIGNMENT(.irq_info*))
 *(SORT_BY_ALIGNMENT(.intList*))
 *(SORT_BY_ALIGNMENT(.note.GNU-stack))
                0x0000000000000000                __rom_region_start = 0x0

rom_start       0x0000000000000000      0x410
                0x0000000000000000                __rom_start_address = .
 FILL mask 0x00
                0x0000000000000000                . = (. + (0x0 - (. - __rom_start_address)))
                0x0000000000000000                . = ALIGN (0x4)
                0x0000000000000000                . = ALIGN (0x100)
                0x0000000000000000                . = ALIGN (0x100)
                0x0000000000000000                _vector_start = .
 *(SORT_BY_ALIGNMENT(.exc_vector_table))
 *(SORT_BY_ALIGNMENT(.exc_vector_table.*))
 .exc_vector_table._vector_table_section
                0x0000000000000000       0x40 C:\Users\hsilv\OneDrive\Documentos\PlatformIO\Projects\uart\.pio\build\frdm_kl25z\zephyr/arch/arch/arm/core/cortex_m/libarch__arm__core__cortex_m.a(vector_table.S.o)
                0x0000000000000000                _vector_table
 *(SORT_BY_ALIGNMENT(.vectors))
                0x0000000000000040                _vector_end = .
                0x0000000000000040                . = ALIGN (0x4)
 *(SORT_BY_ALIGNMENT(.gnu.linkonce.irq_vector_table*))
 .gnu.linkonce.irq_vector_table
                0x0000000000000040       0x80 .pio\build\frdm_kl25z\zephyr_final\zephyr\isr_tables.c.o
                0x0000000000000040                _irq_vector_table
                0x00000000000000c0                _vector_end = .
                0x0000000000000400                . = 0x400
 *fill*         0x00000000000000c0      0x340 00
 *(SORT_BY_ALIGNMENT(.kinetis_flash_config))
 *(SORT_BY_ALIGNMENT(.kinetis_flash_config.*))
 .kinetis_flash_config."ZEPHYR_BASE\\soc\\nxp\\kinetis\\flash_configuration.c".0
                0x0000000000000400       0x10 C:\Users\hsilv\OneDrive\Documentos\PlatformIO\Projects\uart\.pio\build\frdm_kl25z\zephyr/libzephyr.a(flash_configuration.c.o)
                0x0000000000000400                __kinetis_flash_config

text            0x0000000000000410     0x3c94
                0x0000000000000410                __text_region_start = .
 *(SORT_BY_ALIGNMENT(.text))
 .text          0x0000000000000410       0x14 c:/users/hsilv/.platformio/packages/toolchain-gccarmnoneeabi/bin/../lib/gcc/arm-none-eabi/8.2.1/thumb/v6-m/nofp\libgcc.a(_thumb1_case_uqi.o)
                0x0000000000000410                __gnu_thumb1_case_uqi
 .text          0x0000000000000424      0x114 c:/users/hsilv/.platformio/packages/toolchain-gccarmnoneeabi/bin/../lib/gcc/arm-none-eabi/8.2.1/thumb/v6-m/nofp\libgcc.a(_udivsi3.o)
                0x0000000000000424                __aeabi_uidiv
                0x0000000000000424                __udivsi3
                0x0000000000000530                __aeabi_uidivmod
 .text          0x0000000000000538        0x4 c:/users/hsilv/.platformio/packages/toolchain-gccarmnoneeabi/bin/../lib/gcc/arm-none-eabi/8.2.1/thumb/v6-m/nofp\libgcc.a(_dvmd_tls.o)
                0x0000000000000538                __aeabi_idiv0
                0x0000000000000538                __aeabi_ldiv0
 .text          0x000000000000053c       0x3c c:/users/hsilv/.platformio/packages/toolchain-gccarmnoneeabi/bin/../lib/gcc/arm-none-eabi/8.2.1/thumb/v6-m/nofp\libgcc.a(_clzsi2.o)
                0x000000000000053c                __clzsi2
 .text          0x0000000000000578       0x40 c:/users/hsilv/.platformio/packages/toolchain-gccarmnoneeabi/bin/../lib/gcc/arm-none-eabi/8.2.1/thumb/v6-m/nofp\libgcc.a(_ctzsi2.o)
                0x0000000000000578                __ctzsi2
 .text          0x00000000000005b8       0x40 c:/users/hsilv/.platformio/packages/toolchain-gccarmnoneeabi/bin/../lib/gcc/arm-none-eabi/8.2.1/thumb/v6-m/nofp\libgcc.a(_aeabi_uldivmod.o)
                0x00000000000005b8                __aeabi_uldivmod
 .text          0x00000000000005f8       0x18 c:/users/hsilv/.platformio/packages/toolchain-gccarmnoneeabi/bin/../lib/gcc/arm-none-eabi/8.2.1/thumb/v6-m/nofp\libgcc.a(_clzdi2.o)
                0x00000000000005f8                __clzdi2
 .text          0x0000000000000610        0xe C:\Users\hsilv\OneDrive\Documentos\PlatformIO\Projects\uart\.pio\build\frdm_kl25z\modules\picolibc\libc.a(strlen.S.o)
                0x0000000000000610                strlen
 *(SORT_BY_ALIGNMENT(.text.*))
 *fill*         0x000000000000061e        0x2 
 .text.gpio_pin_configure_dt
                0x0000000000000620       0x50 .pio\build\frdm_kl25z\src\main.o
 .text.button_pressed_isr
                0x0000000000000670       0x74 .pio\build\frdm_kl25z\src\main.o
                0x0000000000000670                button_pressed_isr
 .text.main     0x00000000000006e4      0x164 .pio\build\frdm_kl25z\src\main.o
                0x00000000000006e4                main
 .text.cbvprintf_package
                0x0000000000000848      0x368 C:\Users\hsilv\OneDrive\Documentos\PlatformIO\Projects\uart\.pio\build\frdm_kl25z\zephyr/libzephyr.a(cbprintf_packaged.c.o)
                0x0000000000000848                cbvprintf_package
 .text.__printk_hook_install
                0x0000000000000bb0        0xc C:\Users\hsilv\OneDrive\Documentos\PlatformIO\Projects\uart\.pio\build\frdm_kl25z\zephyr/libzephyr.a(printk.c.o)
                0x0000000000000bb0                __printk_hook_install
 .text.clock_init
                0x0000000000000bbc       0x84 C:\Users\hsilv\OneDrive\Documentos\PlatformIO\Projects\uart\.pio\build\frdm_kl25z\zephyr/libzephyr.a(soc.c.o)
                0x0000000000000bbc                clock_init
 .text.z_log_init
                0x0000000000000c40       0xdc C:\Users\hsilv\OneDrive\Documentos\PlatformIO\Projects\uart\.pio\build\frdm_kl25z\zephyr/libzephyr.a(log_core.c.o)
 .text.log_format_func_t_get
                0x0000000000000d1c        0xc C:\Users\hsilv\OneDrive\Documentos\PlatformIO\Projects\uart\.pio\build\frdm_kl25z\zephyr/libzephyr.a(log_core.c.o)
                0x0000000000000d1c                log_format_func_t_get
 .text.log_set_timestamp_func
                0x0000000000000d28       0x20 C:\Users\hsilv\OneDrive\Documentos\PlatformIO\Projects\uart\.pio\build\frdm_kl25z\zephyr/libzephyr.a(log_core.c.o)
                0x0000000000000d28                log_set_timestamp_func
 .text.log_core_init
                0x0000000000000d48       0x4c C:\Users\hsilv\OneDrive\Documentos\PlatformIO\Projects\uart\.pio\build\frdm_kl25z\zephyr/libzephyr.a(log_core.c.o)
                0x0000000000000d48                log_core_init
 .text.z_impl_log_panic
                0x0000000000000d94       0x40 C:\Users\hsilv\OneDrive\Documentos\PlatformIO\Projects\uart\.pio\build\frdm_kl25z\zephyr/libzephyr.a(log_core.c.o)
                0x0000000000000d94                z_impl_log_panic
 .text.z_log_dropped
                0x0000000000000dd4       0x20 C:\Users\hsilv\OneDrive\Documentos\PlatformIO\Projects\uart\.pio\build\frdm_kl25z\zephyr/libzephyr.a(log_core.c.o)
                0x0000000000000dd4                z_log_dropped
 .text.z_log_msg_commit
                0x0000000000000df4       0x38 C:\Users\hsilv\OneDrive\Documentos\PlatformIO\Projects\uart\.pio\build\frdm_kl25z\zephyr/libzephyr.a(log_core.c.o)
                0x0000000000000df4                z_log_msg_commit
 .text.log_source_name_get
                0x0000000000000e2c       0x1c C:\Users\hsilv\OneDrive\Documentos\PlatformIO\Projects\uart\.pio\build\frdm_kl25z\zephyr/libzephyr.a(log_mgmt.c.o)
                0x0000000000000e2c                log_source_name_get
 .text.z_log_msg_runtime_vcreate
                0x0000000000000e48       0xb0 C:\Users\hsilv\OneDrive\Documentos\PlatformIO\Projects\uart\.pio\build\frdm_kl25z\zephyr/libzephyr.a(log_msg.c.o)
                0x0000000000000e48                z_log_msg_runtime_vcreate
 .text.log_msg_get_source_id
                0x0000000000000ef8       0x1c C:\Users\hsilv\OneDrive\Documentos\PlatformIO\Projects\uart\.pio\build\frdm_kl25z\zephyr/libzephyr.a(log_msg.c.o)
                0x0000000000000ef8                log_msg_get_source_id
 .text.print_formatted
                0x0000000000000f14       0x20 C:\Users\hsilv\OneDrive\Documentos\PlatformIO\Projects\uart\.pio\build\frdm_kl25z\zephyr/libzephyr.a(log_output.c.o)
 .text.log_output_process
                0x0000000000000f34      0x2d8 C:\Users\hsilv\OneDrive\Documentos\PlatformIO\Projects\uart\.pio\build\frdm_kl25z\zephyr/libzephyr.a(log_output.c.o)
                0x0000000000000f34                log_output_process
 .text.log_output_timestamp_freq_set
                0x000000000000120c       0x34 C:\Users\hsilv\OneDrive\Documentos\PlatformIO\Projects\uart\.pio\build\frdm_kl25z\zephyr/libzephyr.a(log_output.c.o)
                0x000000000000120c                log_output_timestamp_freq_set
 .text.char_out
                0x0000000000001240       0x24 C:\Users\hsilv\OneDrive\Documentos\PlatformIO\Projects\uart\.pio\build\frdm_kl25z\zephyr/libzephyr.a(log_backend_uart.c.o)
 .text.z_arm_fatal_error
                0x0000000000001264       0xc4 C:\Users\hsilv\OneDrive\Documentos\PlatformIO\Projects\uart\.pio\build\frdm_kl25z\zephyr/arch/arch/arm/core/libarch__arm__core.a(fatal.c.o)
                0x0000000000001264                z_arm_fatal_error
 .text.z_SysNmiOnReset
                0x0000000000001328        0x4 C:\Users\hsilv\OneDrive\Documentos\PlatformIO\Projects\uart\.pio\build\frdm_kl25z\zephyr/arch/arch/arm/core/libarch__arm__core.a(nmi_on_reset.S.o)
                0x0000000000001328                z_SysNmiOnReset
 .text._HandlerModeExit
                0x000000000000132c       0x20 C:\Users\hsilv\OneDrive\Documentos\PlatformIO\Projects\uart\.pio\build\frdm_kl25z\zephyr/arch/arch/arm/core/cortex_m/libarch__arm__core__cortex_m.a(exc_exit.c.o)
                0x000000000000132c                z_arm_int_exit
                0x000000000000132c                z_arm_exc_exit
 .text.z_arm_fault
                0x000000000000134c      0x13c C:\Users\hsilv\OneDrive\Documentos\PlatformIO\Projects\uart\.pio\build\frdm_kl25z\zephyr/arch/arch/arm/core/cortex_m/libarch__arm__core__cortex_m.a(fault.c.o)
                0x000000000000134c                z_arm_fault
 .text.z_arm_fault_init
                0x0000000000001488       0x10 C:\Users\hsilv\OneDrive\Documentos\PlatformIO\Projects\uart\.pio\build\frdm_kl25z\zephyr/arch/arch/arm/core/cortex_m/libarch__arm__core__cortex_m.a(fault.c.o)
                0x0000000000001488                z_arm_fault_init
 .text.__fault  0x0000000000001498       0x14 C:\Users\hsilv\OneDrive\Documentos\PlatformIO\Projects\uart\.pio\build\frdm_kl25z\zephyr/arch/arch/arm/core/cortex_m/libarch__arm__core__cortex_m.a(fault_s.S.o)
                0x0000000000001498                z_arm_hard_fault
                0x0000000000001498                z_arm_exc_spurious
 .text._reset_section
                0x00000000000014ac       0x38 C:\Users\hsilv\OneDrive\Documentos\PlatformIO\Projects\uart\.pio\build\frdm_kl25z\zephyr/arch/arch/arm/core/cortex_m/libarch__arm__core__cortex_m.a(reset.S.o)
                0x00000000000014ac                __start
                0x00000000000014ac                z_arm_reset
 .text.z_impl_k_thread_abort
                0x00000000000014e4       0x38 C:\Users\hsilv\OneDrive\Documentos\PlatformIO\Projects\uart\.pio\build\frdm_kl25z\zephyr/arch/arch/arm/core/cortex_m/libarch__arm__core__cortex_m.a(thread_abort.c.o)
                0x00000000000014e4                z_impl_k_thread_abort
 .text.z_arm_pendsv
                0x000000000000151c       0x60 C:\Users\hsilv\OneDrive\Documentos\PlatformIO\Projects\uart\.pio\build\frdm_kl25z\zephyr/arch/arch/arm/core/cortex_m/libarch__arm__core__cortex_m.a(swap_helper.S.o)
                0x000000000000151c                z_arm_pendsv
 .text.z_arm_svc
                0x000000000000157c       0x28 C:\Users\hsilv\OneDrive\Documentos\PlatformIO\Projects\uart\.pio\build\frdm_kl25z\zephyr/arch/arch/arm/core/cortex_m/libarch__arm__core__cortex_m.a(swap_helper.S.o)
                0x000000000000157c                z_arm_svc
 .text.arm_irq_enable
                0x00000000000015a4       0x18 C:\Users\hsilv\OneDrive\Documentos\PlatformIO\Projects\uart\.pio\build\frdm_kl25z\zephyr/arch/arch/arm/core/cortex_m/libarch__arm__core__cortex_m.a(irq_manage.c.o)
                0x00000000000015a4                arm_irq_enable
 .text.arm_irq_priority_set
                0x00000000000015bc       0x54 C:\Users\hsilv\OneDrive\Documentos\PlatformIO\Projects\uart\.pio\build\frdm_kl25z\zephyr/arch/arch/arm/core/cortex_m/libarch__arm__core__cortex_m.a(irq_manage.c.o)
                0x00000000000015bc                arm_irq_priority_set
 .text.relocate_vector_table
                0x0000000000001610       0x1c C:\Users\hsilv\OneDrive\Documentos\PlatformIO\Projects\uart\.pio\build\frdm_kl25z\zephyr/arch/arch/arm/core/cortex_m/libarch__arm__core__cortex_m.a(prep_c.c.o)
                0x0000000000001610                relocate_vector_table
 .text.arch_new_thread
                0x000000000000162c       0x2c C:\Users\hsilv\OneDrive\Documentos\PlatformIO\Projects\uart\.pio\build\frdm_kl25z\zephyr/arch/arch/arm/core/cortex_m/libarch__arm__core__cortex_m.a(thread.c.o)
                0x000000000000162c                arch_new_thread
 .text.arch_switch_to_main_thread
                0x0000000000001658       0x34 C:\Users\hsilv\OneDrive\Documentos\PlatformIO\Projects\uart\.pio\build\frdm_kl25z\zephyr/arch/arch/arm/core/cortex_m/libarch__arm__core__cortex_m.a(thread.c.o)
                0x0000000000001658                arch_switch_to_main_thread
 .text.z_arm_cpu_idle_init
                0x000000000000168c        0xc C:\Users\hsilv\OneDrive\Documentos\PlatformIO\Projects\uart\.pio\build\frdm_kl25z\zephyr/arch/arch/arm/core/cortex_m/libarch__arm__core__cortex_m.a(cpu_idle.c.o)
                0x000000000000168c                z_arm_cpu_idle_init
 .text.z_arm_interrupt_init
                0x0000000000001698       0x30 C:\Users\hsilv\OneDrive\Documentos\PlatformIO\Projects\uart\.pio\build\frdm_kl25z\zephyr/arch/arch/arm/core/cortex_m/libarch__arm__core__cortex_m.a(irq_init.c.o)
                0x0000000000001698                z_arm_interrupt_init
 .text._isr_wrapper
                0x00000000000016c8       0x20 C:\Users\hsilv\OneDrive\Documentos\PlatformIO\Projects\uart\.pio\build\frdm_kl25z\zephyr/arch/arch/arm/core/cortex_m/libarch__arm__core__cortex_m.a(isr_wrapper.c.o)
                0x00000000000016c8                _isr_wrapper
 .text.cbvprintf
                0x00000000000016e8       0x38 C:\Users\hsilv\OneDrive\Documentos\PlatformIO\Projects\uart\.pio\build\frdm_kl25z\zephyr/lib/libc/picolibc/liblib__libc__picolibc.a(cbprintf.c.o)
                0x00000000000016e8                cbvprintf
 .text.z_impl_zephyr_fputc
                0x0000000000001720       0x10 C:\Users\hsilv\OneDrive\Documentos\PlatformIO\Projects\uart\.pio\build\frdm_kl25z\zephyr/lib/libc/picolibc/liblib__libc__picolibc.a(stdio.c.o)
                0x0000000000001720                z_impl_zephyr_fputc
 .text.__stdout_hook_install
                0x0000000000001730       0x18 C:\Users\hsilv\OneDrive\Documentos\PlatformIO\Projects\uart\.pio\build\frdm_kl25z\zephyr/lib/libc/picolibc/liblib__libc__picolibc.a(stdio.c.o)
                0x0000000000001730                __stdout_hook_install
 .text.malloc_prepare
                0x0000000000001748       0x24 C:\Users\hsilv\OneDrive\Documentos\PlatformIO\Projects\uart\.pio\build\frdm_kl25z\zephyr/lib/libc/common/liblib__libc__common.a(malloc.c.o)
 .text.z_log_msg_runtime_create.constprop.1
                0x000000000000176c       0x24 C:\Users\hsilv\OneDrive\Documentos\PlatformIO\Projects\uart\.pio\build\frdm_kl25z\zephyr/drivers/clock_control/libdrivers__clock_control.a(clock_control_mcux_mcg.c.o)
 .text.mcux_mcg_get_rate
                0x0000000000001790       0x4c C:\Users\hsilv\OneDrive\Documentos\PlatformIO\Projects\uart\.pio\build\frdm_kl25z\zephyr/drivers/clock_control/libdrivers__clock_control.a(clock_control_mcux_mcg.c.o)
 .text.mcux_sim_on
                0x00000000000017dc       0x1c C:\Users\hsilv\OneDrive\Documentos\PlatformIO\Projects\uart\.pio\build\frdm_kl25z\zephyr/drivers/clock_control/libdrivers__clock_control.a(clock_control_mcux_sim.c.o)
 .text.mcux_sim_off
                0x00000000000017f8       0x1c C:\Users\hsilv\OneDrive\Documentos\PlatformIO\Projects\uart\.pio\build\frdm_kl25z\zephyr/drivers/clock_control/libdrivers__clock_control.a(clock_control_mcux_sim.c.o)
 .text.mcux_sim_get_subsys_rate
                0x0000000000001814       0x30 C:\Users\hsilv\OneDrive\Documentos\PlatformIO\Projects\uart\.pio\build\frdm_kl25z\zephyr/drivers/clock_control/libdrivers__clock_control.a(clock_control_mcux_sim.c.o)
 .text.uart_console_init
                0x0000000000001844       0x2c C:\Users\hsilv\OneDrive\Documentos\PlatformIO\Projects\uart\.pio\build\frdm_kl25z\zephyr/drivers/console/libdrivers__console.a(uart_console.c.o)
 .text.console_out
                0x0000000000001870       0x28 C:\Users\hsilv\OneDrive\Documentos\PlatformIO\Projects\uart\.pio\build\frdm_kl25z\zephyr/drivers/console/libdrivers__console.a(uart_console.c.o)
 .text.gpio_mcux_port_configure
                0x0000000000001898       0xa0 C:\Users\hsilv\OneDrive\Documentos\PlatformIO\Projects\uart\.pio\build\frdm_kl25z\zephyr/drivers/gpio/libdrivers__gpio.a(gpio_mcux.c.o)
 .text.gpio_mcux_pin_interrupt_configure
                0x0000000000001938       0x88 C:\Users\hsilv\OneDrive\Documentos\PlatformIO\Projects\uart\.pio\build\frdm_kl25z\zephyr/drivers/gpio/libdrivers__gpio.a(gpio_mcux.c.o)
 .text.pinctrl_mcux_init
                0x00000000000019c0       0x64 C:\Users\hsilv\OneDrive\Documentos\PlatformIO\Projects\uart\.pio\build\frdm_kl25z\zephyr/drivers/pinctrl/libdrivers__pinctrl.a(pinctrl_nxp_port.c.o)
 .text.pinctrl_configure_pins
                0x0000000000001a24       0x44 C:\Users\hsilv\OneDrive\Documentos\PlatformIO\Projects\uart\.pio\build\frdm_kl25z\zephyr/drivers/pinctrl/libdrivers__pinctrl.a(pinctrl_nxp_port.c.o)
                0x0000000000001a24                pinctrl_configure_pins
 .text.elapsed  0x0000000000001a68       0x40 C:\Users\hsilv\OneDrive\Documentos\PlatformIO\Projects\uart\.pio\build\frdm_kl25z\zephyr/drivers/timer/libdrivers__timer.a(cortex_m_systick.c.o)
 .text.sys_clock_driver_init
                0x0000000000001aa8       0x40 C:\Users\hsilv\OneDrive\Documentos\PlatformIO\Projects\uart\.pio\build\frdm_kl25z\zephyr/drivers/timer/libdrivers__timer.a(cortex_m_systick.c.o)
 .text.sys_clock_isr
                0x0000000000001ae8       0x44 C:\Users\hsilv\OneDrive\Documentos\PlatformIO\Projects\uart\.pio\build\frdm_kl25z\zephyr/drivers/timer/libdrivers__timer.a(cortex_m_systick.c.o)
                0x0000000000001ae8                sys_clock_isr
 .text.sys_clock_set_timeout
                0x0000000000001b2c       0xf8 C:\Users\hsilv\OneDrive\Documentos\PlatformIO\Projects\uart\.pio\build\frdm_kl25z\zephyr/drivers/timer/libdrivers__timer.a(cortex_m_systick.c.o)
                0x0000000000001b2c                sys_clock_set_timeout
 .text.sys_clock_elapsed
                0x0000000000001c24       0x34 C:\Users\hsilv\OneDrive\Documentos\PlatformIO\Projects\uart\.pio\build\frdm_kl25z\zephyr/drivers/timer/libdrivers__timer.a(cortex_m_systick.c.o)
                0x0000000000001c24                sys_clock_elapsed
 .text.CLOCK_GetFllExtRefClkFreq
                0x0000000000001c58       0x3c C:\Users\hsilv\OneDrive\Documentos\PlatformIO\Projects\uart\.pio\build\frdm_kl25z\modules/hal_nxp/libmodules__hal_nxp.a(fsl_clock.c.o)
 .text.CLOCK_GetInternalRefClkSelectFreq
                0x0000000000001c94       0x28 C:\Users\hsilv\OneDrive\Documentos\PlatformIO\Projects\uart\.pio\build\frdm_kl25z\modules/hal_nxp/libmodules__hal_nxp.a(fsl_clock.c.o)
 .text.CLOCK_GetOsc0ErClkFreq
                0x0000000000001cbc       0x1c C:\Users\hsilv\OneDrive\Documentos\PlatformIO\Projects\uart\.pio\build\frdm_kl25z\modules/hal_nxp/libmodules__hal_nxp.a(fsl_clock.c.o)
                0x0000000000001cbc                CLOCK_GetOsc0ErClkFreq
 .text.CLOCK_GetEr32kClkFreq
                0x0000000000001cd8       0x40 C:\Users\hsilv\OneDrive\Documentos\PlatformIO\Projects\uart\.pio\build\frdm_kl25z\modules/hal_nxp/libmodules__hal_nxp.a(fsl_clock.c.o)
                0x0000000000001cd8                CLOCK_GetEr32kClkFreq
 .text.CLOCK_SetSimConfig
                0x0000000000001d18       0x4c C:\Users\hsilv\OneDrive\Documentos\PlatformIO\Projects\uart\.pio\build\frdm_kl25z\modules/hal_nxp/libmodules__hal_nxp.a(fsl_clock.c.o)
                0x0000000000001d18                CLOCK_SetSimConfig
 .text.CLOCK_GetFllFreq
                0x0000000000001d64       0x4c C:\Users\hsilv\OneDrive\Documentos\PlatformIO\Projects\uart\.pio\build\frdm_kl25z\modules/hal_nxp/libmodules__hal_nxp.a(fsl_clock.c.o)
                0x0000000000001d64                CLOCK_GetFllFreq
 .text.CLOCK_GetInternalRefClkFreq
                0x0000000000001db0       0x18 C:\Users\hsilv\OneDrive\Documentos\PlatformIO\Projects\uart\.pio\build\frdm_kl25z\modules/hal_nxp/libmodules__hal_nxp.a(fsl_clock.c.o)
                0x0000000000001db0                CLOCK_GetInternalRefClkFreq
 .text.CLOCK_GetPll0Freq
                0x0000000000001dc8       0x30 C:\Users\hsilv\OneDrive\Documentos\PlatformIO\Projects\uart\.pio\build\frdm_kl25z\modules/hal_nxp/libmodules__hal_nxp.a(fsl_clock.c.o)
                0x0000000000001dc8                CLOCK_GetPll0Freq
 .text.CLOCK_GetPllFllSelClkFreq
                0x0000000000001df8       0x24 C:\Users\hsilv\OneDrive\Documentos\PlatformIO\Projects\uart\.pio\build\frdm_kl25z\modules/hal_nxp/libmodules__hal_nxp.a(fsl_clock.c.o)
                0x0000000000001df8                CLOCK_GetPllFllSelClkFreq
 .text.CLOCK_GetOutClkFreq
                0x0000000000001e1c       0x38 C:\Users\hsilv\OneDrive\Documentos\PlatformIO\Projects\uart\.pio\build\frdm_kl25z\modules/hal_nxp/libmodules__hal_nxp.a(fsl_clock.c.o)
                0x0000000000001e1c                CLOCK_GetOutClkFreq
 .text.CLOCK_GetFixedFreqClkFreq
                0x0000000000001e54       0x34 C:\Users\hsilv\OneDrive\Documentos\PlatformIO\Projects\uart\.pio\build\frdm_kl25z\modules/hal_nxp/libmodules__hal_nxp.a(fsl_clock.c.o)
                0x0000000000001e54                CLOCK_GetFixedFreqClkFreq
 .text.CLOCK_GetFreq
                0x0000000000001e88       0x84 C:\Users\hsilv\OneDrive\Documentos\PlatformIO\Projects\uart\.pio\build\frdm_kl25z\modules/hal_nxp/libmodules__hal_nxp.a(fsl_clock.c.o)
                0x0000000000001e88                CLOCK_GetFreq
 .text.CLOCK_SetInternalRefClkConfig
                0x0000000000001f0c       0x74 C:\Users\hsilv\OneDrive\Documentos\PlatformIO\Projects\uart\.pio\build\frdm_kl25z\modules/hal_nxp/libmodules__hal_nxp.a(fsl_clock.c.o)
                0x0000000000001f0c                CLOCK_SetInternalRefClkConfig
 .text.CLOCK_EnablePll0
                0x0000000000001f80       0x30 C:\Users\hsilv\OneDrive\Documentos\PlatformIO\Projects\uart\.pio\build\frdm_kl25z\modules/hal_nxp/libmodules__hal_nxp.a(fsl_clock.c.o)
                0x0000000000001f80                CLOCK_EnablePll0
 .text.CLOCK_InitOsc0
                0x0000000000001fb0       0x6c C:\Users\hsilv\OneDrive\Documentos\PlatformIO\Projects\uart\.pio\build\frdm_kl25z\modules/hal_nxp/libmodules__hal_nxp.a(fsl_clock.c.o)
                0x0000000000001fb0                CLOCK_InitOsc0
 .text.CLOCK_SetPbeMode
                0x000000000000201c       0x50 C:\Users\hsilv\OneDrive\Documentos\PlatformIO\Projects\uart\.pio\build\frdm_kl25z\modules/hal_nxp/libmodules__hal_nxp.a(fsl_clock.c.o)
                0x000000000000201c                CLOCK_SetPbeMode
 .text.CLOCK_BootToPeeMode
                0x000000000000206c       0x2c C:\Users\hsilv\OneDrive\Documentos\PlatformIO\Projects\uart\.pio\build\frdm_kl25z\modules/hal_nxp/libmodules__hal_nxp.a(fsl_clock.c.o)
                0x000000000000206c                CLOCK_BootToPeeMode
 .text.SystemInit
                0x0000000000002098       0x10 C:\Users\hsilv\OneDrive\Documentos\PlatformIO\Projects\uart\.pio\build\frdm_kl25z\modules/hal_nxp/libmodules__hal_nxp.a(system_MKL25Z4.c.o)
                0x0000000000002098                SystemInit
 .text.LPSCI_Init
                0x00000000000020a8      0x134 C:\Users\hsilv\OneDrive\Documentos\PlatformIO\Projects\uart\.pio\build\frdm_kl25z\modules/hal_nxp/libmodules__hal_nxp.a(fsl_lpsci.c.o)
                0x00000000000020a8                LPSCI_Init
 .text.LPSCI_ClearStatusFlags
                0x00000000000021dc       0x54 C:\Users\hsilv\OneDrive\Documentos\PlatformIO\Projects\uart\.pio\build\frdm_kl25z\modules/hal_nxp/libmodules__hal_nxp.a(fsl_lpsci.c.o)
                0x00000000000021dc                LPSCI_ClearStatusFlags
 .text.k_sys_fatal_error_handler
                0x0000000000002230       0x2c C:\Users\hsilv\OneDrive\Documentos\PlatformIO\Projects\uart\.pio\build\frdm_kl25z\zephyr/kernel/libkernel.a(fatal.c.o)
                0x0000000000002230                k_sys_fatal_error_handler
 .text.z_fatal_error
                0x000000000000225c       0xcc C:\Users\hsilv\OneDrive\Documentos\PlatformIO\Projects\uart\.pio\build\frdm_kl25z\zephyr/kernel/libkernel.a(fatal.c.o)
                0x000000000000225c                z_fatal_error
 .text.z_sys_init_run_level
                0x0000000000002328       0x34 C:\Users\hsilv\OneDrive\Documentos\PlatformIO\Projects\uart\.pio\build\frdm_kl25z\zephyr/kernel/libkernel.a(init.c.o)
 .text.bg_thread_main
                0x000000000000235c       0xa8 C:\Users\hsilv\OneDrive\Documentos\PlatformIO\Projects\uart\.pio\build\frdm_kl25z\zephyr/kernel/libkernel.a(init.c.o)
 .text.z_bss_zero
                0x0000000000002404       0x18 C:\Users\hsilv\OneDrive\Documentos\PlatformIO\Projects\uart\.pio\build\frdm_kl25z\zephyr/kernel/libkernel.a(init.c.o)
                0x0000000000002404                z_bss_zero
 .text.z_init_cpu
                0x000000000000241c       0x68 C:\Users\hsilv\OneDrive\Documentos\PlatformIO\Projects\uart\.pio\build\frdm_kl25z\zephyr/kernel/libkernel.a(init.c.o)
                0x000000000000241c                z_init_cpu
 .text.z_cstart
                0x0000000000002484       0xbc C:\Users\hsilv\OneDrive\Documentos\PlatformIO\Projects\uart\.pio\build\frdm_kl25z\zephyr/kernel/libkernel.a(init.c.o)
                0x0000000000002484                z_cstart
 .text.z_setup_new_thread
                0x0000000000002540       0x58 C:\Users\hsilv\OneDrive\Documentos\PlatformIO\Projects\uart\.pio\build\frdm_kl25z\zephyr/kernel/libkernel.a(thread.c.o)
                0x0000000000002540                z_setup_new_thread
 .text.z_dummy_thread_init
                0x0000000000002598       0x14 C:\Users\hsilv\OneDrive\Documentos\PlatformIO\Projects\uart\.pio\build\frdm_kl25z\zephyr/kernel/libkernel.a(thread.c.o)
                0x0000000000002598                z_dummy_thread_init
 .text.z_swap_irqlock
                0x00000000000025ac       0x2c C:\Users\hsilv\OneDrive\Documentos\PlatformIO\Projects\uart\.pio\build\frdm_kl25z\zephyr/kernel/libkernel.a(sched.c.o)
 .text.unready_thread
                0x00000000000025d8       0x58 C:\Users\hsilv\OneDrive\Documentos\PlatformIO\Projects\uart\.pio\build\frdm_kl25z\zephyr/kernel/libkernel.a(sched.c.o)
 .text.ready_thread
                0x0000000000002630       0x94 C:\Users\hsilv\OneDrive\Documentos\PlatformIO\Projects\uart\.pio\build\frdm_kl25z\zephyr/kernel/libkernel.a(sched.c.o)
 .text.move_thread_to_end_of_prio_q
                0x00000000000026c4       0xa0 C:\Users\hsilv\OneDrive\Documentos\PlatformIO\Projects\uart\.pio\build\frdm_kl25z\zephyr/kernel/libkernel.a(sched.c.o)
                0x00000000000026c4                move_thread_to_end_of_prio_q
 .text.z_reschedule
                0x0000000000002764       0x2c C:\Users\hsilv\OneDrive\Documentos\PlatformIO\Projects\uart\.pio\build\frdm_kl25z\zephyr/kernel/libkernel.a(sched.c.o)
                0x0000000000002764                z_reschedule
 .text.z_reschedule_irqlock
                0x0000000000002790       0x2c C:\Users\hsilv\OneDrive\Documentos\PlatformIO\Projects\uart\.pio\build\frdm_kl25z\zephyr/kernel/libkernel.a(sched.c.o)
                0x0000000000002790                z_reschedule_irqlock
 .text.k_sched_lock
                0x00000000000027bc       0x20 C:\Users\hsilv\OneDrive\Documentos\PlatformIO\Projects\uart\.pio\build\frdm_kl25z\zephyr/kernel/libkernel.a(sched.c.o)
                0x00000000000027bc                k_sched_lock
 .text.k_sched_unlock
                0x00000000000027dc       0x60 C:\Users\hsilv\OneDrive\Documentos\PlatformIO\Projects\uart\.pio\build\frdm_kl25z\zephyr/kernel/libkernel.a(sched.c.o)
                0x00000000000027dc                k_sched_unlock
 .text.z_sched_init
                0x000000000000283c       0x14 C:\Users\hsilv\OneDrive\Documentos\PlatformIO\Projects\uart\.pio\build\frdm_kl25z\zephyr/kernel/libkernel.a(sched.c.o)
                0x000000000000283c                z_sched_init
 .text.z_impl_k_yield
                0x0000000000002850       0x84 C:\Users\hsilv\OneDrive\Documentos\PlatformIO\Projects\uart\.pio\build\frdm_kl25z\zephyr/kernel/libkernel.a(sched.c.o)
                0x0000000000002850                z_impl_k_yield
 .text.z_tick_sleep
                0x00000000000028d4       0x74 C:\Users\hsilv\OneDrive\Documentos\PlatformIO\Projects\uart\.pio\build\frdm_kl25z\zephyr/kernel/libkernel.a(sched.c.o)
 .text.z_impl_k_sleep
                0x0000000000002948       0x4c C:\Users\hsilv\OneDrive\Documentos\PlatformIO\Projects\uart\.pio\build\frdm_kl25z\zephyr/kernel/libkernel.a(sched.c.o)
                0x0000000000002948                z_impl_k_sleep
 .text.z_impl_k_wakeup
                0x0000000000002994       0x40 C:\Users\hsilv\OneDrive\Documentos\PlatformIO\Projects\uart\.pio\build\frdm_kl25z\zephyr/kernel/libkernel.a(sched.c.o)
                0x0000000000002994                z_impl_k_wakeup
 .text.z_impl_k_sched_current_thread_query
                0x00000000000029d4        0xc C:\Users\hsilv\OneDrive\Documentos\PlatformIO\Projects\uart\.pio\build\frdm_kl25z\zephyr/kernel/libkernel.a(sched.c.o)
                0x00000000000029d4                z_impl_k_sched_current_thread_query
 .text.z_thread_abort
                0x00000000000029e0      0x128 C:\Users\hsilv\OneDrive\Documentos\PlatformIO\Projects\uart\.pio\build\frdm_kl25z\zephyr/kernel/libkernel.a(sched.c.o)
                0x00000000000029e0                z_thread_abort
 .text.slice_timeout
                0x0000000000002b08       0x20 C:\Users\hsilv\OneDrive\Documentos\PlatformIO\Projects\uart\.pio\build\frdm_kl25z\zephyr/kernel/libkernel.a(timeslicing.c.o)
 .text.thread_is_sliceable
                0x0000000000002b28       0x40 C:\Users\hsilv\OneDrive\Documentos\PlatformIO\Projects\uart\.pio\build\frdm_kl25z\zephyr/kernel/libkernel.a(timeslicing.c.o)
                0x0000000000002b28                thread_is_sliceable
 .text.z_reset_time_slice
                0x0000000000002b68       0x4c C:\Users\hsilv\OneDrive\Documentos\PlatformIO\Projects\uart\.pio\build\frdm_kl25z\zephyr/kernel/libkernel.a(timeslicing.c.o)
                0x0000000000002b68                z_reset_time_slice
 .text.z_time_slice
                0x0000000000002bb4       0x58 C:\Users\hsilv\OneDrive\Documentos\PlatformIO\Projects\uart\.pio\build\frdm_kl25z\zephyr/kernel/libkernel.a(timeslicing.c.o)
                0x0000000000002bb4                z_time_slice
 .text.z_data_copy
                0x0000000000002c0c       0x34 C:\Users\hsilv\OneDrive\Documentos\PlatformIO\Projects\uart\.pio\build\frdm_kl25z\zephyr/kernel/libkernel.a(xip.c.o)
                0x0000000000002c0c                z_data_copy
 .text.first    0x0000000000002c40       0x10 C:\Users\hsilv\OneDrive\Documentos\PlatformIO\Projects\uart\.pio\build\frdm_kl25z\zephyr/kernel/libkernel.a(timeout.c.o)
 .text.next_timeout
                0x0000000000002c50       0x38 C:\Users\hsilv\OneDrive\Documentos\PlatformIO\Projects\uart\.pio\build\frdm_kl25z\zephyr/kernel/libkernel.a(timeout.c.o)
 .text.elapsed  0x0000000000002c88       0x18 C:\Users\hsilv\OneDrive\Documentos\PlatformIO\Projects\uart\.pio\build\frdm_kl25z\zephyr/kernel/libkernel.a(timeout.c.o)
 .text.remove_timeout
                0x0000000000002ca0       0x38 C:\Users\hsilv\OneDrive\Documentos\PlatformIO\Projects\uart\.pio\build\frdm_kl25z\zephyr/kernel/libkernel.a(timeout.c.o)
 .text.z_add_timeout
                0x0000000000002cd8      0x120 C:\Users\hsilv\OneDrive\Documentos\PlatformIO\Projects\uart\.pio\build\frdm_kl25z\zephyr/kernel/libkernel.a(timeout.c.o)
                0x0000000000002cd8                z_add_timeout
 .text.sys_clock_announce
                0x0000000000002df8       0xd0 C:\Users\hsilv\OneDrive\Documentos\PlatformIO\Projects\uart\.pio\build\frdm_kl25z\zephyr/kernel/libkernel.a(timeout.c.o)
                0x0000000000002df8                sys_clock_announce
 .text.sys_clock_tick_get
                0x0000000000002ec8       0x30 C:\Users\hsilv\OneDrive\Documentos\PlatformIO\Projects\uart\.pio\build\frdm_kl25z\zephyr/kernel/libkernel.a(timeout.c.o)
                0x0000000000002ec8                sys_clock_tick_get
 .text.boot_banner
                0x0000000000002ef8       0x10 C:\Users\hsilv\OneDrive\Documentos\PlatformIO\Projects\uart\.pio\build\frdm_kl25z\zephyr/kernel/libkernel.a(banner.c.o)
                0x0000000000002ef8                boot_banner
 .text.vfprintf
                0x0000000000002f08      0x50c C:\Users\hsilv\OneDrive\Documentos\PlatformIO\Projects\uart\.pio\build\frdm_kl25z\modules\picolibc\libc.a(vflprintf.c.o)
                0x0000000000002f08                vfprintf
                0x0000000000002f08                __l_vfprintf
 .text.__muldi3
                0x0000000000003414       0x54 c:/users/hsilv/.platformio/packages/toolchain-gccarmnoneeabi/bin/../lib/gcc/arm-none-eabi/8.2.1/thumb/v6-m/nofp\libgcc.a(_muldi3.o)
                0x0000000000003414                __muldi3
                0x0000000000003414                __aeabi_lmul
 .text.__udivmoddi4
                0x0000000000003468      0x1a4 c:/users/hsilv/.platformio/packages/toolchain-gccarmnoneeabi/bin/../lib/gcc/arm-none-eabi/8.2.1/thumb/v6-m/nofp\libgcc.a(_udivmoddi4.o)
                0x0000000000003468                __udivmoddi4
 .text.gpio_pin_set_raw
                0x000000000000360c       0x1a .pio\build\frdm_kl25z\src\main.o
 .text.k_msleep
                0x0000000000003626       0x12 .pio\build\frdm_kl25z\src\main.o
 .text.z_log_msg_runtime_create.constprop.7
                0x0000000000003638       0x1c .pio\build\frdm_kl25z\src\main.o
 .text.chunk_size
                0x0000000000003654        0xa C:\Users\hsilv\OneDrive\Documentos\PlatformIO\Projects\uart\.pio\build\frdm_kl25z\zephyr/libzephyr.a(heap.c.o)
 .text.free_list_add
                0x000000000000365e       0x52 C:\Users\hsilv\OneDrive\Documentos\PlatformIO\Projects\uart\.pio\build\frdm_kl25z\zephyr/libzephyr.a(heap.c.o)
 .text.sys_heap_init
                0x00000000000036b0       0x64 C:\Users\hsilv\OneDrive\Documentos\PlatformIO\Projects\uart\.pio\build\frdm_kl25z\zephyr/libzephyr.a(heap.c.o)
                0x00000000000036b0                sys_heap_init
 .text.cbpprintf_external
                0x0000000000003714       0x6a C:\Users\hsilv\OneDrive\Documentos\PlatformIO\Projects\uart\.pio\build\frdm_kl25z\zephyr/libzephyr.a(cbprintf_packaged.c.o)
                0x0000000000003714                cbpprintf_external
 .text.arch_printk_char_out
                0x000000000000377e        0x4 C:\Users\hsilv\OneDrive\Documentos\PlatformIO\Projects\uart\.pio\build\frdm_kl25z\zephyr/libzephyr.a(printk.c.o)
                0x000000000000377e                arch_printk_char_out
 .text.printk   0x0000000000003782       0x16 C:\Users\hsilv\OneDrive\Documentos\PlatformIO\Projects\uart\.pio\build\frdm_kl25z\zephyr/libzephyr.a(printk.c.o)
                0x0000000000003782                printk
 .text.z_thread_entry
                0x0000000000003798       0x14 C:\Users\hsilv\OneDrive\Documentos\PlatformIO\Projects\uart\.pio\build\frdm_kl25z\zephyr/libzephyr.a(thread_entry.c.o)
                0x0000000000003798                z_thread_entry
 .text._ConfigAbsSyms
                0x00000000000037ac        0x2 C:\Users\hsilv\OneDrive\Documentos\PlatformIO\Projects\uart\.pio\build\frdm_kl25z\zephyr/libzephyr.a(configs.c.o)
                0x00000000000037ac                _ConfigAbsSyms
 .text.soc_early_init_hook
                0x00000000000037ae        0x8 C:\Users\hsilv\OneDrive\Documentos\PlatformIO\Projects\uart\.pio\build\frdm_kl25z\zephyr/libzephyr.a(soc.c.o)
                0x00000000000037ae                soc_early_init_hook
 .text.soc_reset_hook
                0x00000000000037b6        0x8 C:\Users\hsilv\OneDrive\Documentos\PlatformIO\Projects\uart\.pio\build\frdm_kl25z\zephyr/libzephyr.a(soc.c.o)
                0x00000000000037b6                soc_reset_hook
 .text.dummy_timestamp
                0x00000000000037be        0x4 C:\Users\hsilv\OneDrive\Documentos\PlatformIO\Projects\uart\.pio\build\frdm_kl25z\zephyr/libzephyr.a(log_core.c.o)
 .text.default_lf_get_timestamp
                0x00000000000037c2       0x10 C:\Users\hsilv\OneDrive\Documentos\PlatformIO\Projects\uart\.pio\build\frdm_kl25z\zephyr/libzephyr.a(log_core.c.o)
 .text.atomic_inc
                0x00000000000037d2        0xa C:\Users\hsilv\OneDrive\Documentos\PlatformIO\Projects\uart\.pio\build\frdm_kl25z\zephyr/libzephyr.a(log_core.c.o)
 .text.enable_logger
                0x00000000000037dc        0xe C:\Users\hsilv\OneDrive\Documentos\PlatformIO\Projects\uart\.pio\build\frdm_kl25z\zephyr/libzephyr.a(log_core.c.o)
 .text.z_log_vprintk
                0x00000000000037ea       0x1a C:\Users\hsilv\OneDrive\Documentos\PlatformIO\Projects\uart\.pio\build\frdm_kl25z\zephyr/libzephyr.a(log_core.c.o)
                0x00000000000037ea                z_log_vprintk
 .text.z_log_notify_backend_enabled
                0x0000000000003804        0x2 C:\Users\hsilv\OneDrive\Documentos\PlatformIO\Projects\uart\.pio\build\frdm_kl25z\zephyr/libzephyr.a(log_core.c.o)
                0x0000000000003804                z_log_notify_backend_enabled
 .text.z_log_get_tag
                0x0000000000003806        0x4 C:\Users\hsilv\OneDrive\Documentos\PlatformIO\Projects\uart\.pio\build\frdm_kl25z\zephyr/libzephyr.a(log_core.c.o)
                0x0000000000003806                z_log_get_tag
 .text.log_backend_enable
                0x000000000000380a       0x16 C:\Users\hsilv\OneDrive\Documentos\PlatformIO\Projects\uart\.pio\build\frdm_kl25z\zephyr/libzephyr.a(log_mgmt.c.o)
                0x000000000000380a                log_backend_enable
 .text.z_log_msg_finalize
                0x0000000000003820       0x32 C:\Users\hsilv\OneDrive\Documentos\PlatformIO\Projects\uart\.pio\build\frdm_kl25z\zephyr/libzephyr.a(log_msg.c.o)
                0x0000000000003820                z_log_msg_finalize
 .text.z_log_msg_runtime_create.constprop.2
                0x0000000000003852       0x1e C:\Users\hsilv\OneDrive\Documentos\PlatformIO\Projects\uart\.pio\build\frdm_kl25z\zephyr/libzephyr.a(log_msg.c.o)
 .text.log_output_write
                0x0000000000003870       0x1e C:\Users\hsilv\OneDrive\Documentos\PlatformIO\Projects\uart\.pio\build\frdm_kl25z\zephyr/libzephyr.a(log_output.c.o)
 .text.out_func
                0x000000000000388e       0x18 C:\Users\hsilv\OneDrive\Documentos\PlatformIO\Projects\uart\.pio\build\frdm_kl25z\zephyr/libzephyr.a(log_output.c.o)
 .text.cr_out_func
                0x00000000000038a6       0x1c C:\Users\hsilv\OneDrive\Documentos\PlatformIO\Projects\uart\.pio\build\frdm_kl25z\zephyr/libzephyr.a(log_output.c.o)
 .text.log_output_msg_process
                0x00000000000038c2       0x66 C:\Users\hsilv\OneDrive\Documentos\PlatformIO\Projects\uart\.pio\build\frdm_kl25z\zephyr/libzephyr.a(log_output.c.o)
                0x00000000000038c2                log_output_msg_process
 .text.format_set
                0x0000000000003928        0xc C:\Users\hsilv\OneDrive\Documentos\PlatformIO\Projects\uart\.pio\build\frdm_kl25z\zephyr/libzephyr.a(log_backend_uart.c.o)
 .text.log_backend_uart_init
                0x0000000000003934        0xc C:\Users\hsilv\OneDrive\Documentos\PlatformIO\Projects\uart\.pio\build\frdm_kl25z\zephyr/libzephyr.a(log_backend_uart.c.o)
 .text.panic    0x0000000000003940       0x32 C:\Users\hsilv\OneDrive\Documentos\PlatformIO\Projects\uart\.pio\build\frdm_kl25z\zephyr/libzephyr.a(log_backend_uart.c.o)
 .text.process  0x0000000000003972       0x1c C:\Users\hsilv\OneDrive\Documentos\PlatformIO\Projects\uart\.pio\build\frdm_kl25z\zephyr/libzephyr.a(log_backend_uart.c.o)
 .text.z_log_msg_runtime_create.constprop.0
                0x000000000000398e       0x1e C:\Users\hsilv\OneDrive\Documentos\PlatformIO\Projects\uart\.pio\build\frdm_kl25z\zephyr/arch/arch/arm/core/libarch__arm__core.a(fatal.c.o)
 .text.z_do_kernel_oops
                0x00000000000039ac        0xc C:\Users\hsilv\OneDrive\Documentos\PlatformIO\Projects\uart\.pio\build\frdm_kl25z\zephyr/arch/arch/arm/core/libarch__arm__core.a(fatal.c.o)
                0x00000000000039ac                z_do_kernel_oops
 .text.z_arm_nmi
                0x00000000000039b8        0xc C:\Users\hsilv\OneDrive\Documentos\PlatformIO\Projects\uart\.pio\build\frdm_kl25z\zephyr/arch/arch/arm/core/libarch__arm__core.a(nmi.c.o)
                0x00000000000039b8                z_arm_nmi
 .text.z_log_msg_runtime_create.constprop.4
                0x00000000000039c4       0x1e C:\Users\hsilv\OneDrive\Documentos\PlatformIO\Projects\uart\.pio\build\frdm_kl25z\zephyr/arch/arch/arm/core/cortex_m/libarch__arm__core__cortex_m.a(fault.c.o)
 .text.z_irq_spurious
                0x00000000000039e2        0xc C:\Users\hsilv\OneDrive\Documentos\PlatformIO\Projects\uart\.pio\build\frdm_kl25z\zephyr/arch/arch/arm/core/cortex_m/libarch__arm__core__cortex_m.a(irq_manage.c.o)
                0x00000000000039e2                z_irq_spurious
 .text.z_prep_c
                0x00000000000039ee       0x16 C:\Users\hsilv\OneDrive\Documentos\PlatformIO\Projects\uart\.pio\build\frdm_kl25z\zephyr/arch/arch/arm/core/cortex_m/libarch__arm__core__cortex_m.a(prep_c.c.o)
                0x00000000000039ee                z_prep_c
 .text.arch_irq_unlock_outlined
                0x0000000000003a04        0xc C:\Users\hsilv\OneDrive\Documentos\PlatformIO\Projects\uart\.pio\build\frdm_kl25z\zephyr/arch/arch/arm/core/cortex_m/libarch__arm__core__cortex_m.a(thread.c.o)
                0x0000000000003a04                arch_irq_unlock_outlined
 .text.arch_cpu_idle
                0x0000000000003a10        0xe C:\Users\hsilv\OneDrive\Documentos\PlatformIO\Projects\uart\.pio\build\frdm_kl25z\zephyr/arch/arch/arm/core/cortex_m/libarch__arm__core__cortex_m.a(cpu_idle.c.o)
                0x0000000000003a10                arch_cpu_idle
 .text.cbputc   0x0000000000003a1e        0xc C:\Users\hsilv\OneDrive\Documentos\PlatformIO\Projects\uart\.pio\build\frdm_kl25z\zephyr/lib/libc/picolibc/liblib__libc__picolibc.a(cbprintf.c.o)
 .text.picolibc_put
                0x0000000000003a2a        0xa C:\Users\hsilv\OneDrive\Documentos\PlatformIO\Projects\uart\.pio\build\frdm_kl25z\zephyr/lib/libc/picolibc/liblib__libc__picolibc.a(stdio.c.o)
 .text.mcux_mcg_on
                0x0000000000003a34        0x4 C:\Users\hsilv\OneDrive\Documentos\PlatformIO\Projects\uart\.pio\build\frdm_kl25z\zephyr/drivers/clock_control/libdrivers__clock_control.a(clock_control_mcux_mcg.c.o)
 .text.mcux_mcg_off
                0x0000000000003a38        0x4 C:\Users\hsilv\OneDrive\Documentos\PlatformIO\Projects\uart\.pio\build\frdm_kl25z\zephyr/drivers/clock_control/libdrivers__clock_control.a(clock_control_mcux_mcg.c.o)
 .text.mcux_sim_init
                0x0000000000003a3c        0x4 C:\Users\hsilv\OneDrive\Documentos\PlatformIO\Projects\uart\.pio\build\frdm_kl25z\zephyr/drivers/clock_control/libdrivers__clock_control.a(clock_control_mcux_sim.c.o)
 .text.gpio_mcux_port_get_raw
                0x0000000000003a40        0xc C:\Users\hsilv\OneDrive\Documentos\PlatformIO\Projects\uart\.pio\build\frdm_kl25z\zephyr/drivers/gpio/libdrivers__gpio.a(gpio_mcux.c.o)
 .text.gpio_mcux_port_set_masked_raw
                0x0000000000003a4c       0x12 C:\Users\hsilv\OneDrive\Documentos\PlatformIO\Projects\uart\.pio\build\frdm_kl25z\zephyr/drivers/gpio/libdrivers__gpio.a(gpio_mcux.c.o)
 .text.gpio_mcux_port_set_bits_raw
                0x0000000000003a5e        0xa C:\Users\hsilv\OneDrive\Documentos\PlatformIO\Projects\uart\.pio\build\frdm_kl25z\zephyr/drivers/gpio/libdrivers__gpio.a(gpio_mcux.c.o)
 .text.gpio_mcux_port_clear_bits_raw
                0x0000000000003a68        0xa C:\Users\hsilv\OneDrive\Documentos\PlatformIO\Projects\uart\.pio\build\frdm_kl25z\zephyr/drivers/gpio/libdrivers__gpio.a(gpio_mcux.c.o)
 .text.gpio_mcux_port_toggle_bits
                0x0000000000003a72        0xa C:\Users\hsilv\OneDrive\Documentos\PlatformIO\Projects\uart\.pio\build\frdm_kl25z\zephyr/drivers/gpio/libdrivers__gpio.a(gpio_mcux.c.o)
 .text.gpio_mcux_manage_callback
                0x0000000000003a7c       0x5c C:\Users\hsilv\OneDrive\Documentos\PlatformIO\Projects\uart\.pio\build\frdm_kl25z\zephyr/drivers/gpio/libdrivers__gpio.a(gpio_mcux.c.o)
 .text.gpio_mcux_port_isr
                0x0000000000003ad8       0x30 C:\Users\hsilv\OneDrive\Documentos\PlatformIO\Projects\uart\.pio\build\frdm_kl25z\zephyr/drivers/gpio/libdrivers__gpio.a(gpio_mcux.c.o)
 .text.gpio_mcux_port1_init
                0x0000000000003b08        0x4 C:\Users\hsilv\OneDrive\Documentos\PlatformIO\Projects\uart\.pio\build\frdm_kl25z\zephyr/drivers/gpio/libdrivers__gpio.a(gpio_mcux.c.o)
 .text.gpio_mcux_port0_init
                0x0000000000003b0c       0x16 C:\Users\hsilv\OneDrive\Documentos\PlatformIO\Projects\uart\.pio\build\frdm_kl25z\zephyr/drivers/gpio/libdrivers__gpio.a(gpio_mcux.c.o)
 .text.gpio_mcux_port2_init
                0x0000000000003b22       0x16 C:\Users\hsilv\OneDrive\Documentos\PlatformIO\Projects\uart\.pio\build\frdm_kl25z\zephyr/drivers/gpio/libdrivers__gpio.a(gpio_mcux.c.o)
 .text.pinctrl_lookup_state
                0x0000000000003b38       0x28 C:\Users\hsilv\OneDrive\Documentos\PlatformIO\Projects\uart\.pio\build\frdm_kl25z\zephyr/drivers/pinctrl/libdrivers__pinctrl.a(common.c.o)
                0x0000000000003b38                pinctrl_lookup_state
 .text.z_log_msg_runtime_create.constprop.1
                0x0000000000003b60       0x1e C:\Users\hsilv\OneDrive\Documentos\PlatformIO\Projects\uart\.pio\build\frdm_kl25z\zephyr/drivers/pinctrl/libdrivers__pinctrl.a(pinctrl_nxp_port.c.o)
 .text.mcux_lpsci_poll_out
                0x0000000000003b7e       0x18 C:\Users\hsilv\OneDrive\Documentos\PlatformIO\Projects\uart\.pio\build\frdm_kl25z\zephyr/drivers/serial/libdrivers__serial.a(uart_mcux_lpsci.c.o)
 .text.mcux_lpsci_poll_in
                0x0000000000003b96       0x20 C:\Users\hsilv\OneDrive\Documentos\PlatformIO\Projects\uart\.pio\build\frdm_kl25z\zephyr/drivers/serial/libdrivers__serial.a(uart_mcux_lpsci.c.o)
 .text.mcux_lpsci_err_check
                0x0000000000003bb6       0x2c C:\Users\hsilv\OneDrive\Documentos\PlatformIO\Projects\uart\.pio\build\frdm_kl25z\zephyr/drivers/serial/libdrivers__serial.a(uart_mcux_lpsci.c.o)
 .text.mcux_lpsci_init
                0x0000000000003be2       0x6e C:\Users\hsilv\OneDrive\Documentos\PlatformIO\Projects\uart\.pio\build\frdm_kl25z\zephyr/drivers/serial/libdrivers__serial.a(uart_mcux_lpsci.c.o)
 .text.LPSCI_GetDefaultConfig
                0x0000000000003c50       0x1c C:\Users\hsilv\OneDrive\Documentos\PlatformIO\Projects\uart\.pio\build\frdm_kl25z\modules/hal_nxp/libmodules__hal_nxp.a(fsl_lpsci.c.o)
                0x0000000000003c50                LPSCI_GetDefaultConfig
 .text.LPSCI_GetStatusFlags
                0x0000000000003c6c        0xa C:\Users\hsilv\OneDrive\Documentos\PlatformIO\Projects\uart\.pio\build\frdm_kl25z\modules/hal_nxp/libmodules__hal_nxp.a(fsl_lpsci.c.o)
                0x0000000000003c6c                LPSCI_GetStatusFlags
 .text._OffsetAbsSyms
                0x0000000000003c76        0x2 C:\Users\hsilv\OneDrive\Documentos\PlatformIO\Projects\uart\.pio\build\frdm_kl25z\zephyr\liboffsets.a(offsets.c.o)
                0x0000000000003c76                _OffsetAbsSyms
 .text.z_device_state_init
                0x0000000000003c78        0x2 C:\Users\hsilv\OneDrive\Documentos\PlatformIO\Projects\uart\.pio\build\frdm_kl25z\zephyr/kernel/libkernel.a(device.c.o)
                0x0000000000003c78                z_device_state_init
 .text.z_impl_device_is_ready
                0x0000000000003c7a       0x1a C:\Users\hsilv\OneDrive\Documentos\PlatformIO\Projects\uart\.pio\build\frdm_kl25z\zephyr/kernel/libkernel.a(device.c.o)
                0x0000000000003c7a                z_impl_device_is_ready
 .text.z_log_msg_runtime_create.constprop.1
                0x0000000000003c94       0x1e C:\Users\hsilv\OneDrive\Documentos\PlatformIO\Projects\uart\.pio\build\frdm_kl25z\zephyr/kernel/libkernel.a(fatal.c.o)
 .text.arch_system_halt
                0x0000000000003cb2        0x8 C:\Users\hsilv\OneDrive\Documentos\PlatformIO\Projects\uart\.pio\build\frdm_kl25z\zephyr/kernel/libkernel.a(fatal.c.o)
                0x0000000000003cb2                arch_system_halt
 .text.do_device_init
                0x0000000000003cba       0x30 C:\Users\hsilv\OneDrive\Documentos\PlatformIO\Projects\uart\.pio\build\frdm_kl25z\zephyr/kernel/libkernel.a(init.c.o)
 .text.z_early_memset
                0x0000000000003cea        0x8 C:\Users\hsilv\OneDrive\Documentos\PlatformIO\Projects\uart\.pio\build\frdm_kl25z\zephyr/kernel/libkernel.a(init.c.o)
                0x0000000000003cea                z_early_memset
 .text.z_early_memcpy
                0x0000000000003cf2        0x8 C:\Users\hsilv\OneDrive\Documentos\PlatformIO\Projects\uart\.pio\build\frdm_kl25z\zephyr/kernel/libkernel.a(init.c.o)
                0x0000000000003cf2                z_early_memcpy
 .text.idle     0x0000000000003cfa        0xe C:\Users\hsilv\OneDrive\Documentos\PlatformIO\Projects\uart\.pio\build\frdm_kl25z\zephyr/kernel/libkernel.a(idle.c.o)
                0x0000000000003cfa                idle
 .text.k_thread_name_get
                0x0000000000003d08        0x4 C:\Users\hsilv\OneDrive\Documentos\PlatformIO\Projects\uart\.pio\build\frdm_kl25z\zephyr/kernel/libkernel.a(thread.c.o)
                0x0000000000003d08                k_thread_name_get
 .text.sys_dlist_remove
                0x0000000000003d0c       0x10 C:\Users\hsilv\OneDrive\Documentos\PlatformIO\Projects\uart\.pio\build\frdm_kl25z\zephyr/kernel/libkernel.a(sched.c.o)
 .text.unpend_thread_no_timeout
                0x0000000000003d1c       0x16 C:\Users\hsilv\OneDrive\Documentos\PlatformIO\Projects\uart\.pio\build\frdm_kl25z\zephyr/kernel/libkernel.a(sched.c.o)
 .text.z_ready_thread
                0x0000000000003d32       0x18 C:\Users\hsilv\OneDrive\Documentos\PlatformIO\Projects\uart\.pio\build\frdm_kl25z\zephyr/kernel/libkernel.a(sched.c.o)
                0x0000000000003d32                z_ready_thread
 .text.z_sched_wake_thread
                0x0000000000003d4a       0x36 C:\Users\hsilv\OneDrive\Documentos\PlatformIO\Projects\uart\.pio\build\frdm_kl25z\zephyr/kernel/libkernel.a(sched.c.o)
                0x0000000000003d4a                z_sched_wake_thread
 .text.z_thread_timeout
                0x0000000000003d80        0xc C:\Users\hsilv\OneDrive\Documentos\PlatformIO\Projects\uart\.pio\build\frdm_kl25z\zephyr/kernel/libkernel.a(sched.c.o)
                0x0000000000003d80                z_thread_timeout
 .text.z_abort_timeout
                0x0000000000003d8c       0x4e C:\Users\hsilv\OneDrive\Documentos\PlatformIO\Projects\uart\.pio\build\frdm_kl25z\zephyr/kernel/libkernel.a(timeout.c.o)
                0x0000000000003d8c                z_abort_timeout
 .text.sys_clock_tick_get_32
                0x0000000000003dda        0x8 C:\Users\hsilv\OneDrive\Documentos\PlatformIO\Projects\uart\.pio\build\frdm_kl25z\zephyr/kernel/libkernel.a(timeout.c.o)
                0x0000000000003dda                sys_clock_tick_get_32
 .text.z_impl_k_uptime_ticks
                0x0000000000003de2        0x8 C:\Users\hsilv\OneDrive\Documentos\PlatformIO\Projects\uart\.pio\build\frdm_kl25z\zephyr/kernel/libkernel.a(timeout.c.o)
                0x0000000000003de2                z_impl_k_uptime_ticks
 .text.z_impl_atomic_add
                0x0000000000003dea       0x1a C:\Users\hsilv\OneDrive\Documentos\PlatformIO\Projects\uart\.pio\build\frdm_kl25z\zephyr/kernel/libkernel.a(atomic_c.c.o)
                0x0000000000003dea                z_impl_atomic_add
 .text.z_impl_atomic_sub
                0x0000000000003e04       0x1a C:\Users\hsilv\OneDrive\Documentos\PlatformIO\Projects\uart\.pio\build\frdm_kl25z\zephyr/kernel/libkernel.a(atomic_c.c.o)
                0x0000000000003e04                z_impl_atomic_sub
 .text.memcpy   0x0000000000003e1e       0x12 C:\Users\hsilv\OneDrive\Documentos\PlatformIO\Projects\uart\.pio\build\frdm_kl25z\modules\picolibc\libc.a(memcpy.c.o)
                0x0000000000003e1e                __aeabi_memcpy
                0x0000000000003e1e                __aeabi_memcpy4
                0x0000000000003e1e                __aeabi_memcpy8
                0x0000000000003e1e                memcpy
 .text.memset   0x0000000000003e30       0x10 C:\Users\hsilv\OneDrive\Documentos\PlatformIO\Projects\uart\.pio\build\frdm_kl25z\modules\picolibc\libc.a(memset.c.o)
                0x0000000000003e30                memset
 .text.strnlen  0x0000000000003e40       0x16 C:\Users\hsilv\OneDrive\Documentos\PlatformIO\Projects\uart\.pio\build\frdm_kl25z\modules\picolibc\libc.a(strnlen.c.o)
                0x0000000000003e40                strnlen
 .text.__ultoa_invert
                0x0000000000003e56      0x120 C:\Users\hsilv\OneDrive\Documentos\PlatformIO\Projects\uart\.pio\build\frdm_kl25z\modules\picolibc\libc.a(vflprintf.c.o)
 .text.skip_to_arg
                0x0000000000003f76      0x12e C:\Users\hsilv\OneDrive\Documentos\PlatformIO\Projects\uart\.pio\build\frdm_kl25z\modules\picolibc\libc.a(vflprintf.c.o)
 *(SORT_BY_ALIGNMENT(.TEXT.*))
 *(SORT_BY_ALIGNMENT(.gnu.linkonce.t.*))
 *(SORT_BY_ALIGNMENT(.glue_7t))
 .glue_7t       0x00000000000040a4        0x0 linker stubs
 *(SORT_BY_ALIGNMENT(.glue_7))
 .glue_7        0x00000000000040a4        0x0 linker stubs
 *(SORT_BY_ALIGNMENT(.vfp11_veneer))
 .vfp11_veneer  0x00000000000040a4        0x0 linker stubs
 *(SORT_BY_ALIGNMENT(.v4_bx))
 .v4_bx         0x00000000000040a4        0x0 linker stubs
                0x00000000000040a4                . = ALIGN (0x4)
                0x00000000000040a4                __text_region_end = .

.ARM.exidx      0x00000000000040a4        0x8
                0x00000000000040a4                __exidx_start = .
 *(SORT_BY_ALIGNMENT(.ARM.exidx*) SORT_BY_ALIGNMENT(gnu.linkonce.armexidx.*))
 .ARM.exidx.text.__udivmoddi4
                0x00000000000040a4        0x8 c:/users/hsilv/.platformio/packages/toolchain-gccarmnoneeabi/bin/../lib/gcc/arm-none-eabi/8.2.1/thumb/v6-m/nofp\libgcc.a(_udivmoddi4.o)
                0x00000000000040ac                __exidx_end = .
                0x00000000000040ac                __rodata_region_start = .

initlevel       0x00000000000040ac       0x78
                0x00000000000040ac                __init_start = .
                0x00000000000040ac                __init_EARLY_start = .
 *(SORT_BY_NAME(SORT_BY_ALIGNMENT(.z_init_EARLY_P_?_*)))
 *(SORT_BY_NAME(SORT_BY_ALIGNMENT(.z_init_EARLY_P_??_*)))
 *(SORT_BY_NAME(SORT_BY_ALIGNMENT(.z_init_EARLY_P_???_*)))
                0x00000000000040ac                __init_PRE_KERNEL_1_start = .
 *(SORT_BY_NAME(SORT_BY_ALIGNMENT(.z_init_PRE_KERNEL_1_P_?_*)))
 *(SORT_BY_NAME(SORT_BY_ALIGNMENT(.z_init_PRE_KERNEL_1_P_??_*)))
 .z_init_PRE_KERNEL_1_P_30_SUB_00009_
                0x00000000000040ac        0x8 C:\Users\hsilv\OneDrive\Documentos\PlatformIO\Projects\uart\.pio\build\frdm_kl25z\zephyr/drivers/clock_control/libdrivers__clock_control.a(clock_control_mcux_sim.c.o)
 .z_init_PRE_KERNEL_1_P_30_SUB_00045_
                0x00000000000040b4        0x8 C:\Users\hsilv\OneDrive\Documentos\PlatformIO\Projects\uart\.pio\build\frdm_kl25z\zephyr/drivers/clock_control/libdrivers__clock_control.a(clock_control_mcux_mcg.c.o)
 .z_init_PRE_KERNEL_1_P_40_SUB_00010_
                0x00000000000040bc        0x8 C:\Users\hsilv\OneDrive\Documentos\PlatformIO\Projects\uart\.pio\build\frdm_kl25z\zephyr/drivers/pinctrl/libdrivers__pinctrl.a(pinctrl_nxp_port.c.o)
 .z_init_PRE_KERNEL_1_P_40_SUB_00015_
                0x00000000000040c4        0x8 C:\Users\hsilv\OneDrive\Documentos\PlatformIO\Projects\uart\.pio\build\frdm_kl25z\zephyr/drivers/pinctrl/libdrivers__pinctrl.a(pinctrl_nxp_port.c.o)
 .z_init_PRE_KERNEL_1_P_40_SUB_00017_
                0x00000000000040cc        0x8 C:\Users\hsilv\OneDrive\Documentos\PlatformIO\Projects\uart\.pio\build\frdm_kl25z\zephyr/drivers/pinctrl/libdrivers__pinctrl.a(pinctrl_nxp_port.c.o)
 .z_init_PRE_KERNEL_1_P_40_SUB_00033_
                0x00000000000040d4        0x8 C:\Users\hsilv\OneDrive\Documentos\PlatformIO\Projects\uart\.pio\build\frdm_kl25z\zephyr/drivers/pinctrl/libdrivers__pinctrl.a(pinctrl_nxp_port.c.o)
 .z_init_PRE_KERNEL_1_P_40_SUB_00035_
                0x00000000000040dc        0x8 C:\Users\hsilv\OneDrive\Documentos\PlatformIO\Projects\uart\.pio\build\frdm_kl25z\zephyr/drivers/pinctrl/libdrivers__pinctrl.a(pinctrl_nxp_port.c.o)
 .z_init_PRE_KERNEL_1_P_50_SUB_00039_
                0x00000000000040e4        0x8 C:\Users\hsilv\OneDrive\Documentos\PlatformIO\Projects\uart\.pio\build\frdm_kl25z\zephyr/drivers/serial/libdrivers__serial.a(uart_mcux_lpsci.c.o)
 .z_init_PRE_KERNEL_1_P_60_SUB_0_
                0x00000000000040ec        0x8 C:\Users\hsilv\OneDrive\Documentos\PlatformIO\Projects\uart\.pio\build\frdm_kl25z\zephyr/drivers/console/libdrivers__console.a(uart_console.c.o)
 *(SORT_BY_NAME(SORT_BY_ALIGNMENT(.z_init_PRE_KERNEL_1_P_???_*)))
                0x00000000000040f4                __init_PRE_KERNEL_2_start = .
 *(SORT_BY_NAME(SORT_BY_ALIGNMENT(.z_init_PRE_KERNEL_2_P_?_*)))
 .z_init_PRE_KERNEL_2_P_0_SUB_0_
                0x00000000000040f4        0x8 C:\Users\hsilv\OneDrive\Documentos\PlatformIO\Projects\uart\.pio\build\frdm_kl25z\zephyr/drivers/timer/libdrivers__timer.a(cortex_m_systick.c.o)
 *(SORT_BY_NAME(SORT_BY_ALIGNMENT(.z_init_PRE_KERNEL_2_P_??_*)))
 *(SORT_BY_NAME(SORT_BY_ALIGNMENT(.z_init_PRE_KERNEL_2_P_???_*)))
                0x00000000000040fc                __init_POST_KERNEL_start = .
 *(SORT_BY_NAME(SORT_BY_ALIGNMENT(.z_init_POST_KERNEL_P_?_*)))
 .z_init_POST_KERNEL_P_0_SUB_0_
                0x00000000000040fc        0x8 C:\Users\hsilv\OneDrive\Documentos\PlatformIO\Projects\uart\.pio\build\frdm_kl25z\zephyr/libzephyr.a(log_core.c.o)
 *(SORT_BY_NAME(SORT_BY_ALIGNMENT(.z_init_POST_KERNEL_P_??_*)))
 .z_init_POST_KERNEL_P_35_SUB_0_
                0x0000000000004104        0x8 C:\Users\hsilv\OneDrive\Documentos\PlatformIO\Projects\uart\.pio\build\frdm_kl25z\zephyr/lib/libc/common/liblib__libc__common.a(malloc.c.o)
 .z_init_POST_KERNEL_P_40_SUB_00011_
                0x000000000000410c        0x8 C:\Users\hsilv\OneDrive\Documentos\PlatformIO\Projects\uart\.pio\build\frdm_kl25z\zephyr/drivers/gpio/libdrivers__gpio.a(gpio_mcux.c.o)
 .z_init_POST_KERNEL_P_40_SUB_00016_
                0x0000000000004114        0x8 C:\Users\hsilv\OneDrive\Documentos\PlatformIO\Projects\uart\.pio\build\frdm_kl25z\zephyr/drivers/gpio/libdrivers__gpio.a(gpio_mcux.c.o)
 .z_init_POST_KERNEL_P_40_SUB_00018_
                0x000000000000411c        0x8 C:\Users\hsilv\OneDrive\Documentos\PlatformIO\Projects\uart\.pio\build\frdm_kl25z\zephyr/drivers/gpio/libdrivers__gpio.a(gpio_mcux.c.o)
 *(SORT_BY_NAME(SORT_BY_ALIGNMENT(.z_init_POST_KERNEL_P_???_*)))
                0x0000000000004124                __init_APPLICATION_start = .
 *(SORT_BY_NAME(SORT_BY_ALIGNMENT(.z_init_APPLICATION_P_?_*)))
 *(SORT_BY_NAME(SORT_BY_ALIGNMENT(.z_init_APPLICATION_P_??_*)))
 *(SORT_BY_NAME(SORT_BY_ALIGNMENT(.z_init_APPLICATION_P_???_*)))
                0x0000000000004124                __init_SMP_start = .
 *(SORT_BY_NAME(SORT_BY_ALIGNMENT(.z_init_SMP_P_?_*)))
 *(SORT_BY_NAME(SORT_BY_ALIGNMENT(.z_init_SMP_P_??_*)))
 *(SORT_BY_NAME(SORT_BY_ALIGNMENT(.z_init_SMP_P_???_*)))
                0x0000000000004124                __init_end = .

device_area     0x0000000000004124      0x160
                0x0000000000004124                _device_list_start = .
 *(SORT_BY_NAME(SORT_BY_ALIGNMENT(._device.static.*_?_*)))
 *(SORT_BY_NAME(SORT_BY_ALIGNMENT(._device.static.*_??_*)))
 ._device.static.1_30_
                0x0000000000004124       0x20 C:\Users\hsilv\OneDrive\Documentos\PlatformIO\Projects\uart\.pio\build\frdm_kl25z\zephyr/drivers/clock_control/libdrivers__clock_control.a(clock_control_mcux_mcg.c.o)
                0x0000000000004124                __device_dts_ord_45
 ._device.static.1_30_
                0x0000000000004144       0x20 C:\Users\hsilv\OneDrive\Documentos\PlatformIO\Projects\uart\.pio\build\frdm_kl25z\zephyr/drivers/clock_control/libdrivers__clock_control.a(clock_control_mcux_sim.c.o)
                0x0000000000004144                __device_dts_ord_9
 ._device.static.1_40_
                0x0000000000004164       0xa0 C:\Users\hsilv\OneDrive\Documentos\PlatformIO\Projects\uart\.pio\build\frdm_kl25z\zephyr/drivers/pinctrl/libdrivers__pinctrl.a(pinctrl_nxp_port.c.o)
                0x0000000000004164                __device_dts_ord_35
                0x0000000000004184                __device_dts_ord_17
                0x00000000000041a4                __device_dts_ord_33
                0x00000000000041c4                __device_dts_ord_15
                0x00000000000041e4                __device_dts_ord_10
 ._device.static.1_50_
                0x0000000000004204       0x20 C:\Users\hsilv\OneDrive\Documentos\PlatformIO\Projects\uart\.pio\build\frdm_kl25z\zephyr/drivers/serial/libdrivers__serial.a(uart_mcux_lpsci.c.o)
                0x0000000000004204                __device_dts_ord_39
 ._device.static.3_40_
                0x0000000000004224       0x60 C:\Users\hsilv\OneDrive\Documentos\PlatformIO\Projects\uart\.pio\build\frdm_kl25z\zephyr/drivers/gpio/libdrivers__gpio.a(gpio_mcux.c.o)
                0x0000000000004224                __device_dts_ord_18
                0x0000000000004244                __device_dts_ord_16
                0x0000000000004264                __device_dts_ord_11
 *(SORT_BY_NAME(SORT_BY_ALIGNMENT(._device.static.*_???_*)))
 *(SORT_BY_NAME(SORT_BY_ALIGNMENT(._device.static.*_????_*)))
 *(SORT_BY_NAME(SORT_BY_ALIGNMENT(._device.static.*_?????_*)))
                0x0000000000004284                _device_list_end = .

sw_isr_table    0x0000000000004284      0x100
                0x0000000000004284                . = ALIGN (0x4)
 *(SORT_BY_ALIGNMENT(.gnu.linkonce.sw_isr_table*))
 .gnu.linkonce.sw_isr_table
                0x0000000000004284      0x100 .pio\build\frdm_kl25z\zephyr_final\zephyr\isr_tables.c.o
                0x0000000000004284                _sw_isr_table

initlevel_error
                0x00000000000040ac        0x0
 *(SORT_BY_NAME(SORT_BY_ALIGNMENT(.z_init_*)))
                0x0000000000000001                ASSERT ((SIZEOF (initlevel_error) == 0x0), Undefined initialization levels used.)

app_shmem_regions
                0x0000000000004384        0x0
                0x0000000000004384                __app_shmem_regions_start = .
 *(SORT_BY_NAME(SORT_BY_ALIGNMENT(.app_regions.*)))
                0x0000000000004384                __app_shmem_regions_end = .

k_p4wq_initparam_area
                0x0000000000004384        0x0
                0x0000000000004384                _k_p4wq_initparam_list_start = .
 *(SORT_BY_NAME(SORT_BY_ALIGNMENT(._k_p4wq_initparam.static.*)))
                0x0000000000004384                _k_p4wq_initparam_list_end = .

_static_thread_data_area
                0x0000000000004384        0x0
                0x0000000000004384                __static_thread_data_list_start = .
 *(SORT_BY_NAME(SORT_BY_ALIGNMENT(.__static_thread_data.static.*)))
                0x0000000000004384                __static_thread_data_list_end = .

device_deps     0x0000000000004384        0x0
                0x0000000000004384                __device_deps_start = .
 *(SORT_BY_NAME(SORT_BY_ALIGNMENT(.__device_deps_pass2*)))
                0x0000000000004384                __device_deps_end = .

gpio_driver_api_area
                0x0000000000004384       0x24
                0x0000000000004384                _gpio_driver_api_list_start = .
 *(SORT_BY_NAME(SORT_BY_ALIGNMENT(._gpio_driver_api.static.*)))
 ._gpio_driver_api.static.gpio_mcux_driver_api_
                0x0000000000004384       0x24 C:\Users\hsilv\OneDrive\Documentos\PlatformIO\Projects\uart\.pio\build\frdm_kl25z\zephyr/drivers/gpio/libdrivers__gpio.a(gpio_mcux.c.o)
                0x00000000000043a8                _gpio_driver_api_list_end = .

shared_irq_driver_api_area
                0x00000000000043a8        0x0
                0x00000000000043a8                _shared_irq_driver_api_list_start = .
 *(SORT_BY_NAME(SORT_BY_ALIGNMENT(._shared_irq_driver_api.static.*)))
                0x00000000000043a8                _shared_irq_driver_api_list_end = .

crypto_driver_api_area
                0x00000000000043a8        0x0
                0x00000000000043a8                _crypto_driver_api_list_start = .
 *(SORT_BY_NAME(SORT_BY_ALIGNMENT(._crypto_driver_api.static.*)))
                0x00000000000043a8                _crypto_driver_api_list_end = .

adc_driver_api_area
                0x00000000000043a8        0x0
                0x00000000000043a8                _adc_driver_api_list_start = .
 *(SORT_BY_NAME(SORT_BY_ALIGNMENT(._adc_driver_api.static.*)))
                0x00000000000043a8                _adc_driver_api_list_end = .

auxdisplay_driver_api_area
                0x00000000000043a8        0x0
                0x00000000000043a8                _auxdisplay_driver_api_list_start = .
 *(SORT_BY_NAME(SORT_BY_ALIGNMENT(._auxdisplay_driver_api.static.*)))
                0x00000000000043a8                _auxdisplay_driver_api_list_end = .

bbram_driver_api_area
                0x00000000000043a8        0x0
                0x00000000000043a8                _bbram_driver_api_list_start = .
 *(SORT_BY_NAME(SORT_BY_ALIGNMENT(._bbram_driver_api.static.*)))
                0x00000000000043a8                _bbram_driver_api_list_end = .

bt_hci_driver_api_area
                0x00000000000043a8        0x0
                0x00000000000043a8                _bt_hci_driver_api_list_start = .
 *(SORT_BY_NAME(SORT_BY_ALIGNMENT(._bt_hci_driver_api.static.*)))
                0x00000000000043a8                _bt_hci_driver_api_list_end = .

can_driver_api_area
                0x00000000000043a8        0x0
                0x00000000000043a8                _can_driver_api_list_start = .
 *(SORT_BY_NAME(SORT_BY_ALIGNMENT(._can_driver_api.static.*)))
                0x00000000000043a8                _can_driver_api_list_end = .

cellular_driver_api_area
                0x00000000000043a8        0x0
                0x00000000000043a8                _cellular_driver_api_list_start = .
 *(SORT_BY_NAME(SORT_BY_ALIGNMENT(._cellular_driver_api.static.*)))
                0x00000000000043a8                _cellular_driver_api_list_end = .

charger_driver_api_area
                0x00000000000043a8        0x0
                0x00000000000043a8                _charger_driver_api_list_start = .
 *(SORT_BY_NAME(SORT_BY_ALIGNMENT(._charger_driver_api.static.*)))
                0x00000000000043a8                _charger_driver_api_list_end = .

clock_control_driver_api_area
                0x00000000000043a8       0x38
                0x00000000000043a8                _clock_control_driver_api_list_start = .
 *(SORT_BY_NAME(SORT_BY_ALIGNMENT(._clock_control_driver_api.static.*)))
 ._clock_control_driver_api.static.mcux_mcg_driver_api_
                0x00000000000043a8       0x1c C:\Users\hsilv\OneDrive\Documentos\PlatformIO\Projects\uart\.pio\build\frdm_kl25z\zephyr/drivers/clock_control/libdrivers__clock_control.a(clock_control_mcux_mcg.c.o)
 ._clock_control_driver_api.static.mcux_sim_driver_api_
                0x00000000000043c4       0x1c C:\Users\hsilv\OneDrive\Documentos\PlatformIO\Projects\uart\.pio\build\frdm_kl25z\zephyr/drivers/clock_control/libdrivers__clock_control.a(clock_control_mcux_sim.c.o)
                0x00000000000043e0                _clock_control_driver_api_list_end = .

comparator_driver_api_area
                0x00000000000043e0        0x0
                0x00000000000043e0                _comparator_driver_api_list_start = .
 *(SORT_BY_NAME(SORT_BY_ALIGNMENT(._comparator_driver_api.static.*)))
                0x00000000000043e0                _comparator_driver_api_list_end = .

coredump_driver_api_area
                0x00000000000043e0        0x0
                0x00000000000043e0                _coredump_driver_api_list_start = .
 *(SORT_BY_NAME(SORT_BY_ALIGNMENT(._coredump_driver_api.static.*)))
                0x00000000000043e0                _coredump_driver_api_list_end = .

counter_driver_api_area
                0x00000000000043e0        0x0
                0x00000000000043e0                _counter_driver_api_list_start = .
 *(SORT_BY_NAME(SORT_BY_ALIGNMENT(._counter_driver_api.static.*)))
                0x00000000000043e0                _counter_driver_api_list_end = .

dac_driver_api_area
                0x00000000000043e0        0x0
                0x00000000000043e0                _dac_driver_api_list_start = .
 *(SORT_BY_NAME(SORT_BY_ALIGNMENT(._dac_driver_api.static.*)))
                0x00000000000043e0                _dac_driver_api_list_end = .

dai_driver_api_area
                0x00000000000043e0        0x0
                0x00000000000043e0                _dai_driver_api_list_start = .
 *(SORT_BY_NAME(SORT_BY_ALIGNMENT(._dai_driver_api.static.*)))
                0x00000000000043e0                _dai_driver_api_list_end = .

display_driver_api_area
                0x00000000000043e0        0x0
                0x00000000000043e0                _display_driver_api_list_start = .
 *(SORT_BY_NAME(SORT_BY_ALIGNMENT(._display_driver_api.static.*)))
                0x00000000000043e0                _display_driver_api_list_end = .

dma_driver_api_area
                0x00000000000043e0        0x0
                0x00000000000043e0                _dma_driver_api_list_start = .
 *(SORT_BY_NAME(SORT_BY_ALIGNMENT(._dma_driver_api.static.*)))
                0x00000000000043e0                _dma_driver_api_list_end = .

edac_driver_api_area
                0x00000000000043e0        0x0
                0x00000000000043e0                _edac_driver_api_list_start = .
 *(SORT_BY_NAME(SORT_BY_ALIGNMENT(._edac_driver_api.static.*)))
                0x00000000000043e0                _edac_driver_api_list_end = .

eeprom_driver_api_area
                0x00000000000043e0        0x0
                0x00000000000043e0                _eeprom_driver_api_list_start = .
 *(SORT_BY_NAME(SORT_BY_ALIGNMENT(._eeprom_driver_api.static.*)))
                0x00000000000043e0                _eeprom_driver_api_list_end = .

emul_bbram_driver_api_area
                0x00000000000043e0        0x0
                0x00000000000043e0                _emul_bbram_driver_api_list_start = .
 *(SORT_BY_NAME(SORT_BY_ALIGNMENT(._emul_bbram_driver_api.static.*)))
                0x00000000000043e0                _emul_bbram_driver_api_list_end = .

fuel_gauge_emul_driver_api_area
                0x00000000000043e0        0x0
                0x00000000000043e0                _fuel_gauge_emul_driver_api_list_start = .
 *(SORT_BY_NAME(SORT_BY_ALIGNMENT(._fuel_gauge_emul_driver_api.static.*)))
                0x00000000000043e0                _fuel_gauge_emul_driver_api_list_end = .

emul_sensor_driver_api_area
                0x00000000000043e0        0x0
                0x00000000000043e0                _emul_sensor_driver_api_list_start = .
 *(SORT_BY_NAME(SORT_BY_ALIGNMENT(._emul_sensor_driver_api.static.*)))
                0x00000000000043e0                _emul_sensor_driver_api_list_end = .

entropy_driver_api_area
                0x00000000000043e0        0x0
                0x00000000000043e0                _entropy_driver_api_list_start = .
 *(SORT_BY_NAME(SORT_BY_ALIGNMENT(._entropy_driver_api.static.*)))
                0x00000000000043e0                _entropy_driver_api_list_end = .

espi_driver_api_area
                0x00000000000043e0        0x0
                0x00000000000043e0                _espi_driver_api_list_start = .
 *(SORT_BY_NAME(SORT_BY_ALIGNMENT(._espi_driver_api.static.*)))
                0x00000000000043e0                _espi_driver_api_list_end = .

espi_saf_driver_api_area
                0x00000000000043e0        0x0
                0x00000000000043e0                _espi_saf_driver_api_list_start = .
 *(SORT_BY_NAME(SORT_BY_ALIGNMENT(._espi_saf_driver_api.static.*)))
                0x00000000000043e0                _espi_saf_driver_api_list_end = .

flash_driver_api_area
                0x00000000000043e0        0x0
                0x00000000000043e0                _flash_driver_api_list_start = .
 *(SORT_BY_NAME(SORT_BY_ALIGNMENT(._flash_driver_api.static.*)))
                0x00000000000043e0                _flash_driver_api_list_end = .

fpga_driver_api_area
                0x00000000000043e0        0x0
                0x00000000000043e0                _fpga_driver_api_list_start = .
 *(SORT_BY_NAME(SORT_BY_ALIGNMENT(._fpga_driver_api.static.*)))
                0x00000000000043e0                _fpga_driver_api_list_end = .

fuel_gauge_driver_api_area
                0x00000000000043e0        0x0
                0x00000000000043e0                _fuel_gauge_driver_api_list_start = .
 *(SORT_BY_NAME(SORT_BY_ALIGNMENT(._fuel_gauge_driver_api.static.*)))
                0x00000000000043e0                _fuel_gauge_driver_api_list_end = .

gnss_driver_api_area
                0x00000000000043e0        0x0
                0x00000000000043e0                _gnss_driver_api_list_start = .
 *(SORT_BY_NAME(SORT_BY_ALIGNMENT(._gnss_driver_api.static.*)))
                0x00000000000043e0                _gnss_driver_api_list_end = .

haptics_driver_api_area
                0x00000000000043e0        0x0
                0x00000000000043e0                _haptics_driver_api_list_start = .
 *(SORT_BY_NAME(SORT_BY_ALIGNMENT(._haptics_driver_api.static.*)))
                0x00000000000043e0                _haptics_driver_api_list_end = .

hwspinlock_driver_api_area
                0x00000000000043e0        0x0
                0x00000000000043e0                _hwspinlock_driver_api_list_start = .
 *(SORT_BY_NAME(SORT_BY_ALIGNMENT(._hwspinlock_driver_api.static.*)))
                0x00000000000043e0                _hwspinlock_driver_api_list_end = .

i2c_driver_api_area
                0x00000000000043e0        0x0
                0x00000000000043e0                _i2c_driver_api_list_start = .
 *(SORT_BY_NAME(SORT_BY_ALIGNMENT(._i2c_driver_api.static.*)))
                0x00000000000043e0                _i2c_driver_api_list_end = .

i2c_target_driver_api_area
                0x00000000000043e0        0x0
                0x00000000000043e0                _i2c_target_driver_api_list_start = .
 *(SORT_BY_NAME(SORT_BY_ALIGNMENT(._i2c_target_driver_api.static.*)))
                0x00000000000043e0                _i2c_target_driver_api_list_end = .

i2s_driver_api_area
                0x00000000000043e0        0x0
                0x00000000000043e0                _i2s_driver_api_list_start = .
 *(SORT_BY_NAME(SORT_BY_ALIGNMENT(._i2s_driver_api.static.*)))
                0x00000000000043e0                _i2s_driver_api_list_end = .

i3c_driver_api_area
                0x00000000000043e0        0x0
                0x00000000000043e0                _i3c_driver_api_list_start = .
 *(SORT_BY_NAME(SORT_BY_ALIGNMENT(._i3c_driver_api.static.*)))
                0x00000000000043e0                _i3c_driver_api_list_end = .

ipm_driver_api_area
                0x00000000000043e0        0x0
                0x00000000000043e0                _ipm_driver_api_list_start = .
 *(SORT_BY_NAME(SORT_BY_ALIGNMENT(._ipm_driver_api.static.*)))
                0x00000000000043e0                _ipm_driver_api_list_end = .

led_driver_api_area
                0x00000000000043e0        0x0
                0x00000000000043e0                _led_driver_api_list_start = .
 *(SORT_BY_NAME(SORT_BY_ALIGNMENT(._led_driver_api.static.*)))
                0x00000000000043e0                _led_driver_api_list_end = .

led_strip_driver_api_area
                0x00000000000043e0        0x0
                0x00000000000043e0                _led_strip_driver_api_list_start = .
 *(SORT_BY_NAME(SORT_BY_ALIGNMENT(._led_strip_driver_api.static.*)))
                0x00000000000043e0                _led_strip_driver_api_list_end = .

lora_driver_api_area
                0x00000000000043e0        0x0
                0x00000000000043e0                _lora_driver_api_list_start = .
 *(SORT_BY_NAME(SORT_BY_ALIGNMENT(._lora_driver_api.static.*)))
                0x00000000000043e0                _lora_driver_api_list_end = .

mbox_driver_api_area
                0x00000000000043e0        0x0
                0x00000000000043e0                _mbox_driver_api_list_start = .
 *(SORT_BY_NAME(SORT_BY_ALIGNMENT(._mbox_driver_api.static.*)))
                0x00000000000043e0                _mbox_driver_api_list_end = .

mdio_driver_api_area
                0x00000000000043e0        0x0
                0x00000000000043e0                _mdio_driver_api_list_start = .
 *(SORT_BY_NAME(SORT_BY_ALIGNMENT(._mdio_driver_api.static.*)))
                0x00000000000043e0                _mdio_driver_api_list_end = .

mipi_dbi_driver_api_area
                0x00000000000043e0        0x0
                0x00000000000043e0                _mipi_dbi_driver_api_list_start = .
 *(SORT_BY_NAME(SORT_BY_ALIGNMENT(._mipi_dbi_driver_api.static.*)))
                0x00000000000043e0                _mipi_dbi_driver_api_list_end = .

mipi_dsi_driver_api_area
                0x00000000000043e0        0x0
                0x00000000000043e0                _mipi_dsi_driver_api_list_start = .
 *(SORT_BY_NAME(SORT_BY_ALIGNMENT(._mipi_dsi_driver_api.static.*)))
                0x00000000000043e0                _mipi_dsi_driver_api_list_end = .

mspi_driver_api_area
                0x00000000000043e0        0x0
                0x00000000000043e0                _mspi_driver_api_list_start = .
 *(SORT_BY_NAME(SORT_BY_ALIGNMENT(._mspi_driver_api.static.*)))
                0x00000000000043e0                _mspi_driver_api_list_end = .

peci_driver_api_area
                0x00000000000043e0        0x0
                0x00000000000043e0                _peci_driver_api_list_start = .
 *(SORT_BY_NAME(SORT_BY_ALIGNMENT(._peci_driver_api.static.*)))
                0x00000000000043e0                _peci_driver_api_list_end = .

ps2_driver_api_area
                0x00000000000043e0        0x0
                0x00000000000043e0                _ps2_driver_api_list_start = .
 *(SORT_BY_NAME(SORT_BY_ALIGNMENT(._ps2_driver_api.static.*)))
                0x00000000000043e0                _ps2_driver_api_list_end = .

ptp_clock_driver_api_area
                0x00000000000043e0        0x0
                0x00000000000043e0                _ptp_clock_driver_api_list_start = .
 *(SORT_BY_NAME(SORT_BY_ALIGNMENT(._ptp_clock_driver_api.static.*)))
                0x00000000000043e0                _ptp_clock_driver_api_list_end = .

pwm_driver_api_area
                0x00000000000043e0        0x0
                0x00000000000043e0                _pwm_driver_api_list_start = .
 *(SORT_BY_NAME(SORT_BY_ALIGNMENT(._pwm_driver_api.static.*)))
                0x00000000000043e0                _pwm_driver_api_list_end = .

regulator_parent_driver_api_area
                0x00000000000043e0        0x0
                0x00000000000043e0                _regulator_parent_driver_api_list_start = .
 *(SORT_BY_NAME(SORT_BY_ALIGNMENT(._regulator_parent_driver_api.static.*)))
                0x00000000000043e0                _regulator_parent_driver_api_list_end = .

regulator_driver_api_area
                0x00000000000043e0        0x0
                0x00000000000043e0                _regulator_driver_api_list_start = .
 *(SORT_BY_NAME(SORT_BY_ALIGNMENT(._regulator_driver_api.static.*)))
                0x00000000000043e0                _regulator_driver_api_list_end = .

reset_driver_api_area
                0x00000000000043e0        0x0
                0x00000000000043e0                _reset_driver_api_list_start = .
 *(SORT_BY_NAME(SORT_BY_ALIGNMENT(._reset_driver_api.static.*)))
                0x00000000000043e0                _reset_driver_api_list_end = .

retained_mem_driver_api_area
                0x00000000000043e0        0x0
                0x00000000000043e0                _retained_mem_driver_api_list_start = .
 *(SORT_BY_NAME(SORT_BY_ALIGNMENT(._retained_mem_driver_api.static.*)))
                0x00000000000043e0                _retained_mem_driver_api_list_end = .

rtc_driver_api_area
                0x00000000000043e0        0x0
                0x00000000000043e0                _rtc_driver_api_list_start = .
 *(SORT_BY_NAME(SORT_BY_ALIGNMENT(._rtc_driver_api.static.*)))
                0x00000000000043e0                _rtc_driver_api_list_end = .

sdhc_driver_api_area
                0x00000000000043e0        0x0
                0x00000000000043e0                _sdhc_driver_api_list_start = .
 *(SORT_BY_NAME(SORT_BY_ALIGNMENT(._sdhc_driver_api.static.*)))
                0x00000000000043e0                _sdhc_driver_api_list_end = .

sensor_driver_api_area
                0x00000000000043e0        0x0
                0x00000000000043e0                _sensor_driver_api_list_start = .
 *(SORT_BY_NAME(SORT_BY_ALIGNMENT(._sensor_driver_api.static.*)))
                0x00000000000043e0                _sensor_driver_api_list_end = .

smbus_driver_api_area
                0x00000000000043e0        0x0
                0x00000000000043e0                _smbus_driver_api_list_start = .
 *(SORT_BY_NAME(SORT_BY_ALIGNMENT(._smbus_driver_api.static.*)))
                0x00000000000043e0                _smbus_driver_api_list_end = .

spi_driver_api_area
                0x00000000000043e0        0x0
                0x00000000000043e0                _spi_driver_api_list_start = .
 *(SORT_BY_NAME(SORT_BY_ALIGNMENT(._spi_driver_api.static.*)))
                0x00000000000043e0                _spi_driver_api_list_end = .

stepper_driver_api_area
                0x00000000000043e0        0x0
                0x00000000000043e0                _stepper_driver_api_list_start = .
 *(SORT_BY_NAME(SORT_BY_ALIGNMENT(._stepper_driver_api.static.*)))
                0x00000000000043e0                _stepper_driver_api_list_end = .

syscon_driver_api_area
                0x00000000000043e0        0x0
                0x00000000000043e0                _syscon_driver_api_list_start = .
 *(SORT_BY_NAME(SORT_BY_ALIGNMENT(._syscon_driver_api.static.*)))
                0x00000000000043e0                _syscon_driver_api_list_end = .

tee_driver_api_area
                0x00000000000043e0        0x0
                0x00000000000043e0                _tee_driver_api_list_start = .
 *(SORT_BY_NAME(SORT_BY_ALIGNMENT(._tee_driver_api.static.*)))
                0x00000000000043e0                _tee_driver_api_list_end = .

video_driver_api_area
                0x00000000000043e0        0x0
                0x00000000000043e0                _video_driver_api_list_start = .
 *(SORT_BY_NAME(SORT_BY_ALIGNMENT(._video_driver_api.static.*)))
                0x00000000000043e0                _video_driver_api_list_end = .

virtio_driver_api_area
                0x00000000000043e0        0x0
                0x00000000000043e0                _virtio_driver_api_list_start = .
 *(SORT_BY_NAME(SORT_BY_ALIGNMENT(._virtio_driver_api.static.*)))
                0x00000000000043e0                _virtio_driver_api_list_end = .

w1_driver_api_area
                0x00000000000043e0        0x0
                0x00000000000043e0                _w1_driver_api_list_start = .
 *(SORT_BY_NAME(SORT_BY_ALIGNMENT(._w1_driver_api.static.*)))
                0x00000000000043e0                _w1_driver_api_list_end = .

wdt_driver_api_area
                0x00000000000043e0        0x0
                0x00000000000043e0                _wdt_driver_api_list_start = .
 *(SORT_BY_NAME(SORT_BY_ALIGNMENT(._wdt_driver_api.static.*)))
                0x00000000000043e0                _wdt_driver_api_list_end = .

can_transceiver_driver_api_area
                0x00000000000043e0        0x0
                0x00000000000043e0                _can_transceiver_driver_api_list_start = .
 *(SORT_BY_NAME(SORT_BY_ALIGNMENT(._can_transceiver_driver_api.static.*)))
                0x00000000000043e0                _can_transceiver_driver_api_list_end = .

nrf_clock_control_driver_api_area
                0x00000000000043e0        0x0
                0x00000000000043e0                _nrf_clock_control_driver_api_list_start = .
 *(SORT_BY_NAME(SORT_BY_ALIGNMENT(._nrf_clock_control_driver_api.static.*)))
                0x00000000000043e0                _nrf_clock_control_driver_api_list_end = .

i3c_target_driver_api_area
                0x00000000000043e0        0x0
                0x00000000000043e0                _i3c_target_driver_api_list_start = .
 *(SORT_BY_NAME(SORT_BY_ALIGNMENT(._i3c_target_driver_api.static.*)))
                0x00000000000043e0                _i3c_target_driver_api_list_end = .

its_driver_api_area
                0x00000000000043e0        0x0
                0x00000000000043e0                _its_driver_api_list_start = .
 *(SORT_BY_NAME(SORT_BY_ALIGNMENT(._its_driver_api.static.*)))
                0x00000000000043e0                _its_driver_api_list_end = .

vtd_driver_api_area
                0x00000000000043e0        0x0
                0x00000000000043e0                _vtd_driver_api_list_start = .
 *(SORT_BY_NAME(SORT_BY_ALIGNMENT(._vtd_driver_api.static.*)))
                0x00000000000043e0                _vtd_driver_api_list_end = .

renesas_elc_driver_api_area
                0x00000000000043e0        0x0
                0x00000000000043e0                _renesas_elc_driver_api_list_start = .
 *(SORT_BY_NAME(SORT_BY_ALIGNMENT(._renesas_elc_driver_api.static.*)))
                0x00000000000043e0                _renesas_elc_driver_api_list_end = .

tgpio_driver_api_area
                0x00000000000043e0        0x0
                0x00000000000043e0                _tgpio_driver_api_list_start = .
 *(SORT_BY_NAME(SORT_BY_ALIGNMENT(._tgpio_driver_api.static.*)))
                0x00000000000043e0                _tgpio_driver_api_list_end = .

pcie_ctrl_driver_api_area
                0x00000000000043e0        0x0
                0x00000000000043e0                _pcie_ctrl_driver_api_list_start = .
 *(SORT_BY_NAME(SORT_BY_ALIGNMENT(._pcie_ctrl_driver_api.static.*)))
                0x00000000000043e0                _pcie_ctrl_driver_api_list_end = .

pcie_ep_driver_api_area
                0x00000000000043e0        0x0
                0x00000000000043e0                _pcie_ep_driver_api_list_start = .
 *(SORT_BY_NAME(SORT_BY_ALIGNMENT(._pcie_ep_driver_api.static.*)))
                0x00000000000043e0                _pcie_ep_driver_api_list_end = .

psi5_driver_api_area
                0x00000000000043e0        0x0
                0x00000000000043e0                _psi5_driver_api_list_start = .
 *(SORT_BY_NAME(SORT_BY_ALIGNMENT(._psi5_driver_api.static.*)))
                0x00000000000043e0                _psi5_driver_api_list_end = .

sent_driver_api_area
                0x00000000000043e0        0x0
                0x00000000000043e0                _sent_driver_api_list_start = .
 *(SORT_BY_NAME(SORT_BY_ALIGNMENT(._sent_driver_api.static.*)))
                0x00000000000043e0                _sent_driver_api_list_end = .

svc_driver_api_area
                0x00000000000043e0        0x0
                0x00000000000043e0                _svc_driver_api_list_start = .
 *(SORT_BY_NAME(SORT_BY_ALIGNMENT(._svc_driver_api.static.*)))
                0x00000000000043e0                _svc_driver_api_list_end = .

uart_driver_api_area
                0x00000000000043e0       0x14
                0x00000000000043e0                _uart_driver_api_list_start = .
 *(SORT_BY_NAME(SORT_BY_ALIGNMENT(._uart_driver_api.static.*)))
 ._uart_driver_api.static.mcux_lpsci_driver_api_
                0x00000000000043e0       0x14 C:\Users\hsilv\OneDrive\Documentos\PlatformIO\Projects\uart\.pio\build\frdm_kl25z\zephyr/drivers/serial/libdrivers__serial.a(uart_mcux_lpsci.c.o)
                0x00000000000043f4                _uart_driver_api_list_end = .

bc12_emul_driver_api_area
                0x00000000000043f4        0x0
                0x00000000000043f4                _bc12_emul_driver_api_list_start = .
 *(SORT_BY_NAME(SORT_BY_ALIGNMENT(._bc12_emul_driver_api.static.*)))
                0x00000000000043f4                _bc12_emul_driver_api_list_end = .

bc12_driver_api_area
                0x00000000000043f4        0x0
                0x00000000000043f4                _bc12_driver_api_list_start = .
 *(SORT_BY_NAME(SORT_BY_ALIGNMENT(._bc12_driver_api.static.*)))
                0x00000000000043f4                _bc12_driver_api_list_end = .

usbc_ppc_driver_api_area
                0x00000000000043f4        0x0
                0x00000000000043f4                _usbc_ppc_driver_api_list_start = .
 *(SORT_BY_NAME(SORT_BY_ALIGNMENT(._usbc_ppc_driver_api.static.*)))
                0x00000000000043f4                _usbc_ppc_driver_api_list_end = .

tcpc_driver_api_area
                0x00000000000043f4        0x0
                0x00000000000043f4                _tcpc_driver_api_list_start = .
 *(SORT_BY_NAME(SORT_BY_ALIGNMENT(._tcpc_driver_api.static.*)))
                0x00000000000043f4                _tcpc_driver_api_list_end = .

usbc_vbus_driver_api_area
                0x00000000000043f4        0x0
                0x00000000000043f4                _usbc_vbus_driver_api_list_start = .
 *(SORT_BY_NAME(SORT_BY_ALIGNMENT(._usbc_vbus_driver_api.static.*)))
                0x00000000000043f4                _usbc_vbus_driver_api_list_end = .
