Archive member included to satisfy reference by file (symbol)

C:\Users\hsilv\OneDrive\Documentos\PlatformIO\Projects\uart\.pio\build\frdm_kl25z\zephyr/libzephyr.a(heap.c.o)
                              (--whole-archive)
C:\Users\hsilv\OneDrive\Documentos\PlatformIO\Projects\uart\.pio\build\frdm_kl25z\zephyr/libzephyr.a(cbprintf_packaged.c.o)
                              (--whole-archive)
C:\Users\hsilv\OneDrive\Documentos\PlatformIO\Projects\uart\.pio\build\frdm_kl25z\zephyr/libzephyr.a(clock.c.o)
                              (--whole-archive)
C:\Users\hsilv\OneDrive\Documentos\PlatformIO\Projects\uart\.pio\build\frdm_kl25z\zephyr/libzephyr.a(printk.c.o)
                              (--whole-archive)
C:\Users\hsilv\OneDrive\Documentos\PlatformIO\Projects\uart\.pio\build\frdm_kl25z\zephyr/libzephyr.a(sem.c.o)
                              (--whole-archive)
C:\Users\hsilv\OneDrive\Documentos\PlatformIO\Projects\uart\.pio\build\frdm_kl25z\zephyr/libzephyr.a(thread_entry.c.o)
                              (--whole-archive)
C:\Users\hsilv\OneDrive\Documentos\PlatformIO\Projects\uart\.pio\build\frdm_kl25z\zephyr/libzephyr.a(cbprintf_complete.c.o)
                              (--whole-archive)
C:\Users\hsilv\OneDrive\Documentos\PlatformIO\Projects\uart\.pio\build\frdm_kl25z\zephyr/libzephyr.a(assert.c.o)
                              (--whole-archive)
C:\Users\hsilv\OneDrive\Documentos\PlatformIO\Projects\uart\.pio\build\frdm_kl25z\zephyr/libzephyr.a(mpsc_pbuf.c.o)
                              (--whole-archive)
C:\Users\hsilv\OneDrive\Documentos\PlatformIO\Projects\uart\.pio\build\frdm_kl25z\zephyr/libzephyr.a(dec.c.o)
                              (--whole-archive)
C:\Users\hsilv\OneDrive\Documentos\PlatformIO\Projects\uart\.pio\build\frdm_kl25z\zephyr/libzephyr.a(hex.c.o)
                              (--whole-archive)
C:\Users\hsilv\OneDrive\Documentos\PlatformIO\Projects\uart\.pio\build\frdm_kl25z\zephyr/libzephyr.a(rb.c.o)
                              (--whole-archive)
C:\Users\hsilv\OneDrive\Documentos\PlatformIO\Projects\uart\.pio\build\frdm_kl25z\zephyr/libzephyr.a(timeutil.c.o)
                              (--whole-archive)
C:\Users\hsilv\OneDrive\Documentos\PlatformIO\Projects\uart\.pio\build\frdm_kl25z\zephyr/libzephyr.a(bitarray.c.o)
                              (--whole-archive)
C:\Users\hsilv\OneDrive\Documentos\PlatformIO\Projects\uart\.pio\build\frdm_kl25z\zephyr/libzephyr.a(ring_buffer.c.o)
                              (--whole-archive)
C:\Users\hsilv\OneDrive\Documentos\PlatformIO\Projects\uart\.pio\build\frdm_kl25z\zephyr/libzephyr.a(last_section_id.c.o)
                              (--whole-archive)
C:\Users\hsilv\OneDrive\Documentos\PlatformIO\Projects\uart\.pio\build\frdm_kl25z\zephyr/libzephyr.a(configs.c.o)
                              (--whole-archive)
C:\Users\hsilv\OneDrive\Documentos\PlatformIO\Projects\uart\.pio\build\frdm_kl25z\zephyr/libzephyr.a(flash_configuration.c.o)
                              (--whole-archive)
C:\Users\hsilv\OneDrive\Documentos\PlatformIO\Projects\uart\.pio\build\frdm_kl25z\zephyr/libzephyr.a(soc.c.o)
                              (--whole-archive)
C:\Users\hsilv\OneDrive\Documentos\PlatformIO\Projects\uart\.pio\build\frdm_kl25z\zephyr/libzephyr.a(log_core.c.o)
                              (--whole-archive)
C:\Users\hsilv\OneDrive\Documentos\PlatformIO\Projects\uart\.pio\build\frdm_kl25z\zephyr/libzephyr.a(log_mgmt.c.o)
                              (--whole-archive)
C:\Users\hsilv\OneDrive\Documentos\PlatformIO\Projects\uart\.pio\build\frdm_kl25z\zephyr/libzephyr.a(log_cache.c.o)
                              (--whole-archive)
C:\Users\hsilv\OneDrive\Documentos\PlatformIO\Projects\uart\.pio\build\frdm_kl25z\zephyr/libzephyr.a(log_msg.c.o)
                              (--whole-archive)
C:\Users\hsilv\OneDrive\Documentos\PlatformIO\Projects\uart\.pio\build\frdm_kl25z\zephyr/libzephyr.a(log_output.c.o)
                              (--whole-archive)
C:\Users\hsilv\OneDrive\Documentos\PlatformIO\Projects\uart\.pio\build\frdm_kl25z\zephyr/libzephyr.a(log_backend_uart.c.o)
                              (--whole-archive)
C:\Users\hsilv\OneDrive\Documentos\PlatformIO\Projects\uart\.pio\build\frdm_kl25z\zephyr/libzephyr.a(tracing_none.c.o)
                              (--whole-archive)
C:\Users\hsilv\OneDrive\Documentos\PlatformIO\Projects\uart\.pio\build\frdm_kl25z\zephyr/arch/common/libarch__common.a(sw_isr_common.c.o)
                              (--whole-archive)
C:\Users\hsilv\OneDrive\Documentos\PlatformIO\Projects\uart\.pio\build\frdm_kl25z\zephyr/arch/arch/arm/core/libarch__arm__core.a(fatal.c.o)
                              (--whole-archive)
C:\Users\hsilv\OneDrive\Documentos\PlatformIO\Projects\uart\.pio\build\frdm_kl25z\zephyr/arch/arch/arm/core/libarch__arm__core.a(nmi.c.o)
                              (--whole-archive)
[...]
Memory Configuration

Name             Origin             Length             Attributes
FLASH            0x0000000000000000 0x0000000000020000 xr
RAM              0x000000001ffff000 0x0000000000004000 xw
IDT_LIST         0x00000000ffff7fff 0x0000000000008000 xw
*default*        0x0000000000000000 0xffffffffffffffff

Linker script and memory map

LOAD .pio\build\frdm_kl25z\zephyr_pre0\zephyr\misc\empty_file.c.o
LOAD .pio\build\frdm_kl25z\src\main.o
LOAD .pio\build\frdm_kl25z\zephyr_final\zephyr\misc\empty_file.c.o
LOAD .pio\build\frdm_kl25z\zephyr_final\zephyr\isr_tables.c.o
LOAD C:\Users\hsilv\OneDrive\Documentos\PlatformIO\Projects\uart\.pio\build\frdm_kl25z\zephyr/libzephyr.a
LOAD C:\Users\hsilv\OneDrive\Documentos\PlatformIO\Projects\uart\.pio\build\frdm_kl25z\zephyr/arch/common/libarch__common.a
LOAD C:\Users\hsilv\OneDrive\Documentos\PlatformIO\Projects\uart\.pio\build\frdm_kl25z\zephyr/arch/arch/arm/core/libarch__arm__core.a
LOAD C:\Users\hsilv\OneDrive\Documentos\PlatformIO\Projects\uart\.pio\build\frdm_kl25z\zephyr/arch/arch/arm/core/cortex_m/libarch__arm__core__cortex_m.a
LOAD C:\Users\hsilv\OneDrive\Documentos\PlatformIO\Projects\uart\.pio\build\frdm_kl25z\zephyr/lib/libc/picolibc/liblib__libc__picolibc.a
LOAD C:\Users\hsilv\OneDrive\Documentos\PlatformIO\Projects\uart\.pio\build\frdm_kl25z\zephyr/lib/libc/common/liblib__libc__common.a
LOAD C:\Users\hsilv\OneDrive\Documentos\PlatformIO\Projects\uart\.pio\build\frdm_kl25z\zephyr/drivers/clock_control/libdrivers__clock_control.a
LOAD C:\Users\hsilv\OneDrive\Documentos\PlatformIO\Projects\uart\.pio\build\frdm_kl25z\zephyr/drivers/console/libdrivers__console.a
LOAD C:\Users\hsilv\OneDrive\Documentos\PlatformIO\Projects\uart\.pio\build\frdm_kl25z\zephyr/drivers/gpio/libdrivers__gpio.a
LOAD C:\Users\hsilv\OneDrive\Documentos\PlatformIO\Projects\uart\.pio\build\frdm_kl25z\zephyr/drivers/pinctrl/libdrivers__pinctrl.a
LOAD C:\Users\hsilv\OneDrive\Documentos\PlatformIO\Projects\uart\.pio\build\frdm_kl25z\zephyr/drivers/serial/libdrivers__serial.a
LOAD C:\Users\hsilv\OneDrive\Documentos\PlatformIO\Projects\uart\.pio\build\frdm_kl25z\zephyr/drivers/timer/libdrivers__timer.a
LOAD C:\Users\hsilv\OneDrive\Documentos\PlatformIO\Projects\uart\.pio\build\frdm_kl25z\modules/_bare_module/lib_pio___bare_module.a
LOAD C:\Users\hsilv\OneDrive\Documentos\PlatformIO\Projects\uart\.pio\build\frdm_kl25z\modules/hal_nxp/libmodules__hal_nxp.a
LOAD C:\Users\hsilv\OneDrive\Documentos\PlatformIO\Projects\uart\.pio\build\frdm_kl25z\zephyr\liboffsets.a
LOAD C:\Users\hsilv\OneDrive\Documentos\PlatformIO\Projects\uart\.pio\build\frdm_kl25z\zephyr/kernel/libkernel.a
LOAD C:\Users\hsilv\OneDrive\Documentos\PlatformIO\Projects\uart\.pio\build\frdm_kl25z\zephyr/arch/common/libisr_tables.a
LOAD C:\Users\hsilv\OneDrive\Documentos\PlatformIO\Projects\uart\.pio\build\frdm_kl25z\modules\picolibc\libc.a
LOAD c:/users/hsilv/.platformio/packages/toolchain-gccarmnoneeabi/bin/../lib/gcc/arm-none-eabi/8.2.1/thumb/v6-m/nofp\libgcc.a
                0x0000000000000004                _region_min_align = 0x4

.rel.plt        0x0000000000000000        0x0
 *(SORT_BY_ALIGNMENT(.rel.plt))
                [!provide]                        PROVIDE (__rel_iplt_start = .)
 *(SORT_BY_ALIGNMENT(.rel.iplt))
 .rel.iplt      0x0000000000000000        0x0 .pio\build\frdm_kl25z\src\main.o
                [!provide]                        PROVIDE (__rel_iplt_end = .)

.rela.plt       0x0000000000000000        0x0
 *(SORT_BY_ALIGNMENT(.rela.plt))
                [!provide]                        PROVIDE (__rela_iplt_start = .)
 *(SORT_BY_ALIGNMENT(.rela.iplt))
                [!provide]                        PROVIDE (__rela_iplt_end = .)

.rel.dyn
 *(SORT_BY_ALIGNMENT(.rel.*))

.rela.dyn
 *(SORT_BY_ALIGNMENT(.rela.*))

/DISCARD/
 *(SORT_BY_ALIGNMENT(.plt))
 *(SORT_BY_ALIGNMENT(.iplt))
 *(SORT_BY_ALIGNMENT(.eh_frame))
 *(SORT_BY_ALIGNMENT(.got.plt))
 *(SORT_BY_ALIGNMENT(.igot.plt))
 *(SORT_BY_ALIGNMENT(.got))
 *(SORT_BY_ALIGNMENT(.igot))
 *(SORT_BY_ALIGNMENT(.irq_info*))
 *(SORT_BY_ALIGNMENT(.intList*))
 *(SORT_BY_ALIGNMENT(.note.GNU-stack))
                0x0000000000000000                __rom_region_start = 0x0

rom_start       0x0000000000000000      0x410
                0x0000000000000000                __rom_start_address = .
 FILL mask 0x00
                0x0000000000000000                . = (. + (0x0 - (. - __rom_start_address)))
                0x0000000000000000                . = ALIGN (0x4)
                0x0000000000000000                . = ALIGN (0x100)
                0x0000000000000000                . = ALIGN (0x100)
                0x0000000000000000                _vector_start = .
 *(SORT_BY_ALIGNMENT(.exc_vector_table))
 *(SORT_BY_ALIGNMENT(.exc_vector_table.*))
 .exc_vector_table._vector_table_section
                0x0000000000000000       0x40 C:\Users\hsilv\OneDrive\Documentos\PlatformIO\Projects\uart\.pio\build\frdm_kl25z\zephyr/arch/arch/arm/core/cortex_m/libarch__arm__core__cortex_m.a(vector_table.S.o)
                0x0000000000000000                _vector_table
 *(SORT_BY_ALIGNMENT(.vectors))
                0x0000000000000040                _vector_end = .
                0x0000000000000040                . = ALIGN (0x4)
 *(SORT_BY_ALIGNMENT(.gnu.linkonce.irq_vector_table*))
 .gnu.linkonce.irq_vector_table
                0x0000000000000040       0x80 .pio\build\frdm_kl25z\zephyr_final\zephyr\isr_tables.c.o
                0x0000000000000040                _irq_vector_table
                0x00000000000000c0                _vector_end = .
                0x0000000000000400                . = 0x400
 *fill*         0x00000000000000c0      0x340 00
 *(SORT_BY_ALIGNMENT(.kinetis_flash_config))
 *(SORT_BY_ALIGNMENT(.kinetis_flash_config.*))
 .kinetis_flash_config."ZEPHYR_BASE\\soc\\nxp\\kinetis\\flash_configuration.c".0
                0x0000000000000400       0x10 C:\Users\hsilv\OneDrive\Documentos\PlatformIO\Projects\uart\.pio\build\frdm_kl25z\zephyr/libzephyr.a(flash_configuration.c.o)
                0x0000000000000400                __kinetis_flash_config

text            0x0000000000000410     0x4e68
                0x0000000000000410                __text_region_start = .
 *(SORT_BY_ALIGNMENT(.text))
 .text          0x0000000000000410       0x14 c:/users/hsilv/.platformio/packages/toolchain-gccarmnoneeabi/bin/../lib/gcc/arm-none-eabi/8.2.1/thumb/v6-m/nofp\libgcc.a(_thumb1_case_uqi.o)
                0x0000000000000410                __gnu_thumb1_case_uqi
 .text          0x0000000000000424      0x114 c:/users/hsilv/.platformio/packages/toolchain-gccarmnoneeabi/bin/../lib/gcc/arm-none-eabi/8.2.1/thumb/v6-m/nofp\libgcc.a(_udivsi3.o)
                0x0000000000000424                __aeabi_uidiv
                0x0000000000000424                __udivsi3
                0x0000000000000530                __aeabi_uidivmod
 .text          0x0000000000000538        0x4 c:/users/hsilv/.platformio/packages/toolchain-gccarmnoneeabi/bin/../lib/gcc/arm-none-eabi/8.2.1/thumb/v6-m/nofp\libgcc.a(_dvmd_tls.o)
                0x0000000000000538                __aeabi_idiv0
                0x0000000000000538                __aeabi_ldiv0
 .text          0x000000000000053c       0x3c c:/users/hsilv/.platformio/packages/toolchain-gccarmnoneeabi/bin/../lib/gcc/arm-none-eabi/8.2.1/thumb/v6-m/nofp\libgcc.a(_clzsi2.o)
                0x000000000000053c                __clzsi2
 .text          0x0000000000000578       0x40 c:/users/hsilv/.platformio/packages/toolchain-gccarmnoneeabi/bin/../lib/gcc/arm-none-eabi/8.2.1/thumb/v6-m/nofp\libgcc.a(_ctzsi2.o)
                0x0000000000000578                __ctzsi2
 .text          0x00000000000005b8       0x40 c:/users/hsilv/.platformio/packages/toolchain-gccarmnoneeabi/bin/../lib/gcc/arm-none-eabi/8.2.1/thumb/v6-m/nofp\libgcc.a(_aeabi_uldivmod.o)
                0x00000000000005b8                __aeabi_uldivmod
 .text          0x00000000000005f8       0x18 c:/users/hsilv/.platformio/packages/toolchain-gccarmnoneeabi/bin/../lib/gcc/arm-none-eabi/8.2.1/thumb/v6-m/nofp\libgcc.a(_clzdi2.o)
                0x00000000000005f8                __clzdi2
 .text          0x0000000000000610        0xe C:\Users\hsilv\OneDrive\Documentos\PlatformIO\Projects\uart\.pio\build\frdm_kl25z\modules\picolibc\libc.a(strlen.S.o)
                0x0000000000000610                strlen
 *(SORT_BY_ALIGNMENT(.text.*))
 *fill*         0x000000000000061e        0x2 
 .text.gpio_pin_configure_dt
                0x0000000000000620       0x50 .pio\build\frdm_kl25z\src\main.o
 .text.button_pressed_isr.part.0
                0x0000000000000670       0x18 .pio\build\frdm_kl25z\src\main.o
 .text.button_pressed_isr
                0x0000000000000688       0x60 .pio\build\frdm_kl25z\src\main.o
                0x0000000000000688                button_pressed_isr
 .text.main     0x00000000000006e8      0x140 .pio\build\frdm_kl25z\src\main.o
                0x00000000000006e8                main
 .text.cbvprintf_package
                0x0000000000000828      0x368 C:\Users\hsilv\OneDrive\Documentos\PlatformIO\Projects\uart\.pio\build\frdm_kl25z\zephyr/libzephyr.a(cbprintf_packaged.c.o)
                0x0000000000000828                cbvprintf_package
 .text.cbprintf_package_convert
                0x0000000000000b90      0x428 C:\Users\hsilv\OneDrive\Documentos\PlatformIO\Projects\uart\.pio\build\frdm_kl25z\zephyr/libzephyr.a(cbprintf_packaged.c.o)
                0x0000000000000b90                cbprintf_package_convert
 .text.__printk_hook_install
                0x0000000000000fb8        0xc C:\Users\hsilv\OneDrive\Documentos\PlatformIO\Projects\uart\.pio\build\frdm_kl25z\zephyr/libzephyr.a(printk.c.o)
                0x0000000000000fb8                __printk_hook_install
 .text.clock_init
                0x0000000000000fc4       0x84 C:\Users\hsilv\OneDrive\Documentos\PlatformIO\Projects\uart\.pio\build\frdm_kl25z\zephyr/libzephyr.a(soc.c.o)
                0x0000000000000fc4                clock_init
 .text.enable_logger
                0x0000000000001048       0x5c C:\Users\hsilv\OneDrive\Documentos\PlatformIO\Projects\uart\.pio\build\frdm_kl25z\zephyr/libzephyr.a(log_core.c.o)
 .text.log_process_thread_timer_expiry_fn
                0x00000000000010a4       0x10 C:\Users\hsilv\OneDrive\Documentos\PlatformIO\Projects\uart\.pio\build\frdm_kl25z\zephyr/libzephyr.a(log_core.c.o)
 .text.activate_foreach_backend
                0x00000000000010b4       0x58 C:\Users\hsilv\OneDrive\Documentos\PlatformIO\Projects\uart\.pio\build\frdm_kl25z\zephyr/libzephyr.a(log_core.c.o)
 .text.z_log_init
                0x000000000000110c       0x94 C:\Users\hsilv\OneDrive\Documentos\PlatformIO\Projects\uart\.pio\build\frdm_kl25z\zephyr/libzephyr.a(log_core.c.o)
 .text.log_format_func_t_get
                0x00000000000011a0        0xc C:\Users\hsilv\OneDrive\Documentos\PlatformIO\Projects\uart\.pio\build\frdm_kl25z\zephyr/libzephyr.a(log_core.c.o)
                0x00000000000011a0                log_format_func_t_get
 .text.log_set_timestamp_func
                0x00000000000011ac       0x20 C:\Users\hsilv\OneDrive\Documentos\PlatformIO\Projects\uart\.pio\build\frdm_kl25z\zephyr/libzephyr.a(log_core.c.o)
                0x00000000000011ac                log_set_timestamp_func
 .text.z_log_notify_backend_enabled
                0x00000000000011cc       0x20 C:\Users\hsilv\OneDrive\Documentos\PlatformIO\Projects\uart\.pio\build\frdm_kl25z\zephyr/libzephyr.a(log_core.c.o)
                0x00000000000011cc                z_log_notify_backend_enabled
 .text.z_log_dropped
                0x00000000000011ec       0x34 C:\Users\hsilv\OneDrive\Documentos\PlatformIO\Projects\uart\.pio\build\frdm_kl25z\zephyr/libzephyr.a(log_core.c.o)
                0x00000000000011ec                z_log_dropped
 .text.z_log_dropped_read_and_clear
                0x0000000000001220       0x10 C:\Users\hsilv\OneDrive\Documentos\PlatformIO\Projects\uart\.pio\build\frdm_kl25z\zephyr/libzephyr.a(log_core.c.o)
                0x0000000000001220                z_log_dropped_read_and_clear
 .text.dropped_notify
                0x0000000000001230       0x34 C:\Users\hsilv\OneDrive\Documentos\PlatformIO\Projects\uart\.pio\build\frdm_kl25z\zephyr/libzephyr.a(log_core.c.o)
                0x0000000000001230                dropped_notify
 .text.z_log_msg_init
                0x0000000000001264       0x20 C:\Users\hsilv\OneDrive\Documentos\PlatformIO\Projects\uart\.pio\build\frdm_kl25z\zephyr/libzephyr.a(log_core.c.o)
                0x0000000000001264                z_log_msg_init
 .text.log_core_init
                0x0000000000001284       0x50 C:\Users\hsilv\OneDrive\Documentos\PlatformIO\Projects\uart\.pio\build\frdm_kl25z\zephyr/libzephyr.a(log_core.c.o)
                0x0000000000001284                log_core_init
 .text.z_log_msg_alloc
                0x00000000000012d4       0x14 C:\Users\hsilv\OneDrive\Documentos\PlatformIO\Projects\uart\.pio\build\frdm_kl25z\zephyr/libzephyr.a(log_core.c.o)
                0x00000000000012d4                z_log_msg_alloc
 .text.z_log_msg_local_claim
                0x00000000000012e8       0x10 C:\Users\hsilv\OneDrive\Documentos\PlatformIO\Projects\uart\.pio\build\frdm_kl25z\zephyr/libzephyr.a(log_core.c.o)
                0x00000000000012e8                z_log_msg_local_claim
 .text.z_log_msg_free
                0x00000000000012f8       0x14 C:\Users\hsilv\OneDrive\Documentos\PlatformIO\Projects\uart\.pio\build\frdm_kl25z\zephyr/libzephyr.a(log_core.c.o)
                0x00000000000012f8                z_log_msg_free
 .text.z_log_msg_pending
                0x000000000000130c       0x10 C:\Users\hsilv\OneDrive\Documentos\PlatformIO\Projects\uart\.pio\build\frdm_kl25z\zephyr/libzephyr.a(log_core.c.o)
                0x000000000000130c                z_log_msg_pending
 .text.z_impl_log_process
                0x000000000000131c       0x9c C:\Users\hsilv\OneDrive\Documentos\PlatformIO\Projects\uart\.pio\build\frdm_kl25z\zephyr/libzephyr.a(log_core.c.o)
                0x000000000000131c                z_impl_log_process
 .text.z_log_msg_post_finalize
                0x00000000000013b8       0x70 C:\Users\hsilv\OneDrive\Documentos\PlatformIO\Projects\uart\.pio\build\frdm_kl25z\zephyr/libzephyr.a(log_core.c.o)
 .text.z_log_msg_commit
                0x0000000000001428       0x24 C:\Users\hsilv\OneDrive\Documentos\PlatformIO\Projects\uart\.pio\build\frdm_kl25z\zephyr/libzephyr.a(log_core.c.o)
                0x0000000000001428                z_log_msg_commit
 .text.z_impl_log_panic
                0x000000000000144c       0x48 C:\Users\hsilv\OneDrive\Documentos\PlatformIO\Projects\uart\.pio\build\frdm_kl25z\zephyr/libzephyr.a(log_core.c.o)
                0x000000000000144c                z_impl_log_panic
 .text.log_process_thread_func
                0x0000000000001494       0x9c C:\Users\hsilv\OneDrive\Documentos\PlatformIO\Projects\uart\.pio\build\frdm_kl25z\zephyr/libzephyr.a(log_core.c.o)
 .text.log_source_name_get
                0x0000000000001530       0x1c C:\Users\hsilv\OneDrive\Documentos\PlatformIO\Projects\uart\.pio\build\frdm_kl25z\zephyr/libzephyr.a(log_mgmt.c.o)
                0x0000000000001530                log_source_name_get
 .text.z_impl_z_log_msg_static_create
                0x000000000000154c      0x128 C:\Users\hsilv\OneDrive\Documentos\PlatformIO\Projects\uart\.pio\build\frdm_kl25z\zephyr/libzephyr.a(log_msg.c.o)
                0x000000000000154c                z_impl_z_log_msg_static_create
 .text.z_log_msg_runtime_vcreate
                0x0000000000001674       0x98 C:\Users\hsilv\OneDrive\Documentos\PlatformIO\Projects\uart\.pio\build\frdm_kl25z\zephyr/libzephyr.a(log_msg.c.o)
                0x0000000000001674                z_log_msg_runtime_vcreate
 .text.log_msg_get_source_id
                0x000000000000170c       0x1c C:\Users\hsilv\OneDrive\Documentos\PlatformIO\Projects\uart\.pio\build\frdm_kl25z\zephyr/libzephyr.a(log_msg.c.o)
                0x000000000000170c                log_msg_get_source_id
 .text.print_formatted
                0x0000000000001728       0x20 C:\Users\hsilv\OneDrive\Documentos\PlatformIO\Projects\uart\.pio\build\frdm_kl25z\zephyr/libzephyr.a(log_output.c.o)
 .text.log_output_process
                0x0000000000001748      0x2c8 C:\Users\hsilv\OneDrive\Documentos\PlatformIO\Projects\uart\.pio\build\frdm_kl25z\zephyr/libzephyr.a(log_output.c.o)
                0x0000000000001748                log_output_process
 .text.log_output_dropped_process
                0x0000000000001a10       0x58 C:\Users\hsilv\OneDrive\Documentos\PlatformIO\Projects\uart\.pio\build\frdm_kl25z\zephyr/libzephyr.a(log_output.c.o)
                0x0000000000001a10                log_output_dropped_process
 .text.log_output_timestamp_freq_set
                0x0000000000001a68       0x34 C:\Users\hsilv\OneDrive\Documentos\PlatformIO\Projects\uart\.pio\build\frdm_kl25z\zephyr/libzephyr.a(log_output.c.o)
                0x0000000000001a68                log_output_timestamp_freq_set
 .text.char_out
                0x0000000000001a9c       0x24 C:\Users\hsilv\OneDrive\Documentos\PlatformIO\Projects\uart\.pio\build\frdm_kl25z\zephyr/libzephyr.a(log_backend_uart.c.o)
 .text.z_arm_fatal_error
                0x0000000000001ac0       0xbc C:\Users\hsilv\OneDrive\Documentos\PlatformIO\Projects\uart\.pio\build\frdm_kl25z\zephyr/arch/arch/arm/core/libarch__arm__core.a(fatal.c.o)
                0x0000000000001ac0                z_arm_fatal_error
 .text.z_SysNmiOnReset
                0x0000000000001b7c        0x4 C:\Users\hsilv\OneDrive\Documentos\PlatformIO\Projects\uart\.pio\build\frdm_kl25z\zephyr/arch/arch/arm/core/libarch__arm__core.a(nmi_on_reset.S.o)
                0x0000000000001b7c                z_SysNmiOnReset
 .text._HandlerModeExit
                0x0000000000001b80       0x20 C:\Users\hsilv\OneDrive\Documentos\PlatformIO\Projects\uart\.pio\build\frdm_kl25z\zephyr/arch/arch/arm/core/cortex_m/libarch__arm__core__cortex_m.a(exc_exit.c.o)
                0x0000000000001b80                z_arm_int_exit
                0x0000000000001b80                z_arm_exc_exit
 .text.z_arm_fault
                0x0000000000001ba0      0x144 C:\Users\hsilv\OneDrive\Documentos\PlatformIO\Projects\uart\.pio\build\frdm_kl25z\zephyr/arch/arch/arm/core/cortex_m/libarch__arm__core__cortex_m.a(fault.c.o)
                0x0000000000001ba0                z_arm_fault
 .text.z_arm_fault_init
                0x0000000000001ce4       0x10 C:\Users\hsilv\OneDrive\Documentos\PlatformIO\Projects\uart\.pio\build\frdm_kl25z\zephyr/arch/arch/arm/core/cortex_m/libarch__arm__core__cortex_m.a(fault.c.o)
                0x0000000000001ce4                z_arm_fault_init
 .text.__fault  0x0000000000001cf4       0x14 C:\Users\hsilv\OneDrive\Documentos\PlatformIO\Projects\uart\.pio\build\frdm_kl25z\zephyr/arch/arch/arm/core/cortex_m/libarch__arm__core__cortex_m.a(fault_s.S.o)
                0x0000000000001cf4                z_arm_hard_fault
                0x0000000000001cf4                z_arm_exc_spurious
 .text._reset_section
                0x0000000000001d08       0x38 C:\Users\hsilv\OneDrive\Documentos\PlatformIO\Projects\uart\.pio\build\frdm_kl25z\zephyr/arch/arch/arm/core/cortex_m/libarch__arm__core__cortex_m.a(reset.S.o)
                0x0000000000001d08                __start
                0x0000000000001d08                z_arm_reset
 .text.z_impl_k_thread_abort
                0x0000000000001d40       0x38 C:\Users\hsilv\OneDrive\Documentos\PlatformIO\Projects\uart\.pio\build\frdm_kl25z\zephyr/arch/arch/arm/core/cortex_m/libarch__arm__core__cortex_m.a(thread_abort.c.o)
                0x0000000000001d40                z_impl_k_thread_abort
 .text.z_arm_pendsv
                0x0000000000001d78       0x60 C:\Users\hsilv\OneDrive\Documentos\PlatformIO\Projects\uart\.pio\build\frdm_kl25z\zephyr/arch/arch/arm/core/cortex_m/libarch__arm__core__cortex_m.a(swap_helper.S.o)
                0x0000000000001d78                z_arm_pendsv
 .text.z_arm_svc
                0x0000000000001dd8       0x28 C:\Users\hsilv\OneDrive\Documentos\PlatformIO\Projects\uart\.pio\build\frdm_kl25z\zephyr/arch/arch/arm/core/cortex_m/libarch__arm__core__cortex_m.a(swap_helper.S.o)
                0x0000000000001dd8                z_arm_svc
 .text.arm_irq_enable
                0x0000000000001e00       0x18 C:\Users\hsilv\OneDrive\Documentos\PlatformIO\Projects\uart\.pio\build\frdm_kl25z\zephyr/arch/arch/arm/core/cortex_m/libarch__arm__core__cortex_m.a(irq_manage.c.o)
                0x0000000000001e00                arm_irq_enable
 .text.arm_irq_priority_set
                0x0000000000001e18       0x54 C:\Users\hsilv\OneDrive\Documentos\PlatformIO\Projects\uart\.pio\build\frdm_kl25z\zephyr/arch/arch/arm/core/cortex_m/libarch__arm__core__cortex_m.a(irq_manage.c.o)
                0x0000000000001e18                arm_irq_priority_set
 .text.relocate_vector_table
                0x0000000000001e6c       0x1c C:\Users\hsilv\OneDrive\Documentos\PlatformIO\Projects\uart\.pio\build\frdm_kl25z\zephyr/arch/arch/arm/core/cortex_m/libarch__arm__core__cortex_m.a(prep_c.c.o)
                0x0000000000001e6c                relocate_vector_table
 .text.arch_new_thread
                0x0000000000001e88       0x2c C:\Users\hsilv\OneDrive\Documentos\PlatformIO\Projects\uart\.pio\build\frdm_kl25z\zephyr/arch/arch/arm/core/cortex_m/libarch__arm__core__cortex_m.a(thread.c.o)
                0x0000000000001e88                arch_new_thread
 .text.arch_switch_to_main_thread
                0x0000000000001eb4       0x34 C:\Users\hsilv\OneDrive\Documentos\PlatformIO\Projects\uart\.pio\build\frdm_kl25z\zephyr/arch/arch/arm/core/cortex_m/libarch__arm__core__cortex_m.a(thread.c.o)
                0x0000000000001eb4                arch_switch_to_main_thread
 .text.z_arm_cpu_idle_init
                0x0000000000001ee8        0xc C:\Users\hsilv\OneDrive\Documentos\PlatformIO\Projects\uart\.pio\build\frdm_kl25z\zephyr/arch/arch/arm/core/cortex_m/libarch__arm__core__cortex_m.a(cpu_idle.c.o)
                0x0000000000001ee8                z_arm_cpu_idle_init
 .text.z_arm_interrupt_init
                0x0000000000001ef4       0x30 C:\Users\hsilv\OneDrive\Documentos\PlatformIO\Projects\uart\.pio\build\frdm_kl25z\zephyr/arch/arch/arm/core/cortex_m/libarch__arm__core__cortex_m.a(irq_init.c.o)
                0x0000000000001ef4                z_arm_interrupt_init
 .text._isr_wrapper
                0x0000000000001f24       0x20 C:\Users\hsilv\OneDrive\Documentos\PlatformIO\Projects\uart\.pio\build\frdm_kl25z\zephyr/arch/arch/arm/core/cortex_m/libarch__arm__core__cortex_m.a(isr_wrapper.c.o)
                0x0000000000001f24                _isr_wrapper
 .text.cbvprintf
                0x0000000000001f44       0x38 C:\Users\hsilv\OneDrive\Documentos\PlatformIO\Projects\uart\.pio\build\frdm_kl25z\zephyr/lib/libc/picolibc/liblib__libc__picolibc.a(cbprintf.c.o)
                0x0000000000001f44                cbvprintf
 .text.z_impl_zephyr_fputc
                0x0000000000001f7c       0x10 C:\Users\hsilv\OneDrive\Documentos\PlatformIO\Projects\uart\.pio\build\frdm_kl25z\zephyr/lib/libc/picolibc/liblib__libc__picolibc.a(stdio.c.o)
                0x0000000000001f7c                z_impl_zephyr_fputc
 .text.__stdout_hook_install
                0x0000000000001f8c       0x18 C:\Users\hsilv\OneDrive\Documentos\PlatformIO\Projects\uart\.pio\build\frdm_kl25z\zephyr/lib/libc/picolibc/liblib__libc__picolibc.a(stdio.c.o)
                0x0000000000001f8c                __stdout_hook_install
 .text.malloc_prepare
                0x0000000000001fa4       0x24 C:\Users\hsilv\OneDrive\Documentos\PlatformIO\Projects\uart\.pio\build\frdm_kl25z\zephyr/lib/libc/common/liblib__libc__common.a(malloc.c.o)
 .text.mcux_mcg_get_rate.part.0
                0x0000000000001fc8       0x1c C:\Users\hsilv\OneDrive\Documentos\PlatformIO\Projects\uart\.pio\build\frdm_kl25z\zephyr/drivers/clock_control/libdrivers__clock_control.a(clock_control_mcux_mcg.c.o)
 .text.mcux_sim_on
                0x0000000000001fe4       0x1c C:\Users\hsilv\OneDrive\Documentos\PlatformIO\Projects\uart\.pio\build\frdm_kl25z\zephyr/drivers/clock_control/libdrivers__clock_control.a(clock_control_mcux_sim.c.o)
 .text.mcux_sim_off
                0x0000000000002000       0x1c C:\Users\hsilv\OneDrive\Documentos\PlatformIO\Projects\uart\.pio\build\frdm_kl25z\zephyr/drivers/clock_control/libdrivers__clock_control.a(clock_control_mcux_sim.c.o)
 .text.mcux_sim_get_subsys_rate
                0x000000000000201c       0x30 C:\Users\hsilv\OneDrive\Documentos\PlatformIO\Projects\uart\.pio\build\frdm_kl25z\zephyr/drivers/clock_control/libdrivers__clock_control.a(clock_control_mcux_sim.c.o)
 .text.uart_console_init
                0x000000000000204c       0x2c C:\Users\hsilv\OneDrive\Documentos\PlatformIO\Projects\uart\.pio\build\frdm_kl25z\zephyr/drivers/console/libdrivers__console.a(uart_console.c.o)
 .text.console_out
                0x0000000000002078       0x28 C:\Users\hsilv\OneDrive\Documentos\PlatformIO\Projects\uart\.pio\build\frdm_kl25z\zephyr/drivers/console/libdrivers__console.a(uart_console.c.o)
 .text.gpio_mcux_port_configure
                0x00000000000020a0       0xa0 C:\Users\hsilv\OneDrive\Documentos\PlatformIO\Projects\uart\.pio\build\frdm_kl25z\zephyr/drivers/gpio/libdrivers__gpio.a(gpio_mcux.c.o)
 .text.gpio_mcux_pin_interrupt_configure
                0x0000000000002140       0x88 C:\Users\hsilv\OneDrive\Documentos\PlatformIO\Projects\uart\.pio\build\frdm_kl25z\zephyr/drivers/gpio/libdrivers__gpio.a(gpio_mcux.c.o)
 .text.pinctrl_mcux_init.part.0
                0x00000000000021c8       0x1c C:\Users\hsilv\OneDrive\Documentos\PlatformIO\Projects\uart\.pio\build\frdm_kl25z\zephyr/drivers/pinctrl/libdrivers__pinctrl.a(pinctrl_nxp_port.c.o)
 .text.pinctrl_mcux_init
                0x00000000000021e4       0x44 C:\Users\hsilv\OneDrive\Documentos\PlatformIO\Projects\uart\.pio\build\frdm_kl25z\zephyr/drivers/pinctrl/libdrivers__pinctrl.a(pinctrl_nxp_port.c.o)
 .text.pinctrl_configure_pins
                0x0000000000002228       0x44 C:\Users\hsilv\OneDrive\Documentos\PlatformIO\Projects\uart\.pio\build\frdm_kl25z\zephyr/drivers/pinctrl/libdrivers__pinctrl.a(pinctrl_nxp_port.c.o)
                0x0000000000002228                pinctrl_configure_pins
 .text.elapsed  0x000000000000226c       0x40 C:\Users\hsilv\OneDrive\Documentos\PlatformIO\Projects\uart\.pio\build\frdm_kl25z\zephyr/drivers/timer/libdrivers__timer.a(cortex_m_systick.c.o)
 .text.sys_clock_driver_init
                0x00000000000022ac       0x40 C:\Users\hsilv\OneDrive\Documentos\PlatformIO\Projects\uart\.pio\build\frdm_kl25z\zephyr/drivers/timer/libdrivers__timer.a(cortex_m_systick.c.o)
 .text.sys_clock_isr
                0x00000000000022ec       0x44 C:\Users\hsilv\OneDrive\Documentos\PlatformIO\Projects\uart\.pio\build\frdm_kl25z\zephyr/drivers/timer/libdrivers__timer.a(cortex_m_systick.c.o)
                0x00000000000022ec                sys_clock_isr
 .text.sys_clock_set_timeout
                0x0000000000002330       0xf8 C:\Users\hsilv\OneDrive\Documentos\PlatformIO\Projects\uart\.pio\build\frdm_kl25z\zephyr/drivers/timer/libdrivers__timer.a(cortex_m_systick.c.o)
                0x0000000000002330                sys_clock_set_timeout
 .text.sys_clock_elapsed
                0x0000000000002428       0x34 C:\Users\hsilv\OneDrive\Documentos\PlatformIO\Projects\uart\.pio\build\frdm_kl25z\zephyr/drivers/timer/libdrivers__timer.a(cortex_m_systick.c.o)
                0x0000000000002428                sys_clock_elapsed
 .text.CLOCK_GetFllExtRefClkFreq
                0x000000000000245c       0x3c C:\Users\hsilv\OneDrive\Documentos\PlatformIO\Projects\uart\.pio\build\frdm_kl25z\modules/hal_nxp/libmodules__hal_nxp.a(fsl_clock.c.o)
 .text.CLOCK_GetInternalRefClkSelectFreq
                0x0000000000002498       0x28 C:\Users\hsilv\OneDrive\Documentos\PlatformIO\Projects\uart\.pio\build\frdm_kl25z\modules/hal_nxp/libmodules__hal_nxp.a(fsl_clock.c.o)
 .text.CLOCK_GetOsc0ErClkFreq
                0x00000000000024c0       0x1c C:\Users\hsilv\OneDrive\Documentos\PlatformIO\Projects\uart\.pio\build\frdm_kl25z\modules/hal_nxp/libmodules__hal_nxp.a(fsl_clock.c.o)
                0x00000000000024c0                CLOCK_GetOsc0ErClkFreq
 .text.CLOCK_GetEr32kClkFreq
                0x00000000000024dc       0x40 C:\Users\hsilv\OneDrive\Documentos\PlatformIO\Projects\uart\.pio\build\frdm_kl25z\modules/hal_nxp/libmodules__hal_nxp.a(fsl_clock.c.o)
                0x00000000000024dc                CLOCK_GetEr32kClkFreq
 .text.CLOCK_SetSimConfig
                0x000000000000251c       0x4c C:\Users\hsilv\OneDrive\Documentos\PlatformIO\Projects\uart\.pio\build\frdm_kl25z\modules/hal_nxp/libmodules__hal_nxp.a(fsl_clock.c.o)
                0x000000000000251c                CLOCK_SetSimConfig
 .text.CLOCK_GetFllFreq
                0x0000000000002568       0x4c C:\Users\hsilv\OneDrive\Documentos\PlatformIO\Projects\uart\.pio\build\frdm_kl25z\modules/hal_nxp/libmodules__hal_nxp.a(fsl_clock.c.o)
                0x0000000000002568                CLOCK_GetFllFreq
 .text.CLOCK_GetInternalRefClkFreq
                0x00000000000025b4       0x18 C:\Users\hsilv\OneDrive\Documentos\PlatformIO\Projects\uart\.pio\build\frdm_kl25z\modules/hal_nxp/libmodules__hal_nxp.a(fsl_clock.c.o)
                0x00000000000025b4                CLOCK_GetInternalRefClkFreq
 .text.CLOCK_GetPll0Freq
                0x00000000000025cc       0x30 C:\Users\hsilv\OneDrive\Documentos\PlatformIO\Projects\uart\.pio\build\frdm_kl25z\modules/hal_nxp/libmodules__hal_nxp.a(fsl_clock.c.o)
                0x00000000000025cc                CLOCK_GetPll0Freq
 .text.CLOCK_GetPllFllSelClkFreq
                0x00000000000025fc       0x24 C:\Users\hsilv\OneDrive\Documentos\PlatformIO\Projects\uart\.pio\build\frdm_kl25z\modules/hal_nxp/libmodules__hal_nxp.a(fsl_clock.c.o)
                0x00000000000025fc                CLOCK_GetPllFllSelClkFreq
 .text.CLOCK_GetOutClkFreq
                0x0000000000002620       0x38 C:\Users\hsilv\OneDrive\Documentos\PlatformIO\Projects\uart\.pio\build\frdm_kl25z\modules/hal_nxp/libmodules__hal_nxp.a(fsl_clock.c.o)
                0x0000000000002620                CLOCK_GetOutClkFreq
 .text.CLOCK_GetFixedFreqClkFreq
                0x0000000000002658       0x34 C:\Users\hsilv\OneDrive\Documentos\PlatformIO\Projects\uart\.pio\build\frdm_kl25z\modules/hal_nxp/libmodules__hal_nxp.a(fsl_clock.c.o)
                0x0000000000002658                CLOCK_GetFixedFreqClkFreq
 .text.CLOCK_GetFreq
                0x000000000000268c       0x84 C:\Users\hsilv\OneDrive\Documentos\PlatformIO\Projects\uart\.pio\build\frdm_kl25z\modules/hal_nxp/libmodules__hal_nxp.a(fsl_clock.c.o)
                0x000000000000268c                CLOCK_GetFreq
 .text.CLOCK_SetInternalRefClkConfig
                0x0000000000002710       0x74 C:\Users\hsilv\OneDrive\Documentos\PlatformIO\Projects\uart\.pio\build\frdm_kl25z\modules/hal_nxp/libmodules__hal_nxp.a(fsl_clock.c.o)
                0x0000000000002710                CLOCK_SetInternalRefClkConfig
 .text.CLOCK_EnablePll0
                0x0000000000002784       0x30 C:\Users\hsilv\OneDrive\Documentos\PlatformIO\Projects\uart\.pio\build\frdm_kl25z\modules/hal_nxp/libmodules__hal_nxp.a(fsl_clock.c.o)
                0x0000000000002784                CLOCK_EnablePll0
 .text.CLOCK_InitOsc0
                0x00000000000027b4       0x6c C:\Users\hsilv\OneDrive\Documentos\PlatformIO\Projects\uart\.pio\build\frdm_kl25z\modules/hal_nxp/libmodules__hal_nxp.a(fsl_clock.c.o)
                0x00000000000027b4                CLOCK_InitOsc0
 .text.CLOCK_SetPbeMode
                0x0000000000002820       0x50 C:\Users\hsilv\OneDrive\Documentos\PlatformIO\Projects\uart\.pio\build\frdm_kl25z\modules/hal_nxp/libmodules__hal_nxp.a(fsl_clock.c.o)
                0x0000000000002820                CLOCK_SetPbeMode
 .text.CLOCK_BootToPeeMode
                0x0000000000002870       0x2c C:\Users\hsilv\OneDrive\Documentos\PlatformIO\Projects\uart\.pio\build\frdm_kl25z\modules/hal_nxp/libmodules__hal_nxp.a(fsl_clock.c.o)
                0x0000000000002870                CLOCK_BootToPeeMode
 .text.SystemInit
                0x000000000000289c       0x10 C:\Users\hsilv\OneDrive\Documentos\PlatformIO\Projects\uart\.pio\build\frdm_kl25z\modules/hal_nxp/libmodules__hal_nxp.a(system_MKL25Z4.c.o)
                0x000000000000289c                SystemInit
 .text.LPSCI_Init
                0x00000000000028ac      0x134 C:\Users\hsilv\OneDrive\Documentos\PlatformIO\Projects\uart\.pio\build\frdm_kl25z\modules/hal_nxp/libmodules__hal_nxp.a(fsl_lpsci.c.o)
                0x00000000000028ac                LPSCI_Init
 .text.LPSCI_ClearStatusFlags
                0x00000000000029e0       0x54 C:\Users\hsilv\OneDrive\Documentos\PlatformIO\Projects\uart\.pio\build\frdm_kl25z\modules/hal_nxp/libmodules__hal_nxp.a(fsl_lpsci.c.o)
                0x00000000000029e0                LPSCI_ClearStatusFlags
 .text.k_sys_fatal_error_handler
                0x0000000000002a34       0x20 C:\Users\hsilv\OneDrive\Documentos\PlatformIO\Projects\uart\.pio\build\frdm_kl25z\zephyr/kernel/libkernel.a(fatal.c.o)
                0x0000000000002a34                k_sys_fatal_error_handler
 .text.z_fatal_error
                0x0000000000002a54       0xf0 C:\Users\hsilv\OneDrive\Documentos\PlatformIO\Projects\uart\.pio\build\frdm_kl25z\zephyr/kernel/libkernel.a(fatal.c.o)
                0x0000000000002a54                z_fatal_error
 .text.z_sys_init_run_level
                0x0000000000002b44       0x34 C:\Users\hsilv\OneDrive\Documentos\PlatformIO\Projects\uart\.pio\build\frdm_kl25z\zephyr/kernel/libkernel.a(init.c.o)
 .text.bg_thread_main
                0x0000000000002b78       0xa8 C:\Users\hsilv\OneDrive\Documentos\PlatformIO\Projects\uart\.pio\build\frdm_kl25z\zephyr/kernel/libkernel.a(init.c.o)
 .text.z_bss_zero
                0x0000000000002c20       0x18 C:\Users\hsilv\OneDrive\Documentos\PlatformIO\Projects\uart\.pio\build\frdm_kl25z\zephyr/kernel/libkernel.a(init.c.o)
                0x0000000000002c20                z_bss_zero
 .text.z_init_cpu
                0x0000000000002c38       0x68 C:\Users\hsilv\OneDrive\Documentos\PlatformIO\Projects\uart\.pio\build\frdm_kl25z\zephyr/kernel/libkernel.a(init.c.o)
                0x0000000000002c38                z_init_cpu
 .text.z_cstart
                0x0000000000002ca0       0xbc C:\Users\hsilv\OneDrive\Documentos\PlatformIO\Projects\uart\.pio\build\frdm_kl25z\zephyr/kernel/libkernel.a(init.c.o)
                0x0000000000002ca0                z_cstart
 .text.z_impl_k_sem_give
                0x0000000000002d5c       0x64 C:\Users\hsilv\OneDrive\Documentos\PlatformIO\Projects\uart\.pio\build\frdm_kl25z\zephyr/kernel/libkernel.a(sem.c.o)
                0x0000000000002d5c                z_impl_k_sem_give
 .text.z_impl_k_sem_take
                0x0000000000002dc0       0x54 C:\Users\hsilv\OneDrive\Documentos\PlatformIO\Projects\uart\.pio\build\frdm_kl25z\zephyr/kernel/libkernel.a(sem.c.o)
                0x0000000000002dc0                z_impl_k_sem_take
 .text.z_setup_new_thread
                0x0000000000002e14       0x58 C:\Users\hsilv\OneDrive\Documentos\PlatformIO\Projects\uart\.pio\build\frdm_kl25z\zephyr/kernel/libkernel.a(thread.c.o)
                0x0000000000002e14                z_setup_new_thread
 .text.z_impl_k_thread_create
                0x0000000000002e6c       0x58 C:\Users\hsilv\OneDrive\Documentos\PlatformIO\Projects\uart\.pio\build\frdm_kl25z\zephyr/kernel/libkernel.a(thread.c.o)
                0x0000000000002e6c                z_impl_k_thread_create
 .text.z_dummy_thread_init
                0x0000000000002ec4       0x14 C:\Users\hsilv\OneDrive\Documentos\PlatformIO\Projects\uart\.pio\build\frdm_kl25z\zephyr/kernel/libkernel.a(thread.c.o)
                0x0000000000002ec4                z_dummy_thread_init
 .text.z_swap_irqlock
                0x0000000000002ed8       0x2c C:\Users\hsilv\OneDrive\Documentos\PlatformIO\Projects\uart\.pio\build\frdm_kl25z\zephyr/kernel/libkernel.a(sched.c.o)
 .text.unready_thread
                0x0000000000002f04       0x58 C:\Users\hsilv\OneDrive\Documentos\PlatformIO\Projects\uart\.pio\build\frdm_kl25z\zephyr/kernel/libkernel.a(sched.c.o)
 .text.add_thread_timeout
                0x0000000000002f5c       0x18 C:\Users\hsilv\OneDrive\Documentos\PlatformIO\Projects\uart\.pio\build\frdm_kl25z\zephyr/kernel/libkernel.a(sched.c.o)
 .text.ready_thread
                0x0000000000002f74       0x94 C:\Users\hsilv\OneDrive\Documentos\PlatformIO\Projects\uart\.pio\build\frdm_kl25z\zephyr/kernel/libkernel.a(sched.c.o)
 .text.move_thread_to_end_of_prio_q
                0x0000000000003008       0xa0 C:\Users\hsilv\OneDrive\Documentos\PlatformIO\Projects\uart\.pio\build\frdm_kl25z\zephyr/kernel/libkernel.a(sched.c.o)
                0x0000000000003008                move_thread_to_end_of_prio_q
 .text.z_pend_curr
                0x00000000000030a8       0x38 C:\Users\hsilv\OneDrive\Documentos\PlatformIO\Projects\uart\.pio\build\frdm_kl25z\zephyr/kernel/libkernel.a(sched.c.o)
                0x00000000000030a8                z_pend_curr
 .text.z_reschedule
                0x00000000000030e0       0x2c C:\Users\hsilv\OneDrive\Documentos\PlatformIO\Projects\uart\.pio\build\frdm_kl25z\zephyr/kernel/libkernel.a(sched.c.o)
                0x00000000000030e0                z_reschedule
 .text.z_reschedule_irqlock
                0x000000000000310c       0x2c C:\Users\hsilv\OneDrive\Documentos\PlatformIO\Projects\uart\.pio\build\frdm_kl25z\zephyr/kernel/libkernel.a(sched.c.o)
                0x000000000000310c                z_reschedule_irqlock
 .text.k_sched_lock
                0x0000000000003138       0x20 C:\Users\hsilv\OneDrive\Documentos\PlatformIO\Projects\uart\.pio\build\frdm_kl25z\zephyr/kernel/libkernel.a(sched.c.o)
                0x0000000000003138                k_sched_lock
 .text.k_sched_unlock
                0x0000000000003158       0x60 C:\Users\hsilv\OneDrive\Documentos\PlatformIO\Projects\uart\.pio\build\frdm_kl25z\zephyr/kernel/libkernel.a(sched.c.o)
                0x0000000000003158                k_sched_unlock
 .text.z_sched_init
                0x00000000000031b8       0x14 C:\Users\hsilv\OneDrive\Documentos\PlatformIO\Projects\uart\.pio\build\frdm_kl25z\zephyr/kernel/libkernel.a(sched.c.o)
                0x00000000000031b8                z_sched_init
 .text.z_impl_k_yield
                0x00000000000031cc       0x84 C:\Users\hsilv\OneDrive\Documentos\PlatformIO\Projects\uart\.pio\build\frdm_kl25z\zephyr/kernel/libkernel.a(sched.c.o)
                0x00000000000031cc                z_impl_k_yield
 .text.z_tick_sleep
                0x0000000000003250       0x74 C:\Users\hsilv\OneDrive\Documentos\PlatformIO\Projects\uart\.pio\build\frdm_kl25z\zephyr/kernel/libkernel.a(sched.c.o)
 .text.z_impl_k_sleep
                0x00000000000032c4       0x4c C:\Users\hsilv\OneDrive\Documentos\PlatformIO\Projects\uart\.pio\build\frdm_kl25z\zephyr/kernel/libkernel.a(sched.c.o)
                0x00000000000032c4                z_impl_k_sleep
 .text.z_impl_k_wakeup
                0x0000000000003310       0x40 C:\Users\hsilv\OneDrive\Documentos\PlatformIO\Projects\uart\.pio\build\frdm_kl25z\zephyr/kernel/libkernel.a(sched.c.o)
                0x0000000000003310                z_impl_k_wakeup
 .text.z_impl_k_sched_current_thread_query
                0x0000000000003350        0xc C:\Users\hsilv\OneDrive\Documentos\PlatformIO\Projects\uart\.pio\build\frdm_kl25z\zephyr/kernel/libkernel.a(sched.c.o)
                0x0000000000003350                z_impl_k_sched_current_thread_query
 .text.z_thread_abort
                0x000000000000335c      0x128 C:\Users\hsilv\OneDrive\Documentos\PlatformIO\Projects\uart\.pio\build\frdm_kl25z\zephyr/kernel/libkernel.a(sched.c.o)
                0x000000000000335c                z_thread_abort
 .text.slice_timeout
                0x0000000000003484       0x20 C:\Users\hsilv\OneDrive\Documentos\PlatformIO\Projects\uart\.pio\build\frdm_kl25z\zephyr/kernel/libkernel.a(timeslicing.c.o)
 .text.thread_is_sliceable
                0x00000000000034a4       0x40 C:\Users\hsilv\OneDrive\Documentos\PlatformIO\Projects\uart\.pio\build\frdm_kl25z\zephyr/kernel/libkernel.a(timeslicing.c.o)
                0x00000000000034a4                thread_is_sliceable
 .text.z_reset_time_slice
                0x00000000000034e4       0x4c C:\Users\hsilv\OneDrive\Documentos\PlatformIO\Projects\uart\.pio\build\frdm_kl25z\zephyr/kernel/libkernel.a(timeslicing.c.o)
                0x00000000000034e4                z_reset_time_slice
 .text.z_time_slice
                0x0000000000003530       0x58 C:\Users\hsilv\OneDrive\Documentos\PlatformIO\Projects\uart\.pio\build\frdm_kl25z\zephyr/kernel/libkernel.a(timeslicing.c.o)
                0x0000000000003530                z_time_slice
 .text.z_data_copy
                0x0000000000003588       0x34 C:\Users\hsilv\OneDrive\Documentos\PlatformIO\Projects\uart\.pio\build\frdm_kl25z\zephyr/kernel/libkernel.a(xip.c.o)
                0x0000000000003588                z_data_copy
 .text.first    0x00000000000035bc       0x10 C:\Users\hsilv\OneDrive\Documentos\PlatformIO\Projects\uart\.pio\build\frdm_kl25z\zephyr/kernel/libkernel.a(timeout.c.o)
 .text.next_timeout
                0x00000000000035cc       0x38 C:\Users\hsilv\OneDrive\Documentos\PlatformIO\Projects\uart\.pio\build\frdm_kl25z\zephyr/kernel/libkernel.a(timeout.c.o)
 .text.elapsed  0x0000000000003604       0x18 C:\Users\hsilv\OneDrive\Documentos\PlatformIO\Projects\uart\.pio\build\frdm_kl25z\zephyr/kernel/libkernel.a(timeout.c.o)
 .text.remove_timeout
                0x000000000000361c       0x38 C:\Users\hsilv\OneDrive\Documentos\PlatformIO\Projects\uart\.pio\build\frdm_kl25z\zephyr/kernel/libkernel.a(timeout.c.o)
 .text.z_add_timeout
                0x0000000000003654      0x120 C:\Users\hsilv\OneDrive\Documentos\PlatformIO\Projects\uart\.pio\build\frdm_kl25z\zephyr/kernel/libkernel.a(timeout.c.o)
                0x0000000000003654                z_add_timeout
 .text.sys_clock_announce
                0x0000000000003774       0xd0 C:\Users\hsilv\OneDrive\Documentos\PlatformIO\Projects\uart\.pio\build\frdm_kl25z\zephyr/kernel/libkernel.a(timeout.c.o)
                0x0000000000003774                sys_clock_announce
 .text.sys_clock_tick_get
                0x0000000000003844       0x30 C:\Users\hsilv\OneDrive\Documentos\PlatformIO\Projects\uart\.pio\build\frdm_kl25z\zephyr/kernel/libkernel.a(timeout.c.o)
                0x0000000000003844                sys_clock_tick_get
 .text.z_timer_expiration_handler
                0x0000000000003874      0x110 C:\Users\hsilv\OneDrive\Documentos\PlatformIO\Projects\uart\.pio\build\frdm_kl25z\zephyr/kernel/libkernel.a(timer.c.o)
                0x0000000000003874                z_timer_expiration_handler
 .text.z_impl_k_timer_start
                0x0000000000003984       0x68 C:\Users\hsilv\OneDrive\Documentos\PlatformIO\Projects\uart\.pio\build\frdm_kl25z\zephyr/kernel/libkernel.a(timer.c.o)
                0x0000000000003984                z_impl_k_timer_start
 .text.boot_banner
                0x00000000000039ec       0x10 C:\Users\hsilv\OneDrive\Documentos\PlatformIO\Projects\uart\.pio\build\frdm_kl25z\zephyr/kernel/libkernel.a(banner.c.o)
                0x00000000000039ec                boot_banner
 .text.snprintf
                0x00000000000039fc       0x54 C:\Users\hsilv\OneDrive\Documentos\PlatformIO\Projects\uart\.pio\build\frdm_kl25z\modules\picolibc\libc.a(snprintf.c.o)
                0x00000000000039fc                snprintf
 .text.vfprintf
                0x0000000000003a50      0x50c C:\Users\hsilv\OneDrive\Documentos\PlatformIO\Projects\uart\.pio\build\frdm_kl25z\modules\picolibc\libc.a(vflprintf.c.o)
                0x0000000000003a50                vfprintf
                0x0000000000003a50                __l_vfprintf
 .text.__muldi3
                0x0000000000003f5c       0x54 c:/users/hsilv/.platformio/packages/toolchain-gccarmnoneeabi/bin/../lib/gcc/arm-none-eabi/8.2.1/thumb/v6-m/nofp\libgcc.a(_muldi3.o)
                0x0000000000003f5c                __muldi3
                0x0000000000003f5c                __aeabi_lmul
 .text.__udivmoddi4
                0x0000000000003fb0      0x1a4 c:/users/hsilv/.platformio/packages/toolchain-gccarmnoneeabi/bin/../lib/gcc/arm-none-eabi/8.2.1/thumb/v6-m/nofp\libgcc.a(_udivmoddi4.o)
                0x0000000000003fb0                __udivmoddi4
 .text.gpio_pin_set_raw
                0x0000000000004154       0x1a .pio\build\frdm_kl25z\src\main.o
 .text.k_msleep
                0x000000000000416e       0x12 .pio\build\frdm_kl25z\src\main.o
 .text.chunk_size
                0x0000000000004180        0xa C:\Users\hsilv\OneDrive\Documentos\PlatformIO\Projects\uart\.pio\build\frdm_kl25z\zephyr/libzephyr.a(heap.c.o)
 .text.free_list_add
                0x000000000000418a       0x52 C:\Users\hsilv\OneDrive\Documentos\PlatformIO\Projects\uart\.pio\build\frdm_kl25z\zephyr/libzephyr.a(heap.c.o)
 .text.sys_heap_init
                0x00000000000041dc       0x64 C:\Users\hsilv\OneDrive\Documentos\PlatformIO\Projects\uart\.pio\build\frdm_kl25z\zephyr/libzephyr.a(heap.c.o)
                0x00000000000041dc                sys_heap_init
 .text.cbpprintf_external
                0x0000000000004240       0x6a C:\Users\hsilv\OneDrive\Documentos\PlatformIO\Projects\uart\.pio\build\frdm_kl25z\zephyr/libzephyr.a(cbprintf_packaged.c.o)
                0x0000000000004240                cbpprintf_external
 .text.is_ptr   0x00000000000042aa       0x40 C:\Users\hsilv\OneDrive\Documentos\PlatformIO\Projects\uart\.pio\build\frdm_kl25z\zephyr/libzephyr.a(cbprintf_packaged.c.o)
                0x00000000000042aa                is_ptr
 .text.arch_printk_char_out
                0x00000000000042ea        0x4 C:\Users\hsilv\OneDrive\Documentos\PlatformIO\Projects\uart\.pio\build\frdm_kl25z\zephyr/libzephyr.a(printk.c.o)
                0x00000000000042ea                arch_printk_char_out
 .text.printk   0x00000000000042ee       0x16 C:\Users\hsilv\OneDrive\Documentos\PlatformIO\Projects\uart\.pio\build\frdm_kl25z\zephyr/libzephyr.a(printk.c.o)
                0x00000000000042ee                printk
 .text.z_thread_entry
                0x0000000000004304       0x14 C:\Users\hsilv\OneDrive\Documentos\PlatformIO\Projects\uart\.pio\build\frdm_kl25z\zephyr/libzephyr.a(thread_entry.c.o)
                0x0000000000004304                z_thread_entry
 .text.idx_inc  0x0000000000004318       0x1a C:\Users\hsilv\OneDrive\Documentos\PlatformIO\Projects\uart\.pio\build\frdm_kl25z\zephyr/libzephyr.a(mpsc_pbuf.c.o)
 .text.rd_idx_inc
                0x0000000000004332       0x18 C:\Users\hsilv\OneDrive\Documentos\PlatformIO\Projects\uart\.pio\build\frdm_kl25z\zephyr/libzephyr.a(mpsc_pbuf.c.o)
 .text.add_skip_item
                0x000000000000434a       0x3a C:\Users\hsilv\OneDrive\Documentos\PlatformIO\Projects\uart\.pio\build\frdm_kl25z\zephyr/libzephyr.a(mpsc_pbuf.c.o)
 .text.post_drop_action
                0x0000000000004384       0x38 C:\Users\hsilv\OneDrive\Documentos\PlatformIO\Projects\uart\.pio\build\frdm_kl25z\zephyr/libzephyr.a(mpsc_pbuf.c.o)
 .text.free_space
                0x00000000000043bc       0x2a C:\Users\hsilv\OneDrive\Documentos\PlatformIO\Projects\uart\.pio\build\frdm_kl25z\zephyr/libzephyr.a(mpsc_pbuf.c.o)
 .text.get_usage
                0x00000000000043e6       0x22 C:\Users\hsilv\OneDrive\Documentos\PlatformIO\Projects\uart\.pio\build\frdm_kl25z\zephyr/libzephyr.a(mpsc_pbuf.c.o)
 .text.max_utilization_update
                0x0000000000004408       0x22 C:\Users\hsilv\OneDrive\Documentos\PlatformIO\Projects\uart\.pio\build\frdm_kl25z\zephyr/libzephyr.a(mpsc_pbuf.c.o)
 .text.drop_item_locked
                0x000000000000442a       0xe6 C:\Users\hsilv\OneDrive\Documentos\PlatformIO\Projects\uart\.pio\build\frdm_kl25z\zephyr/libzephyr.a(mpsc_pbuf.c.o)
 .text.mpsc_pbuf_init
                0x0000000000004510       0x46 C:\Users\hsilv\OneDrive\Documentos\PlatformIO\Projects\uart\.pio\build\frdm_kl25z\zephyr/libzephyr.a(mpsc_pbuf.c.o)
                0x0000000000004510                mpsc_pbuf_init
 .text.mpsc_pbuf_alloc
                0x0000000000004556       0xf4 C:\Users\hsilv\OneDrive\Documentos\PlatformIO\Projects\uart\.pio\build\frdm_kl25z\zephyr/libzephyr.a(mpsc_pbuf.c.o)
                0x0000000000004556                mpsc_pbuf_alloc
 .text.mpsc_pbuf_commit
                0x000000000000464a       0x38 C:\Users\hsilv\OneDrive\Documentos\PlatformIO\Projects\uart\.pio\build\frdm_kl25z\zephyr/libzephyr.a(mpsc_pbuf.c.o)
                0x000000000000464a                mpsc_pbuf_commit
 .text.mpsc_pbuf_claim
                0x0000000000004682       0x96 C:\Users\hsilv\OneDrive\Documentos\PlatformIO\Projects\uart\.pio\build\frdm_kl25z\zephyr/libzephyr.a(mpsc_pbuf.c.o)
                0x0000000000004682                mpsc_pbuf_claim
 .text.mpsc_pbuf_free
                0x0000000000004718       0x72 C:\Users\hsilv\OneDrive\Documentos\PlatformIO\Projects\uart\.pio\build\frdm_kl25z\zephyr/libzephyr.a(mpsc_pbuf.c.o)
                0x0000000000004718                mpsc_pbuf_free
 .text.mpsc_pbuf_is_pending
                0x000000000000478a       0x2e C:\Users\hsilv\OneDrive\Documentos\PlatformIO\Projects\uart\.pio\build\frdm_kl25z\zephyr/libzephyr.a(mpsc_pbuf.c.o)
                0x000000000000478a                mpsc_pbuf_is_pending
 .text._ConfigAbsSyms
                0x00000000000047b8        0x2 C:\Users\hsilv\OneDrive\Documentos\PlatformIO\Projects\uart\.pio\build\frdm_kl25z\zephyr/libzephyr.a(configs.c.o)
                0x00000000000047b8                _ConfigAbsSyms
 .text.soc_early_init_hook
                0x00000000000047ba        0x8 C:\Users\hsilv\OneDrive\Documentos\PlatformIO\Projects\uart\.pio\build\frdm_kl25z\zephyr/libzephyr.a(soc.c.o)
                0x00000000000047ba                soc_early_init_hook
 .text.soc_reset_hook
                0x00000000000047c2        0x8 C:\Users\hsilv\OneDrive\Documentos\PlatformIO\Projects\uart\.pio\build\frdm_kl25z\zephyr/libzephyr.a(soc.c.o)
                0x00000000000047c2                soc_reset_hook
 .text.log_msg_generic_get_wlen
                0x00000000000047ca       0x22 C:\Users\hsilv\OneDrive\Documentos\PlatformIO\Projects\uart\.pio\build\frdm_kl25z\zephyr/libzephyr.a(log_core.c.o)
 .text.dummy_timestamp
                0x00000000000047ec        0x4 C:\Users\hsilv\OneDrive\Documentos\PlatformIO\Projects\uart\.pio\build\frdm_kl25z\zephyr/libzephyr.a(log_core.c.o)
 .text.atomic_inc
                0x00000000000047f0        0xa C:\Users\hsilv\OneDrive\Documentos\PlatformIO\Projects\uart\.pio\build\frdm_kl25z\zephyr/libzephyr.a(log_core.c.o)
 .text.default_lf_get_timestamp
                0x00000000000047fa       0x10 C:\Users\hsilv\OneDrive\Documentos\PlatformIO\Projects\uart\.pio\build\frdm_kl25z\zephyr/libzephyr.a(log_core.c.o)
 .text.z_log_vprintk
                0x000000000000480a       0x1a C:\Users\hsilv\OneDrive\Documentos\PlatformIO\Projects\uart\.pio\build\frdm_kl25z\zephyr/libzephyr.a(log_core.c.o)
                0x000000000000480a                z_log_vprintk
 .text.z_log_notify_drop
                0x0000000000004824        0xa C:\Users\hsilv\OneDrive\Documentos\PlatformIO\Projects\uart\.pio\build\frdm_kl25z\zephyr/libzephyr.a(log_core.c.o)
 .text.z_log_get_tag
                0x000000000000482e        0x4 C:\Users\hsilv\OneDrive\Documentos\PlatformIO\Projects\uart\.pio\build\frdm_kl25z\zephyr/libzephyr.a(log_core.c.o)
                0x000000000000482e                z_log_get_tag
 .text.log_backend_enable
                0x0000000000004832       0x16 C:\Users\hsilv\OneDrive\Documentos\PlatformIO\Projects\uart\.pio\build\frdm_kl25z\zephyr/libzephyr.a(log_mgmt.c.o)
                0x0000000000004832                log_backend_enable
 .text.z_cbprintf_cpy
                0x0000000000004848       0x32 C:\Users\hsilv\OneDrive\Documentos\PlatformIO\Projects\uart\.pio\build\frdm_kl25z\zephyr/libzephyr.a(log_msg.c.o)
 .text.z_log_msg_finalize
                0x000000000000487a       0x32 C:\Users\hsilv\OneDrive\Documentos\PlatformIO\Projects\uart\.pio\build\frdm_kl25z\zephyr/libzephyr.a(log_msg.c.o)
                0x000000000000487a                z_log_msg_finalize
 .text.z_log_msg_simple_create
                0x00000000000048ac       0x58 C:\Users\hsilv\OneDrive\Documentos\PlatformIO\Projects\uart\.pio\build\frdm_kl25z\zephyr/libzephyr.a(log_msg.c.o)
 .text.z_impl_z_log_msg_simple_create_0
                0x0000000000004904        0xe C:\Users\hsilv\OneDrive\Documentos\PlatformIO\Projects\uart\.pio\build\frdm_kl25z\zephyr/libzephyr.a(log_msg.c.o)
                0x0000000000004904                z_impl_z_log_msg_simple_create_0
 .text.z_impl_z_log_msg_simple_create_1
                0x0000000000004912       0x10 C:\Users\hsilv\OneDrive\Documentos\PlatformIO\Projects\uart\.pio\build\frdm_kl25z\zephyr/libzephyr.a(log_msg.c.o)
                0x0000000000004912                z_impl_z_log_msg_simple_create_1
 .text.log_output_write
                0x0000000000004922       0x1e C:\Users\hsilv\OneDrive\Documentos\PlatformIO\Projects\uart\.pio\build\frdm_kl25z\zephyr/libzephyr.a(log_output.c.o)
 .text.log_output_flush
                0x0000000000004940       0x1a C:\Users\hsilv\OneDrive\Documentos\PlatformIO\Projects\uart\.pio\build\frdm_kl25z\zephyr/libzephyr.a(log_output.c.o)
 .text.out_func
                0x000000000000495a       0x26 C:\Users\hsilv\OneDrive\Documentos\PlatformIO\Projects\uart\.pio\build\frdm_kl25z\zephyr/libzephyr.a(log_output.c.o)
 .text.cr_out_func
                0x0000000000004980       0x1c C:\Users\hsilv\OneDrive\Documentos\PlatformIO\Projects\uart\.pio\build\frdm_kl25z\zephyr/libzephyr.a(log_output.c.o)
 .text.log_output_msg_process
                0x000000000000499c       0x66 C:\Users\hsilv\OneDrive\Documentos\PlatformIO\Projects\uart\.pio\build\frdm_kl25z\zephyr/libzephyr.a(log_output.c.o)
                0x000000000000499c                log_output_msg_process
 .text.format_set
                0x0000000000004a02        0xc C:\Users\hsilv\OneDrive\Documentos\PlatformIO\Projects\uart\.pio\build\frdm_kl25z\zephyr/libzephyr.a(log_backend_uart.c.o)
 .text.log_backend_uart_init
                0x0000000000004a0e        0xc C:\Users\hsilv\OneDrive\Documentos\PlatformIO\Projects\uart\.pio\build\frdm_kl25z\zephyr/libzephyr.a(log_backend_uart.c.o)
 .text.panic    0x0000000000004a1a       0x32 C:\Users\hsilv\OneDrive\Documentos\PlatformIO\Projects\uart\.pio\build\frdm_kl25z\zephyr/libzephyr.a(log_backend_uart.c.o)
 .text.dropped  0x0000000000004a4c        0xe C:\Users\hsilv\OneDrive\Documentos\PlatformIO\Projects\uart\.pio\build\frdm_kl25z\zephyr/libzephyr.a(log_backend_uart.c.o)
 .text.process  0x0000000000004a5a       0x1c C:\Users\hsilv\OneDrive\Documentos\PlatformIO\Projects\uart\.pio\build\frdm_kl25z\zephyr/libzephyr.a(log_backend_uart.c.o)
 .text.z_do_kernel_oops
                0x0000000000004a76        0xc C:\Users\hsilv\OneDrive\Documentos\PlatformIO\Projects\uart\.pio\build\frdm_kl25z\zephyr/arch/arch/arm/core/libarch__arm__core.a(fatal.c.o)
                0x0000000000004a76                z_do_kernel_oops
 .text.z_arm_nmi
                0x0000000000004a82        0xc C:\Users\hsilv\OneDrive\Documentos\PlatformIO\Projects\uart\.pio\build\frdm_kl25z\zephyr/arch/arch/arm/core/libarch__arm__core.a(nmi.c.o)
                0x0000000000004a82                z_arm_nmi
 .text.z_irq_spurious
                0x0000000000004a8e        0xc C:\Users\hsilv\OneDrive\Documentos\PlatformIO\Projects\uart\.pio\build\frdm_kl25z\zephyr/arch/arch/arm/core/cortex_m/libarch__arm__core__cortex_m.a(irq_manage.c.o)
                0x0000000000004a8e                z_irq_spurious
 .text.z_prep_c
                0x0000000000004a9a       0x16 C:\Users\hsilv\OneDrive\Documentos\PlatformIO\Projects\uart\.pio\build\frdm_kl25z\zephyr/arch/arch/arm/core/cortex_m/libarch__arm__core__cortex_m.a(prep_c.c.o)
                0x0000000000004a9a                z_prep_c
 .text.arch_irq_unlock_outlined
                0x0000000000004ab0        0xc C:\Users\hsilv\OneDrive\Documentos\PlatformIO\Projects\uart\.pio\build\frdm_kl25z\zephyr/arch/arch/arm/core/cortex_m/libarch__arm__core__cortex_m.a(thread.c.o)
                0x0000000000004ab0                arch_irq_unlock_outlined
 .text.arch_cpu_idle
                0x0000000000004abc        0xe C:\Users\hsilv\OneDrive\Documentos\PlatformIO\Projects\uart\.pio\build\frdm_kl25z\zephyr/arch/arch/arm/core/cortex_m/libarch__arm__core__cortex_m.a(cpu_idle.c.o)
                0x0000000000004abc                arch_cpu_idle
 .text.cbputc   0x0000000000004aca        0xc C:\Users\hsilv\OneDrive\Documentos\PlatformIO\Projects\uart\.pio\build\frdm_kl25z\zephyr/lib/libc/picolibc/liblib__libc__picolibc.a(cbprintf.c.o)
 .text.picolibc_put
                0x0000000000004ad6        0xa C:\Users\hsilv\OneDrive\Documentos\PlatformIO\Projects\uart\.pio\build\frdm_kl25z\zephyr/lib/libc/picolibc/liblib__libc__picolibc.a(stdio.c.o)
 .text.mcux_mcg_on
                0x0000000000004ae0        0x4 C:\Users\hsilv\OneDrive\Documentos\PlatformIO\Projects\uart\.pio\build\frdm_kl25z\zephyr/drivers/clock_control/libdrivers__clock_control.a(clock_control_mcux_mcg.c.o)
 .text.mcux_mcg_get_rate
                0x0000000000004ae4       0x24 C:\Users\hsilv\OneDrive\Documentos\PlatformIO\Projects\uart\.pio\build\frdm_kl25z\zephyr/drivers/clock_control/libdrivers__clock_control.a(clock_control_mcux_mcg.c.o)
 .text.mcux_mcg_off
                0x0000000000004b08        0x4 C:\Users\hsilv\OneDrive\Documentos\PlatformIO\Projects\uart\.pio\build\frdm_kl25z\zephyr/drivers/clock_control/libdrivers__clock_control.a(clock_control_mcux_mcg.c.o)
 .text.mcux_sim_init
                0x0000000000004b0c        0x4 C:\Users\hsilv\OneDrive\Documentos\PlatformIO\Projects\uart\.pio\build\frdm_kl25z\zephyr/drivers/clock_control/libdrivers__clock_control.a(clock_control_mcux_sim.c.o)
 .text.gpio_mcux_port_get_raw
                0x0000000000004b10        0xc C:\Users\hsilv\OneDrive\Documentos\PlatformIO\Projects\uart\.pio\build\frdm_kl25z\zephyr/drivers/gpio/libdrivers__gpio.a(gpio_mcux.c.o)
 .text.gpio_mcux_port_set_masked_raw
                0x0000000000004b1c       0x12 C:\Users\hsilv\OneDrive\Documentos\PlatformIO\Projects\uart\.pio\build\frdm_kl25z\zephyr/drivers/gpio/libdrivers__gpio.a(gpio_mcux.c.o)
 .text.gpio_mcux_port_set_bits_raw
                0x0000000000004b2e        0xa C:\Users\hsilv\OneDrive\Documentos\PlatformIO\Projects\uart\.pio\build\frdm_kl25z\zephyr/drivers/gpio/libdrivers__gpio.a(gpio_mcux.c.o)
 .text.gpio_mcux_port_clear_bits_raw
                0x0000000000004b38        0xa C:\Users\hsilv\OneDrive\Documentos\PlatformIO\Projects\uart\.pio\build\frdm_kl25z\zephyr/drivers/gpio/libdrivers__gpio.a(gpio_mcux.c.o)
 .text.gpio_mcux_port_toggle_bits
                0x0000000000004b42        0xa C:\Users\hsilv\OneDrive\Documentos\PlatformIO\Projects\uart\.pio\build\frdm_kl25z\zephyr/drivers/gpio/libdrivers__gpio.a(gpio_mcux.c.o)
 .text.gpio_mcux_manage_callback
                0x0000000000004b4c       0x5c C:\Users\hsilv\OneDrive\Documentos\PlatformIO\Projects\uart\.pio\build\frdm_kl25z\zephyr/drivers/gpio/libdrivers__gpio.a(gpio_mcux.c.o)
 .text.gpio_mcux_port_isr
                0x0000000000004ba8       0x30 C:\Users\hsilv\OneDrive\Documentos\PlatformIO\Projects\uart\.pio\build\frdm_kl25z\zephyr/drivers/gpio/libdrivers__gpio.a(gpio_mcux.c.o)
 .text.gpio_mcux_port1_init
                0x0000000000004bd8        0x4 C:\Users\hsilv\OneDrive\Documentos\PlatformIO\Projects\uart\.pio\build\frdm_kl25z\zephyr/drivers/gpio/libdrivers__gpio.a(gpio_mcux.c.o)
 .text.gpio_mcux_port0_init
                0x0000000000004bdc       0x16 C:\Users\hsilv\OneDrive\Documentos\PlatformIO\Projects\uart\.pio\build\frdm_kl25z\zephyr/drivers/gpio/libdrivers__gpio.a(gpio_mcux.c.o)
 .text.gpio_mcux_port2_init
                0x0000000000004bf2       0x16 C:\Users\hsilv\OneDrive\Documentos\PlatformIO\Projects\uart\.pio\build\frdm_kl25z\zephyr/drivers/gpio/libdrivers__gpio.a(gpio_mcux.c.o)
 .text.pinctrl_lookup_state
                0x0000000000004c08       0x28 C:\Users\hsilv\OneDrive\Documentos\PlatformIO\Projects\uart\.pio\build\frdm_kl25z\zephyr/drivers/pinctrl/libdrivers__pinctrl.a(common.c.o)
                0x0000000000004c08                pinctrl_lookup_state
 .text.mcux_lpsci_poll_out
                0x0000000000004c30       0x18 C:\Users\hsilv\OneDrive\Documentos\PlatformIO\Projects\uart\.pio\build\frdm_kl25z\zephyr/drivers/serial/libdrivers__serial.a(uart_mcux_lpsci.c.o)
 .text.mcux_lpsci_poll_in
                0x0000000000004c48       0x20 C:\Users\hsilv\OneDrive\Documentos\PlatformIO\Projects\uart\.pio\build\frdm_kl25z\zephyr/drivers/serial/libdrivers__serial.a(uart_mcux_lpsci.c.o)
 .text.mcux_lpsci_err_check
                0x0000000000004c68       0x2c C:\Users\hsilv\OneDrive\Documentos\PlatformIO\Projects\uart\.pio\build\frdm_kl25z\zephyr/drivers/serial/libdrivers__serial.a(uart_mcux_lpsci.c.o)
 .text.mcux_lpsci_init
                0x0000000000004c94       0x6e C:\Users\hsilv\OneDrive\Documentos\PlatformIO\Projects\uart\.pio\build\frdm_kl25z\zephyr/drivers/serial/libdrivers__serial.a(uart_mcux_lpsci.c.o)
 .text.LPSCI_GetDefaultConfig
                0x0000000000004d02       0x1c C:\Users\hsilv\OneDrive\Documentos\PlatformIO\Projects\uart\.pio\build\frdm_kl25z\modules/hal_nxp/libmodules__hal_nxp.a(fsl_lpsci.c.o)
                0x0000000000004d02                LPSCI_GetDefaultConfig
 .text.LPSCI_GetStatusFlags
                0x0000000000004d1e        0xa C:\Users\hsilv\OneDrive\Documentos\PlatformIO\Projects\uart\.pio\build\frdm_kl25z\modules/hal_nxp/libmodules__hal_nxp.a(fsl_lpsci.c.o)
                0x0000000000004d1e                LPSCI_GetStatusFlags
 .text._OffsetAbsSyms
                0x0000000000004d28        0x2 C:\Users\hsilv\OneDrive\Documentos\PlatformIO\Projects\uart\.pio\build\frdm_kl25z\zephyr\liboffsets.a(offsets.c.o)
                0x0000000000004d28                _OffsetAbsSyms
 .text.z_device_state_init
                0x0000000000004d2a        0x2 C:\Users\hsilv\OneDrive\Documentos\PlatformIO\Projects\uart\.pio\build\frdm_kl25z\zephyr/kernel/libkernel.a(device.c.o)
                0x0000000000004d2a                z_device_state_init
 .text.z_impl_device_is_ready
                0x0000000000004d2c       0x1a C:\Users\hsilv\OneDrive\Documentos\PlatformIO\Projects\uart\.pio\build\frdm_kl25z\zephyr/kernel/libkernel.a(device.c.o)
                0x0000000000004d2c                z_impl_device_is_ready
 .text.arch_system_halt
                0x0000000000004d46        0x8 C:\Users\hsilv\OneDrive\Documentos\PlatformIO\Projects\uart\.pio\build\frdm_kl25z\zephyr/kernel/libkernel.a(fatal.c.o)
                0x0000000000004d46                arch_system_halt
 .text.do_device_init
                0x0000000000004d4e       0x30 C:\Users\hsilv\OneDrive\Documentos\PlatformIO\Projects\uart\.pio\build\frdm_kl25z\zephyr/kernel/libkernel.a(init.c.o)
 .text.z_early_memset
                0x0000000000004d7e        0x8 C:\Users\hsilv\OneDrive\Documentos\PlatformIO\Projects\uart\.pio\build\frdm_kl25z\zephyr/kernel/libkernel.a(init.c.o)
                0x0000000000004d7e                z_early_memset
 .text.z_early_memcpy
                0x0000000000004d86        0x8 C:\Users\hsilv\OneDrive\Documentos\PlatformIO\Projects\uart\.pio\build\frdm_kl25z\zephyr/kernel/libkernel.a(init.c.o)
                0x0000000000004d86                z_early_memcpy
 .text.idle     0x0000000000004d8e        0xe C:\Users\hsilv\OneDrive\Documentos\PlatformIO\Projects\uart\.pio\build\frdm_kl25z\zephyr/kernel/libkernel.a(idle.c.o)
                0x0000000000004d8e                idle
 .text.z_impl_k_sem_init
                0x0000000000004d9c       0x1a C:\Users\hsilv\OneDrive\Documentos\PlatformIO\Projects\uart\.pio\build\frdm_kl25z\zephyr/kernel/libkernel.a(sem.c.o)
                0x0000000000004d9c                z_impl_k_sem_init
 .text.k_is_in_isr
                0x0000000000004db6        0xc C:\Users\hsilv\OneDrive\Documentos\PlatformIO\Projects\uart\.pio\build\frdm_kl25z\zephyr/kernel/libkernel.a(thread.c.o)
                0x0000000000004db6                k_is_in_isr
 .text.z_impl_k_thread_name_set
                0x0000000000004dc2        0x6 C:\Users\hsilv\OneDrive\Documentos\PlatformIO\Projects\uart\.pio\build\frdm_kl25z\zephyr/kernel/libkernel.a(thread.c.o)
                0x0000000000004dc2                z_impl_k_thread_name_set
 .text.k_thread_name_get
                0x0000000000004dc8        0x4 C:\Users\hsilv\OneDrive\Documentos\PlatformIO\Projects\uart\.pio\build\frdm_kl25z\zephyr/kernel/libkernel.a(thread.c.o)
                0x0000000000004dc8                k_thread_name_get
 .text.sys_dlist_remove
                0x0000000000004dcc       0x10 C:\Users\hsilv\OneDrive\Documentos\PlatformIO\Projects\uart\.pio\build\frdm_kl25z\zephyr/kernel/libkernel.a(sched.c.o)
 .text.unpend_thread_no_timeout
                0x0000000000004ddc       0x16 C:\Users\hsilv\OneDrive\Documentos\PlatformIO\Projects\uart\.pio\build\frdm_kl25z\zephyr/kernel/libkernel.a(sched.c.o)
 .text.add_to_waitq_locked
                0x0000000000004df2       0x58 C:\Users\hsilv\OneDrive\Documentos\PlatformIO\Projects\uart\.pio\build\frdm_kl25z\zephyr/kernel/libkernel.a(sched.c.o)
 .text.z_ready_thread
                0x0000000000004e4a       0x18 C:\Users\hsilv\OneDrive\Documentos\PlatformIO\Projects\uart\.pio\build\frdm_kl25z\zephyr/kernel/libkernel.a(sched.c.o)
                0x0000000000004e4a                z_ready_thread
 .text.z_unpend_thread_no_timeout
                0x0000000000004e62       0x1e C:\Users\hsilv\OneDrive\Documentos\PlatformIO\Projects\uart\.pio\build\frdm_kl25z\zephyr/kernel/libkernel.a(sched.c.o)
                0x0000000000004e62                z_unpend_thread_no_timeout
 .text.z_sched_wake_thread
                0x0000000000004e80       0x36 C:\Users\hsilv\OneDrive\Documentos\PlatformIO\Projects\uart\.pio\build\frdm_kl25z\zephyr/kernel/libkernel.a(sched.c.o)
                0x0000000000004e80                z_sched_wake_thread
 .text.z_thread_timeout
                0x0000000000004eb6        0xc C:\Users\hsilv\OneDrive\Documentos\PlatformIO\Projects\uart\.pio\build\frdm_kl25z\zephyr/kernel/libkernel.a(sched.c.o)
                0x0000000000004eb6                z_thread_timeout
 .text.z_unpend1_no_timeout
                0x0000000000004ec2       0x2a C:\Users\hsilv\OneDrive\Documentos\PlatformIO\Projects\uart\.pio\build\frdm_kl25z\zephyr/kernel/libkernel.a(sched.c.o)
                0x0000000000004ec2                z_unpend1_no_timeout
 .text.z_abort_timeout
                0x0000000000004eec       0x4e C:\Users\hsilv\OneDrive\Documentos\PlatformIO\Projects\uart\.pio\build\frdm_kl25z\zephyr/kernel/libkernel.a(timeout.c.o)
                0x0000000000004eec                z_abort_timeout
 .text.sys_clock_tick_get_32
                0x0000000000004f3a        0x8 C:\Users\hsilv\OneDrive\Documentos\PlatformIO\Projects\uart\.pio\build\frdm_kl25z\zephyr/kernel/libkernel.a(timeout.c.o)
                0x0000000000004f3a                sys_clock_tick_get_32
 .text.z_impl_k_uptime_ticks
                0x0000000000004f42        0x8 C:\Users\hsilv\OneDrive\Documentos\PlatformIO\Projects\uart\.pio\build\frdm_kl25z\zephyr/kernel/libkernel.a(timeout.c.o)
                0x0000000000004f42                z_impl_k_uptime_ticks
 .text.k_timer_init
                0x0000000000004f4a       0x18 C:\Users\hsilv\OneDrive\Documentos\PlatformIO\Projects\uart\.pio\build\frdm_kl25z\zephyr/kernel/libkernel.a(timer.c.o)
                0x0000000000004f4a                k_timer_init
 .text.z_impl_k_timer_stop
                0x0000000000004f62       0x32 C:\Users\hsilv\OneDrive\Documentos\PlatformIO\Projects\uart\.pio\build\frdm_kl25z\zephyr/kernel/libkernel.a(timer.c.o)
                0x0000000000004f62                z_impl_k_timer_stop
 .text.z_impl_atomic_add
                0x0000000000004f94       0x1a C:\Users\hsilv\OneDrive\Documentos\PlatformIO\Projects\uart\.pio\build\frdm_kl25z\zephyr/kernel/libkernel.a(atomic_c.c.o)
                0x0000000000004f94                z_impl_atomic_add
 .text.z_impl_atomic_sub
                0x0000000000004fae       0x1a C:\Users\hsilv\OneDrive\Documentos\PlatformIO\Projects\uart\.pio\build\frdm_kl25z\zephyr/kernel/libkernel.a(atomic_c.c.o)
                0x0000000000004fae                z_impl_atomic_sub
 .text.z_impl_atomic_set
                0x0000000000004fc8       0x18 C:\Users\hsilv\OneDrive\Documentos\PlatformIO\Projects\uart\.pio\build\frdm_kl25z\zephyr/kernel/libkernel.a(atomic_c.c.o)
                0x0000000000004fc8                z_impl_atomic_set
 .text.memcpy   0x0000000000004fe0       0x12 C:\Users\hsilv\OneDrive\Documentos\PlatformIO\Projects\uart\.pio\build\frdm_kl25z\modules\picolibc\libc.a(memcpy.c.o)
                0x0000000000004fe0                __aeabi_memcpy
                0x0000000000004fe0                __aeabi_memcpy4
                0x0000000000004fe0                __aeabi_memcpy8
                0x0000000000004fe0                memcpy
 .text.memset   0x0000000000004ff2       0x10 C:\Users\hsilv\OneDrive\Documentos\PlatformIO\Projects\uart\.pio\build\frdm_kl25z\modules\picolibc\libc.a(memset.c.o)
                0x0000000000004ff2                memset
 .text.strnlen  0x0000000000005002       0x16 C:\Users\hsilv\OneDrive\Documentos\PlatformIO\Projects\uart\.pio\build\frdm_kl25z\modules\picolibc\libc.a(strnlen.c.o)
                0x0000000000005002                strnlen
 .text.__ultoa_invert
                0x0000000000005018      0x120 C:\Users\hsilv\OneDrive\Documentos\PlatformIO\Projects\uart\.pio\build\frdm_kl25z\modules\picolibc\libc.a(vflprintf.c.o)
 .text.skip_to_arg
                0x0000000000005138      0x12e C:\Users\hsilv\OneDrive\Documentos\PlatformIO\Projects\uart\.pio\build\frdm_kl25z\modules\picolibc\libc.a(vflprintf.c.o)
 .text.__file_str_put
                0x0000000000005266       0x10 C:\Users\hsilv\OneDrive\Documentos\PlatformIO\Projects\uart\.pio\build\frdm_kl25z\modules\picolibc\libc.a(filestrput.c.o)
                0x0000000000005266                __file_str_put
 *(SORT_BY_ALIGNMENT(.TEXT.*))
 *(SORT_BY_ALIGNMENT(.gnu.linkonce.t.*))
 *(SORT_BY_ALIGNMENT(.glue_7t))
 .glue_7t       0x0000000000005276        0x0 linker stubs
 *(SORT_BY_ALIGNMENT(.glue_7))
 .glue_7        0x0000000000005276        0x0 linker stubs
 *(SORT_BY_ALIGNMENT(.vfp11_veneer))
 .vfp11_veneer  0x0000000000005276        0x0 linker stubs
 *(SORT_BY_ALIGNMENT(.v4_bx))
 .v4_bx         0x0000000000005276        0x0 linker stubs
                0x0000000000005278                . = ALIGN (0x4)
 *fill*         0x0000000000005276        0x2 
                0x0000000000005278                __text_region_end = .

.ARM.exidx      0x0000000000005278        0x8
                0x0000000000005278                __exidx_start = .
 *(SORT_BY_ALIGNMENT(.ARM.exidx*) SORT_BY_ALIGNMENT(gnu.linkonce.armexidx.*))
 .ARM.exidx.text.__udivmoddi4
                0x0000000000005278        0x8 c:/users/hsilv/.platformio/packages/toolchain-gccarmnoneeabi/bin/../lib/gcc/arm-none-eabi/8.2.1/thumb/v6-m/nofp\libgcc.a(_udivmoddi4.o)
                0x0000000000005280                __exidx_end = .
                0x0000000000005280                __rodata_region_start = .

initlevel       0x0000000000005280       0x78
                0x0000000000005280                __init_start = .
                0x0000000000005280                __init_EARLY_start = .
 *(SORT_BY_NAME(SORT_BY_ALIGNMENT(.z_init_EARLY_P_?_*)))
 *(SORT_BY_NAME(SORT_BY_ALIGNMENT(.z_init_EARLY_P_??_*)))
 *(SORT_BY_NAME(SORT_BY_ALIGNMENT(.z_init_EARLY_P_???_*)))
                0x0000000000005280                __init_PRE_KERNEL_1_start = .
 *(SORT_BY_NAME(SORT_BY_ALIGNMENT(.z_init_PRE_KERNEL_1_P_?_*)))
 *(SORT_BY_NAME(SORT_BY_ALIGNMENT(.z_init_PRE_KERNEL_1_P_??_*)))
 .z_init_PRE_KERNEL_1_P_30_SUB_00009_
                0x0000000000005280        0x8 C:\Users\hsilv\OneDrive\Documentos\PlatformIO\Projects\uart\.pio\build\frdm_kl25z\zephyr/drivers/clock_control/libdrivers__clock_control.a(clock_control_mcux_sim.c.o)
 .z_init_PRE_KERNEL_1_P_30_SUB_00043_
                0x0000000000005288        0x8 C:\Users\hsilv\OneDrive\Documentos\PlatformIO\Projects\uart\.pio\build\frdm_kl25z\zephyr/drivers/clock_control/libdrivers__clock_control.a(clock_control_mcux_mcg.c.o)
 .z_init_PRE_KERNEL_1_P_40_SUB_00010_
                0x0000000000005290        0x8 C:\Users\hsilv\OneDrive\Documentos\PlatformIO\Projects\uart\.pio\build\frdm_kl25z\zephyr/drivers/pinctrl/libdrivers__pinctrl.a(pinctrl_nxp_port.c.o)
 .z_init_PRE_KERNEL_1_P_40_SUB_00015_
                0x0000000000005298        0x8 C:\Users\hsilv\OneDrive\Documentos\PlatformIO\Projects\uart\.pio\build\frdm_kl25z\zephyr/drivers/pinctrl/libdrivers__pinctrl.a(pinctrl_nxp_port.c.o)
 .z_init_PRE_KERNEL_1_P_40_SUB_00017_
                0x00000000000052a0        0x8 C:\Users\hsilv\OneDrive\Documentos\PlatformIO\Projects\uart\.pio\build\frdm_kl25z\zephyr/drivers/pinctrl/libdrivers__pinctrl.a(pinctrl_nxp_port.c.o)
 .z_init_PRE_KERNEL_1_P_40_SUB_00031_
                0x00000000000052a8        0x8 C:\Users\hsilv\OneDrive\Documentos\PlatformIO\Projects\uart\.pio\build\frdm_kl25z\zephyr/drivers/pinctrl/libdrivers__pinctrl.a(pinctrl_nxp_port.c.o)
 .z_init_PRE_KERNEL_1_P_40_SUB_00033_
                0x00000000000052b0        0x8 C:\Users\hsilv\OneDrive\Documentos\PlatformIO\Projects\uart\.pio\build\frdm_kl25z\zephyr/drivers/pinctrl/libdrivers__pinctrl.a(pinctrl_nxp_port.c.o)
 .z_init_PRE_KERNEL_1_P_50_SUB_00037_
                0x00000000000052b8        0x8 C:\Users\hsilv\OneDrive\Documentos\PlatformIO\Projects\uart\.pio\build\frdm_kl25z\zephyr/drivers/serial/libdrivers__serial.a(uart_mcux_lpsci.c.o)
 .z_init_PRE_KERNEL_1_P_60_SUB_0_
                0x00000000000052c0        0x8 C:\Users\hsilv\OneDrive\Documentos\PlatformIO\Projects\uart\.pio\build\frdm_kl25z\zephyr/drivers/console/libdrivers__console.a(uart_console.c.o)
 *(SORT_BY_NAME(SORT_BY_ALIGNMENT(.z_init_PRE_KERNEL_1_P_???_*)))
                0x00000000000052c8                __init_PRE_KERNEL_2_start = .
 *(SORT_BY_NAME(SORT_BY_ALIGNMENT(.z_init_PRE_KERNEL_2_P_?_*)))
 .z_init_PRE_KERNEL_2_P_0_SUB_0_
                0x00000000000052c8        0x8 C:\Users\hsilv\OneDrive\Documentos\PlatformIO\Projects\uart\.pio\build\frdm_kl25z\zephyr/drivers/timer/libdrivers__timer.a(cortex_m_systick.c.o)
 *(SORT_BY_NAME(SORT_BY_ALIGNMENT(.z_init_PRE_KERNEL_2_P_??_*)))
 *(SORT_BY_NAME(SORT_BY_ALIGNMENT(.z_init_PRE_KERNEL_2_P_???_*)))
                0x00000000000052d0                __init_POST_KERNEL_start = .
 *(SORT_BY_NAME(SORT_BY_ALIGNMENT(.z_init_POST_KERNEL_P_?_*)))
 .z_init_POST_KERNEL_P_0_SUB_0_
                0x00000000000052d0        0x8 C:\Users\hsilv\OneDrive\Documentos\PlatformIO\Projects\uart\.pio\build\frdm_kl25z\zephyr/libzephyr.a(log_core.c.o)
 *(SORT_BY_NAME(SORT_BY_ALIGNMENT(.z_init_POST_KERNEL_P_??_*)))
 .z_init_POST_KERNEL_P_35_SUB_0_
                0x00000000000052d8        0x8 C:\Users\hsilv\OneDrive\Documentos\PlatformIO\Projects\uart\.pio\build\frdm_kl25z\zephyr/lib/libc/common/liblib__libc__common.a(malloc.c.o)
 .z_init_POST_KERNEL_P_40_SUB_00011_
                0x00000000000052e0        0x8 C:\Users\hsilv\OneDrive\Documentos\PlatformIO\Projects\uart\.pio\build\frdm_kl25z\zephyr/drivers/gpio/libdrivers__gpio.a(gpio_mcux.c.o)
 .z_init_POST_KERNEL_P_40_SUB_00016_
                0x00000000000052e8        0x8 C:\Users\hsilv\OneDrive\Documentos\PlatformIO\Projects\uart\.pio\build\frdm_kl25z\zephyr/drivers/gpio/libdrivers__gpio.a(gpio_mcux.c.o)
 .z_init_POST_KERNEL_P_40_SUB_00018_
                0x00000000000052f0        0x8 C:\Users\hsilv\OneDrive\Documentos\PlatformIO\Projects\uart\.pio\build\frdm_kl25z\zephyr/drivers/gpio/libdrivers__gpio.a(gpio_mcux.c.o)
 *(SORT_BY_NAME(SORT_BY_ALIGNMENT(.z_init_POST_KERNEL_P_???_*)))
                0x00000000000052f8                __init_APPLICATION_start = .
 *(SORT_BY_NAME(SORT_BY_ALIGNMENT(.z_init_APPLICATION_P_?_*)))
 *(SORT_BY_NAME(SORT_BY_ALIGNMENT(.z_init_APPLICATION_P_??_*)))
 *(SORT_BY_NAME(SORT_BY_ALIGNMENT(.z_init_APPLICATION_P_???_*)))
                0x00000000000052f8                __init_SMP_start = .
 *(SORT_BY_NAME(SORT_BY_ALIGNMENT(.z_init_SMP_P_?_*)))
 *(SORT_BY_NAME(SORT_BY_ALIGNMENT(.z_init_SMP_P_??_*)))
 *(SORT_BY_NAME(SORT_BY_ALIGNMENT(.z_init_SMP_P_???_*)))
                0x00000000000052f8                __init_end = .

device_area     0x00000000000052f8      0x160
                0x00000000000052f8                _device_list_start = .
 *(SORT_BY_NAME(SORT_BY_ALIGNMENT(._device.static.*_?_*)))
 *(SORT_BY_NAME(SORT_BY_ALIGNMENT(._device.static.*_??_*)))
 ._device.static.1_30_
                0x00000000000052f8       0x20 C:\Users\hsilv\OneDrive\Documentos\PlatformIO\Projects\uart\.pio\build\frdm_kl25z\zephyr/drivers/clock_control/libdrivers__clock_control.a(clock_control_mcux_mcg.c.o)
                0x00000000000052f8                __device_dts_ord_43
 ._device.static.1_30_
                0x0000000000005318       0x20 C:\Users\hsilv\OneDrive\Documentos\PlatformIO\Projects\uart\.pio\build\frdm_kl25z\zephyr/drivers/clock_control/libdrivers__clock_control.a(clock_control_mcux_sim.c.o)
                0x0000000000005318                __device_dts_ord_9
 ._device.static.1_40_
                0x0000000000005338       0xa0 C:\Users\hsilv\OneDrive\Documentos\PlatformIO\Projects\uart\.pio\build\frdm_kl25z\zephyr/drivers/pinctrl/libdrivers__pinctrl.a(pinctrl_nxp_port.c.o)
                0x0000000000005338                __device_dts_ord_33
                0x0000000000005358                __device_dts_ord_17
                0x0000000000005378                __device_dts_ord_31
                0x0000000000005398                __device_dts_ord_15
                0x00000000000053b8                __device_dts_ord_10
 ._device.static.1_50_
                0x00000000000053d8       0x20 C:\Users\hsilv\OneDrive\Documentos\PlatformIO\Projects\uart\.pio\build\frdm_kl25z\zephyr/drivers/serial/libdrivers__serial.a(uart_mcux_lpsci.c.o)
                0x00000000000053d8                __device_dts_ord_37
 ._device.static.3_40_
                0x00000000000053f8       0x60 C:\Users\hsilv\OneDrive\Documentos\PlatformIO\Projects\uart\.pio\build\frdm_kl25z\zephyr/drivers/gpio/libdrivers__gpio.a(gpio_mcux.c.o)
                0x00000000000053f8                __device_dts_ord_18
                0x0000000000005418                __device_dts_ord_16
                0x0000000000005438                __device_dts_ord_11
 *(SORT_BY_NAME(SORT_BY_ALIGNMENT(._device.static.*_???_*)))
 *(SORT_BY_NAME(SORT_BY_ALIGNMENT(._device.static.*_????_*)))
 *(SORT_BY_NAME(SORT_BY_ALIGNMENT(._device.static.*_?????_*)))
                0x0000000000005458                _device_list_end = .

sw_isr_table    0x0000000000005458      0x100
                0x0000000000005458                . = ALIGN (0x4)
 *(SORT_BY_ALIGNMENT(.gnu.linkonce.sw_isr_table*))
 .gnu.linkonce.sw_isr_table
                0x0000000000005458      0x100 .pio\build\frdm_kl25z\zephyr_final\zephyr\isr_tables.c.o
                0x0000000000005458                _sw_isr_table

initlevel_error
                0x0000000000005280        0x0
 *(SORT_BY_NAME(SORT_BY_ALIGNMENT(.z_init_*)))
                0x0000000000000001                ASSERT ((SIZEOF (initlevel_error) == 0x0), Undefined initialization levels used.)

app_shmem_regions
                0x0000000000005558        0x0
                0x0000000000005558                __app_shmem_regions_start = .
 *(SORT_BY_NAME(SORT_BY_ALIGNMENT(.app_regions.*)))
                0x0000000000005558                __app_shmem_regions_end = .

k_p4wq_initparam_area
                0x0000000000005558        0x0
                0x0000000000005558                _k_p4wq_initparam_list_start = .
 *(SORT_BY_NAME(SORT_BY_ALIGNMENT(._k_p4wq_initparam.static.*)))
                0x0000000000005558                _k_p4wq_initparam_list_end = .

_static_thread_data_area
                0x0000000000005558        0x0
                0x0000000000005558                __static_thread_data_list_start = .
 *(SORT_BY_NAME(SORT_BY_ALIGNMENT(.__static_thread_data.static.*)))
                0x0000000000005558                __static_thread_data_list_end = .

device_deps     0x0000000000005558        0x0
                0x0000000000005558                __device_deps_start = .
 *(SORT_BY_NAME(SORT_BY_ALIGNMENT(.__device_deps_pass2*)))
                0x0000000000005558                __device_deps_end = .

gpio_driver_api_area
                0x0000000000005558       0x24
                0x0000000000005558                _gpio_driver_api_list_start = .
 *(SORT_BY_NAME(SORT_BY_ALIGNMENT(._gpio_driver_api.static.*)))
 ._gpio_driver_api.static.gpio_mcux_driver_api_
                0x0000000000005558       0x24 C:\Users\hsilv\OneDrive\Documentos\PlatformIO\Projects\uart\.pio\build\frdm_kl25z\zephyr/drivers/gpio/libdrivers__gpio.a(gpio_mcux.c.o)
                0x000000000000557c                _gpio_driver_api_list_end = .

shared_irq_driver_api_area
                0x000000000000557c        0x0
                0x000000000000557c                _shared_irq_driver_api_list_start = .
 *(SORT_BY_NAME(SORT_BY_ALIGNMENT(._shared_irq_driver_api.static.*)))
                0x000000000000557c                _shared_irq_driver_api_list_end = .

crypto_driver_api_area
                0x000000000000557c        0x0
                0x000000000000557c                _crypto_driver_api_list_start = .
 *(SORT_BY_NAME(SORT_BY_ALIGNMENT(._crypto_driver_api.static.*)))
                0x000000000000557c                _crypto_driver_api_list_end = .

adc_driver_api_area
                0x000000000000557c        0x0
                0x000000000000557c                _adc_driver_api_list_start = .
 *(SORT_BY_NAME(SORT_BY_ALIGNMENT(._adc_driver_api.static.*)))
                0x000000000000557c                _adc_driver_api_list_end = .

auxdisplay_driver_api_area
                0x000000000000557c        0x0
                0x000000000000557c                _auxdisplay_driver_api_list_start = .
 *(SORT_BY_NAME(SORT_BY_ALIGNMENT(._auxdisplay_driver_api.static.*)))
                0x000000000000557c                _auxdisplay_driver_api_list_end = .

bbram_driver_api_area
                0x000000000000557c        0x0
                0x000000000000557c                _bbram_driver_api_list_start = .
 *(SORT_BY_NAME(SORT_BY_ALIGNMENT(._bbram_driver_api.static.*)))
                0x000000000000557c                _bbram_driver_api_list_end = .

bt_hci_driver_api_area
                0x000000000000557c        0x0
                0x000000000000557c                _bt_hci_driver_api_list_start = .
 *(SORT_BY_NAME(SORT_BY_ALIGNMENT(._bt_hci_driver_api.static.*)))
                0x000000000000557c                _bt_hci_driver_api_list_end = .

can_driver_api_area
                0x000000000000557c        0x0
                0x000000000000557c                _can_driver_api_list_start = .
 *(SORT_BY_NAME(SORT_BY_ALIGNMENT(._can_driver_api.static.*)))
                0x000000000000557c                _can_driver_api_list_end = .

cellular_driver_api_area
                0x000000000000557c        0x0
                0x000000000000557c                _cellular_driver_api_list_start = .
 *(SORT_BY_NAME(SORT_BY_ALIGNMENT(._cellular_driver_api.static.*)))
                0x000000000000557c                _cellular_driver_api_list_end = .

charger_driver_api_area
                0x000000000000557c        0x0
                0x000000000000557c                _charger_driver_api_list_start = .
 *(SORT_BY_NAME(SORT_BY_ALIGNMENT(._charger_driver_api.static.*)))
                0x000000000000557c                _charger_driver_api_list_end = .

clock_control_driver_api_area
                0x000000000000557c       0x38
                0x000000000000557c                _clock_control_driver_api_list_start = .
 *(SORT_BY_NAME(SORT_BY_ALIGNMENT(._clock_control_driver_api.static.*)))
 ._clock_control_driver_api.static.mcux_mcg_driver_api_
                0x000000000000557c       0x1c C:\Users\hsilv\OneDrive\Documentos\PlatformIO\Projects\uart\.pio\build\frdm_kl25z\zephyr/drivers/clock_control/libdrivers__clock_control.a(clock_control_mcux_mcg.c.o)
 ._clock_control_driver_api.static.mcux_sim_driver_api_
                0x0000000000005598       0x1c C:\Users\hsilv\OneDrive\Documentos\PlatformIO\Projects\uart\.pio\build\frdm_kl25z\zephyr/drivers/clock_control/libdrivers__clock_control.a(clock_control_mcux_sim.c.o)
                0x00000000000055b4                _clock_control_driver_api_list_end = .

comparator_driver_api_area
                0x00000000000055b4        0x0
                0x00000000000055b4                _comparator_driver_api_list_start = .
 *(SORT_BY_NAME(SORT_BY_ALIGNMENT(._comparator_driver_api.static.*)))
                0x00000000000055b4                _comparator_driver_api_list_end = .

coredump_driver_api_area
                0x00000000000055b4        0x0
                0x00000000000055b4                _coredump_driver_api_list_start = .
 *(SORT_BY_NAME(SORT_BY_ALIGNMENT(._coredump_driver_api.static.*)))
                0x00000000000055b4                _coredump_driver_api_list_end = .

counter_driver_api_area
                0x00000000000055b4        0x0
                0x00000000000055b4                _counter_driver_api_list_start = .
 *(SORT_BY_NAME(SORT_BY_ALIGNMENT(._counter_driver_api.static.*)))
                0x00000000000055b4                _counter_driver_api_list_end = .

dac_driver_api_area
                0x00000000000055b4        0x0
                0x00000000000055b4                _dac_driver_api_list_start = .
 *(SORT_BY_NAME(SORT_BY_ALIGNMENT(._dac_driver_api.static.*)))
                0x00000000000055b4                _dac_driver_api_list_end = .

dai_driver_api_area
                0x00000000000055b4        0x0
                0x00000000000055b4                _dai_driver_api_list_start = .
 *(SORT_BY_NAME(SORT_BY_ALIGNMENT(._dai_driver_api.static.*)))
                0x00000000000055b4                _dai_driver_api_list_end = .

display_driver_api_area
                0x00000000000055b4        0x0
                0x00000000000055b4                _display_driver_api_list_start = .
 *(SORT_BY_NAME(SORT_BY_ALIGNMENT(._display_driver_api.static.*)))
                0x00000000000055b4                _display_driver_api_list_end = .

dma_driver_api_area
                0x00000000000055b4        0x0
                0x00000000000055b4                _dma_driver_api_list_start = .
 *(SORT_BY_NAME(SORT_BY_ALIGNMENT(._dma_driver_api.static.*)))
                0x00000000000055b4                _dma_driver_api_list_end = .

edac_driver_api_area
                0x00000000000055b4        0x0
                0x00000000000055b4                _edac_driver_api_list_start = .
 *(SORT_BY_NAME(SORT_BY_ALIGNMENT(._edac_driver_api.static.*)))
                0x00000000000055b4                _edac_driver_api_list_end = .

eeprom_driver_api_area
                0x00000000000055b4        0x0
                0x00000000000055b4                _eeprom_driver_api_list_start = .
 *(SORT_BY_NAME(SORT_BY_ALIGNMENT(._eeprom_driver_api.static.*)))
                0x00000000000055b4                _eeprom_driver_api_list_end = .

emul_bbram_driver_api_area
                0x00000000000055b4        0x0
                0x00000000000055b4                _emul_bbram_driver_api_list_start = .
 *(SORT_BY_NAME(SORT_BY_ALIGNMENT(._emul_bbram_driver_api.static.*)))
                0x00000000000055b4                _emul_bbram_driver_api_list_end = .

fuel_gauge_emul_driver_api_area
                0x00000000000055b4        0x0
                0x00000000000055b4                _fuel_gauge_emul_driver_api_list_start = .
 *(SORT_BY_NAME(SORT_BY_ALIGNMENT(._fuel_gauge_emul_driver_api.static.*)))
                0x00000000000055b4                _fuel_gauge_emul_driver_api_list_end = .

emul_sensor_driver_api_area
                0x00000000000055b4        0x0
                0x00000000000055b4                _emul_sensor_driver_api_list_start = .
 *(SORT_BY_NAME(SORT_BY_ALIGNMENT(._emul_sensor_driver_api.static.*)))
                0x00000000000055b4                _emul_sensor_driver_api_list_end = .

entropy_driver_api_area
                0x00000000000055b4        0x0
                0x00000000000055b4                _entropy_driver_api_list_start = .
 *(SORT_BY_NAME(SORT_BY_ALIGNMENT(._entropy_driver_api.static.*)))
                0x00000000000055b4                _entropy_driver_api_list_end = .

espi_driver_api_area
                0x00000000000055b4        0x0
                0x00000000000055b4                _espi_driver_api_list_start = .
 *(SORT_BY_NAME(SORT_BY_ALIGNMENT(._espi_driver_api.static.*)))
                0x00000000000055b4                _espi_driver_api_list_end = .

espi_saf_driver_api_area
                0x00000000000055b4        0x0
                0x00000000000055b4                _espi_saf_driver_api_list_start = .
 *(SORT_BY_NAME(SORT_BY_ALIGNMENT(._espi_saf_driver_api.static.*)))
                0x00000000000055b4                _espi_saf_driver_api_list_end = .

flash_driver_api_area
                0x00000000000055b4        0x0
                0x00000000000055b4                _flash_driver_api_list_start = .
 *(SORT_BY_NAME(SORT_BY_ALIGNMENT(._flash_driver_api.static.*)))
                0x00000000000055b4                _flash_driver_api_list_end = .

fpga_driver_api_area
                0x00000000000055b4        0x0
                0x00000000000055b4                _fpga_driver_api_list_start = .
 *(SORT_BY_NAME(SORT_BY_ALIGNMENT(._fpga_driver_api.static.*)))
                0x00000000000055b4                _fpga_driver_api_list_end = .

fuel_gauge_driver_api_area
                0x00000000000055b4        0x0
                0x00000000000055b4                _fuel_gauge_driver_api_list_start = .
 *(SORT_BY_NAME(SORT_BY_ALIGNMENT(._fuel_gauge_driver_api.static.*)))
                0x00000000000055b4                _fuel_gauge_driver_api_list_end = .

gnss_driver_api_area
                0x00000000000055b4        0x0
                0x00000000000055b4                _gnss_driver_api_list_start = .
 *(SORT_BY_NAME(SORT_BY_ALIGNMENT(._gnss_driver_api.static.*)))
                0x00000000000055b4                _gnss_driver_api_list_end = .

haptics_driver_api_area
                0x00000000000055b4        0x0
                0x00000000000055b4                _haptics_driver_api_list_start = .
 *(SORT_BY_NAME(SORT_BY_ALIGNMENT(._haptics_driver_api.static.*)))
                0x00000000000055b4                _haptics_driver_api_list_end = .

hwspinlock_driver_api_area
                0x00000000000055b4        0x0
                0x00000000000055b4                _hwspinlock_driver_api_list_start = .
 *(SORT_BY_NAME(SORT_BY_ALIGNMENT(._hwspinlock_driver_api.static.*)))
                0x00000000000055b4                _hwspinlock_driver_api_list_end = .

i2c_driver_api_area
                0x00000000000055b4        0x0
                0x00000000000055b4                _i2c_driver_api_list_start = .
 *(SORT_BY_NAME(SORT_BY_ALIGNMENT(._i2c_driver_api.static.*)))
                0x00000000000055b4                _i2c_driver_api_list_end = .

i2c_target_driver_api_area
                0x00000000000055b4        0x0
                0x00000000000055b4                _i2c_target_driver_api_list_start = .
 *(SORT_BY_NAME(SORT_BY_ALIGNMENT(._i2c_target_driver_api.static.*)))
                0x00000000000055b4                _i2c_target_driver_api_list_end = .

i2s_driver_api_area
                0x00000000000055b4        0x0
                0x00000000000055b4                _i2s_driver_api_list_start = .
 *(SORT_BY_NAME(SORT_BY_ALIGNMENT(._i2s_driver_api.static.*)))
                0x00000000000055b4                _i2s_driver_api_list_end = .

i3c_driver_api_area
                0x00000000000055b4        0x0
                0x00000000000055b4                _i3c_driver_api_list_start = .
 *(SORT_BY_NAME(SORT_BY_ALIGNMENT(._i3c_driver_api.static.*)))
                0x00000000000055b4                _i3c_driver_api_list_end = .

ipm_driver_api_area
                0x00000000000055b4        0x0
                0x00000000000055b4                _ipm_driver_api_list_start = .
 *(SORT_BY_NAME(SORT_BY_ALIGNMENT(._ipm_driver_api.static.*)))
                0x00000000000055b4                _ipm_driver_api_list_end = .

led_driver_api_area
                0x00000000000055b4        0x0
                0x00000000000055b4                _led_driver_api_list_start = .
 *(SORT_BY_NAME(SORT_BY_ALIGNMENT(._led_driver_api.static.*)))
                0x00000000000055b4                _led_driver_api_list_end = .

led_strip_driver_api_area
                0x00000000000055b4        0x0
                0x00000000000055b4                _led_strip_driver_api_list_start = .
 *(SORT_BY_NAME(SORT_BY_ALIGNMENT(._led_strip_driver_api.static.*)))
                0x00000000000055b4                _led_strip_driver_api_list_end = .

lora_driver_api_area
                0x00000000000055b4        0x0
                0x00000000000055b4                _lora_driver_api_list_start = .
 *(SORT_BY_NAME(SORT_BY_ALIGNMENT(._lora_driver_api.static.*)))
                0x00000000000055b4                _lora_driver_api_list_end = .

mbox_driver_api_area
                0x00000000000055b4        0x0
                0x00000000000055b4                _mbox_driver_api_list_start = .
 *(SORT_BY_NAME(SORT_BY_ALIGNMENT(._mbox_driver_api.static.*)))
                0x00000000000055b4                _mbox_driver_api_list_end = .

mdio_driver_api_area
                0x00000000000055b4        0x0
                0x00000000000055b4                _mdio_driver_api_list_start = .
 *(SORT_BY_NAME(SORT_BY_ALIGNMENT(._mdio_driver_api.static.*)))
                0x00000000000055b4                _mdio_driver_api_list_end = .

mipi_dbi_driver_api_area
                0x00000000000055b4        0x0
                0x00000000000055b4                _mipi_dbi_driver_api_list_start = .
 *(SORT_BY_NAME(SORT_BY_ALIGNMENT(._mipi_dbi_driver_api.static.*)))
                0x00000000000055b4                _mipi_dbi_driver_api_list_end = .

mipi_dsi_driver_api_area
                0x00000000000055b4        0x0
                0x00000000000055b4                _mipi_dsi_driver_api_list_start = .